Component: Arm Compiler for Embedded 6.18 Tool: armlink [5e4cc100]

==============================================================================

Section Cross References

    blinky.o(.text.Switch_On) refers to printf1.o(i.__0printf$1) for __2printf
    blinky.o(.ARM.exidx.text.Switch_On) refers to blinky.o(.text.Switch_On) for [Anonymous Symbol]
    blinky.o(.text.Switch_Off) refers to printf1.o(i.__0printf$1) for __2printf
    blinky.o(.ARM.exidx.text.Switch_Off) refers to blinky.o(.text.Switch_Off) for [Anonymous Symbol]
    blinky.o(.text.signal_func) refers to rtx_thread.o(.text.osThreadFlagsSet) for osThreadFlagsSet
    blinky.o(.ARM.exidx.text.signal_func) refers to blinky.o(.text.signal_func) for [Anonymous Symbol]
    blinky.o(.text.phaseA) refers to blinky.o(.text.OUTLINED_FUNCTION_0) for OUTLINED_FUNCTION_0
    blinky.o(.text.phaseA) refers to rtx_delay.o(.text.osDelay) for osDelay
    blinky.o(.text.phaseA) refers to blinky.o(.text.signal_func) for signal_func
    blinky.o(.text.phaseA) refers to blinky.o(.bss..L_MergedGlobals) for [Anonymous Symbol]
    blinky.o(.ARM.exidx.text.phaseA) refers to blinky.o(.text.phaseA) for [Anonymous Symbol]
    blinky.o(.text.phaseB) refers to blinky.o(.text.OUTLINED_FUNCTION_0) for OUTLINED_FUNCTION_0
    blinky.o(.text.phaseB) refers to rtx_delay.o(.text.osDelay) for osDelay
    blinky.o(.text.phaseB) refers to blinky.o(.text.signal_func) for signal_func
    blinky.o(.text.phaseB) refers to blinky.o(.bss..L_MergedGlobals) for [Anonymous Symbol]
    blinky.o(.ARM.exidx.text.phaseB) refers to blinky.o(.text.phaseB) for [Anonymous Symbol]
    blinky.o(.text.clock) refers to blinky.o(.text.OUTLINED_FUNCTION_0) for OUTLINED_FUNCTION_0
    blinky.o(.text.clock) refers to rtx_delay.o(.text.osDelay) for osDelay
    blinky.o(.ARM.exidx.text.clock) refers to blinky.o(.text.clock) for [Anonymous Symbol]
    blinky.o(.text.app_main) refers to rtx_thread.o(.text.osThreadNew) for osThreadNew
    blinky.o(.text.app_main) refers to rtx_thread.o(.text.osThreadFlagsSet) for osThreadFlagsSet
    blinky.o(.text.app_main) refers to rtx_delay.o(.text.osDelay) for osDelay
    blinky.o(.text.app_main) refers to blinky.o(.text.phaseA) for phaseA
    blinky.o(.text.app_main) refers to blinky.o(.bss..L_MergedGlobals) for [Anonymous Symbol]
    blinky.o(.text.app_main) refers to blinky.o(.text.phaseB) for phaseB
    blinky.o(.ARM.exidx.text.app_main) refers to blinky.o(.text.app_main) for [Anonymous Symbol]
    blinky.o(.text.main) refers to system_armcm4.o(.text.SystemCoreClockUpdate) for SystemCoreClockUpdate
    blinky.o(.text.main) refers to rtx_kernel.o(.text.osKernelInitialize) for osKernelInitialize
    blinky.o(.text.main) refers to rtx_thread.o(.text.osThreadNew) for osThreadNew
    blinky.o(.text.main) refers to rtx_kernel.o(.text.osKernelGetState) for osKernelGetState
    blinky.o(.text.main) refers to rtx_kernel.o(.text.osKernelStart) for osKernelStart
    blinky.o(.text.main) refers to blinky.o(.text.app_main) for app_main
    blinky.o(.ARM.exidx.text.main) refers to blinky.o(.text.main) for [Anonymous Symbol]
    blinky.o(.text.OUTLINED_FUNCTION_0) refers to rtx_thread.o(.text.osThreadFlagsWait) for osThreadFlagsWait
    blinky.o(.ARM.exidx.text.OUTLINED_FUNCTION_0) refers to blinky.o(.text.OUTLINED_FUNCTION_0) for [Anonymous Symbol]
    irq_armv7m.o(.text) refers to rtx_thread.o(.text.osRtxThreadStackCheck) for osRtxThreadStackCheck
    irq_armv7m.o(.text) refers to rtx_kernel.o(.text.osRtxKernelErrorNotify) for osRtxKernelErrorNotify
    irq_armv7m.o(.text) refers to rtx_system.o(.text.osRtxPendSV_Handler) for osRtxPendSV_Handler
    irq_armv7m.o(.text) refers to rtx_system.o(.text.osRtxTick_Handler) for osRtxTick_Handler
    irq_armv7m.o(.text) refers to rtx_kernel.o(.data.os) for osRtxInfo
    irq_armv7m.o(.text) refers to rtx_lib.o(.rodata.osRtxUserSVC) for osRtxUserSVC
    irq_armv7m.o(.ARM.exidx) refers to irq_armv7m.o(.text) for [Anonymous Symbol]
    rtx_delay.o(.text.osDelay) refers to rtx_evr.o(.text.EvrRtxDelay) for EvrRtxDelay
    rtx_delay.o(.text.osDelay) refers to rtx_evr.o(.text.EvrRtxDelayError) for EvrRtxDelayError
    rtx_delay.o(.text.osDelay) refers to rtx_delay.o(.text.svcRtxDelay) for svcRtxDelay
    rtx_delay.o(.ARM.exidx.text.osDelay) refers to rtx_delay.o(.text.osDelay) for [Anonymous Symbol]
    rtx_delay.o(.text.osDelayUntil) refers to rtx_evr.o(.text.EvrRtxDelayUntil) for EvrRtxDelayUntil
    rtx_delay.o(.text.osDelayUntil) refers to rtx_evr.o(.text.EvrRtxDelayError) for EvrRtxDelayError
    rtx_delay.o(.text.osDelayUntil) refers to rtx_delay.o(.text.svcRtxDelayUntil) for svcRtxDelayUntil
    rtx_delay.o(.ARM.exidx.text.osDelayUntil) refers to rtx_delay.o(.text.osDelayUntil) for [Anonymous Symbol]
    rtx_delay.o(.text.svcRtxDelay) refers to rtx_thread.o(.text.osRtxThreadWaitEnter) for osRtxThreadWaitEnter
    rtx_delay.o(.text.svcRtxDelay) refers to rtx_evr.o(.text.EvrRtxDelayStarted) for EvrRtxDelayStarted
[...]
    [Anonymous Symbol]                       0x000009e0   Section        0  rtx_evr.o(.text.EvrRtxMemoryBlockFree)
    __arm_cp.5_0                             0x000009f0   Number         4  rtx_evr.o(.text.EvrRtxMemoryBlockFree)
    [Anonymous Symbol]                       0x000009f4   Section        0  rtx_evr.o(.text.EvrRtxMemoryBlockInit)
    __arm_cp.3_0                             0x00000a04   Number         4  rtx_evr.o(.text.EvrRtxMemoryBlockInit)
    [Anonymous Symbol]                       0x00000a08   Section        0  rtx_evr.o(.text.EvrRtxMemoryFree)
    __arm_cp.2_0                             0x00000a18   Number         4  rtx_evr.o(.text.EvrRtxMemoryFree)
    [Anonymous Symbol]                       0x00000a1c   Section        0  rtx_evr.o(.text.EvrRtxMemoryInit)
    [Anonymous Symbol]                       0x00000a2c   Section        0  rtx_evr.o(.text.EvrRtxMemoryPoolAllocTimeout)
    __arm_cp.148_0                           0x00000a34   Number         4  rtx_evr.o(.text.EvrRtxMemoryPoolAllocTimeout)
    [Anonymous Symbol]                       0x00000a38   Section        0  rtx_evr.o(.text.EvrRtxMessageQueueCreated)
    __arm_cp.162_0                           0x00000a44   Number         4  rtx_evr.o(.text.EvrRtxMessageQueueCreated)
    [Anonymous Symbol]                       0x00000a48   Section        0  rtx_evr.o(.text.EvrRtxMessageQueueError)
    [Anonymous Symbol]                       0x00000a54   Section        0  rtx_evr.o(.text.EvrRtxMessageQueueGet)
    __arm_cp.170_0                           0x00000a64   Number         4  rtx_evr.o(.text.EvrRtxMessageQueueGet)
    [Anonymous Symbol]                       0x00000a68   Section        0  rtx_evr.o(.text.EvrRtxMessageQueueGetPending)
    __arm_cp.171_0                           0x00000a78   Number         4  rtx_evr.o(.text.EvrRtxMessageQueueGetPending)
    [Anonymous Symbol]                       0x00000a7c   Section        0  rtx_evr.o(.text.EvrRtxMessageQueueGetTimeout)
    __arm_cp.172_0                           0x00000a84   Number         4  rtx_evr.o(.text.EvrRtxMessageQueueGetTimeout)
    [Anonymous Symbol]                       0x00000a88   Section        0  rtx_evr.o(.text.EvrRtxMessageQueueInsertPending)
    __arm_cp.167_0                           0x00000a94   Number         4  rtx_evr.o(.text.EvrRtxMessageQueueInsertPending)
    [Anonymous Symbol]                       0x00000a98   Section        0  rtx_evr.o(.text.EvrRtxMessageQueueInserted)
    __arm_cp.168_0                           0x00000aa4   Number         4  rtx_evr.o(.text.EvrRtxMessageQueueInserted)
    [Anonymous Symbol]                       0x00000aa8   Section        0  rtx_evr.o(.text.EvrRtxMessageQueueNotInserted)
    __arm_cp.169_0                           0x00000ab4   Number         4  rtx_evr.o(.text.EvrRtxMessageQueueNotInserted)
    [Anonymous Symbol]                       0x00000ab8   Section        0  rtx_evr.o(.text.EvrRtxMessageQueueNotRetrieved)
    __arm_cp.174_0                           0x00000ac4   Number         4  rtx_evr.o(.text.EvrRtxMessageQueueNotRetrieved)
    [Anonymous Symbol]                       0x00000ac8   Section        0  rtx_evr.o(.text.EvrRtxMessageQueuePut)
    __arm_cp.164_0                           0x00000ad8   Number         4  rtx_evr.o(.text.EvrRtxMessageQueuePut)
    [Anonymous Symbol]                       0x00000adc   Section        0  rtx_evr.o(.text.EvrRtxMessageQueuePutPending)
    __arm_cp.165_0                           0x00000aec   Number         4  rtx_evr.o(.text.EvrRtxMessageQueuePutPending)
    [Anonymous Symbol]                       0x00000af0   Section        0  rtx_evr.o(.text.EvrRtxMessageQueuePutTimeout)
    __arm_cp.166_0                           0x00000af8   Number         4  rtx_evr.o(.text.EvrRtxMessageQueuePutTimeout)
    [Anonymous Symbol]                       0x00000afc   Section        0  rtx_evr.o(.text.EvrRtxMessageQueueRetrieved)
    __arm_cp.173_0                           0x00000b08   Number         4  rtx_evr.o(.text.EvrRtxMessageQueueRetrieved)
    [Anonymous Symbol]                       0x00000b0c   Section        0  rtx_evr.o(.text.EvrRtxMutexAcquireTimeout)
    __arm_cp.120_0                           0x00000b14   Number         4  rtx_evr.o(.text.EvrRtxMutexAcquireTimeout)
    [Anonymous Symbol]                       0x00000b18   Section        0  rtx_evr.o(.text.EvrRtxMutexAcquired)
    __arm_cp.121_0                           0x00000b24   Number         4  rtx_evr.o(.text.EvrRtxMutexAcquired)
    [Anonymous Symbol]                       0x00000b28   Section        0  rtx_evr.o(.text.EvrRtxMutexReleased)
    __arm_cp.124_0                           0x00000b34   Number         4  rtx_evr.o(.text.EvrRtxMutexReleased)
    [Anonymous Symbol]                       0x00000b38   Section        0  rtx_evr.o(.text.EvrRtxSemaphoreAcquireTimeout)
    __arm_cp.134_0                           0x00000b40   Number         4  rtx_evr.o(.text.EvrRtxSemaphoreAcquireTimeout)
    [Anonymous Symbol]                       0x00000b44   Section        0  rtx_evr.o(.text.EvrRtxThreadBlocked)
    __arm_cp.52_0                            0x00000b50   Number         4  rtx_evr.o(.text.EvrRtxThreadBlocked)
    [Anonymous Symbol]                       0x00000b54   Section        0  rtx_evr.o(.text.EvrRtxThreadCreated)
    __arm_cp.31_0                            0x00000b68   Number         4  rtx_evr.o(.text.EvrRtxThreadCreated)
    [Anonymous Symbol]                       0x00000b6c   Section        0  rtx_evr.o(.text.EvrRtxThreadDestroyed)
    __arm_cp.58_0                            0x00000b74   Number         4  rtx_evr.o(.text.EvrRtxThreadDestroyed)
    [Anonymous Symbol]                       0x00000b78   Section        0  rtx_evr.o(.text.EvrRtxThreadError)
    [Anonymous Symbol]                       0x00000b84   Section        0  rtx_evr.o(.text.EvrRtxThreadExit)
    __arm_cp.56_0                            0x00000b8c   Number         4  rtx_evr.o(.text.EvrRtxThreadExit)
    [Anonymous Symbol]                       0x00000b90   Section        0  rtx_evr.o(.text.EvrRtxThreadFlagsError)
    [Anonymous Symbol]                       0x00000b9c   Section        0  rtx_evr.o(.text.EvrRtxThreadFlagsSet)
    __arm_cp.70_0                            0x00000ba8   Number         4  rtx_evr.o(.text.EvrRtxThreadFlagsSet)
    [Anonymous Symbol]                       0x00000bac   Section        0  rtx_evr.o(.text.EvrRtxThreadFlagsSetDone)
    __arm_cp.71_0                            0x00000bb8   Number         4  rtx_evr.o(.text.EvrRtxThreadFlagsSetDone)
    [Anonymous Symbol]                       0x00000bbc   Section        0  rtx_evr.o(.text.EvrRtxThreadFlagsWait)
    __arm_cp.75_0                            0x00000bcc   Number         4  rtx_evr.o(.text.EvrRtxThreadFlagsWait)
    [Anonymous Symbol]                       0x00000bd0   Section        0  rtx_evr.o(.text.EvrRtxThreadFlagsWaitCompleted)
    __arm_cp.78_0                            0x00000be0   Number         4  rtx_evr.o(.text.EvrRtxThreadFlagsWaitCompleted)
    [Anonymous Symbol]                       0x00000be4   Section        0  rtx_evr.o(.text.EvrRtxThreadFlagsWaitNotCompleted)
    __arm_cp.79_0                            0x00000bf0   Number         4  rtx_evr.o(.text.EvrRtxThreadFlagsWaitNotCompleted)
    [Anonymous Symbol]                       0x00000bf4   Section        0  rtx_evr.o(.text.EvrRtxThreadFlagsWaitPending)
    __arm_cp.76_0                            0x00000c04   Number         4  rtx_evr.o(.text.EvrRtxThreadFlagsWaitPending)
    [Anonymous Symbol]                       0x00000c08   Section        0  rtx_evr.o(.text.EvrRtxThreadFlagsWaitTimeout)
    __arm_cp.77_0                            0x00000c10   Number         4  rtx_evr.o(.text.EvrRtxThreadFlagsWaitTimeout)
    [Anonymous Symbol]                       0x00000c14   Section        0  rtx_evr.o(.text.EvrRtxThreadJoined)
    __arm_cp.51_0                            0x00000c1c   Number         4  rtx_evr.o(.text.EvrRtxThreadJoined)
    [Anonymous Symbol]                       0x00000c20   Section        0  rtx_evr.o(.text.EvrRtxThreadNew)
    __arm_cp.30_0                            0x00000c30   Number         4  rtx_evr.o(.text.EvrRtxThreadNew)
    [Anonymous Symbol]                       0x00000c34   Section        0  rtx_evr.o(.text.EvrRtxThreadPreempted)
    __arm_cp.54_0                            0x00000c3c   Number         4  rtx_evr.o(.text.EvrRtxThreadPreempted)
    [Anonymous Symbol]                       0x00000c40   Section        0  rtx_evr.o(.text.EvrRtxThreadSwitched)
    __arm_cp.55_0                            0x00000c48   Number         4  rtx_evr.o(.text.EvrRtxThreadSwitched)
    [Anonymous Symbol]                       0x00000c4c   Section        0  rtx_evr.o(.text.EvrRtxThreadUnblocked)
    __arm_cp.53_0                            0x00000c58   Number         4  rtx_evr.o(.text.EvrRtxThreadUnblocked)
    [Anonymous Symbol]                       0x00000c5c   Section        0  rtx_evr.o(.text.EvrRtxTimerCallback)
    __arm_cp.87_0                            0x00000c68   Number         4  rtx_evr.o(.text.EvrRtxTimerCallback)
    [Anonymous Symbol]                       0x00000c6c   Section        0  startup_armcm4.o(.text.HardFault_Handler)
    IsIrqMasked                              0x00000c6f   Thumb Code    22  rtx_thread.o(.text.IsIrqMasked)
    [Anonymous Symbol]                       0x00000c6e   Section        0  rtx_thread.o(.text.IsIrqMasked)
    MessageQueueGet                          0x00000c85   Thumb Code    64  rtx_msgqueue.o(.text.MessageQueueGet)
    [Anonymous Symbol]                       0x00000c84   Section        0  rtx_msgqueue.o(.text.MessageQueueGet)
    MessageQueuePut                          0x00000cc5   Thumb Code    88  rtx_msgqueue.o(.text.MessageQueuePut)
    [Anonymous Symbol]                       0x00000cc4   Section        0  rtx_msgqueue.o(.text.MessageQueuePut)
    MessageQueueRemove                       0x00000d1d   Thumb Code    28  rtx_msgqueue.o(.text.MessageQueueRemove)
    [Anonymous Symbol]                       0x00000d1c   Section        0  rtx_msgqueue.o(.text.MessageQueueRemove)
    [Anonymous Symbol]                       0x00000d38   Section        0  os_systick.o(.text.OS_Tick_AcknowledgeIRQ)
    [Anonymous Symbol]                       0x00000d40   Section        0  os_systick.o(.text.OS_Tick_Enable)
    [Anonymous Symbol]                       0x00000d60   Section        0  os_systick.o(.text.OS_Tick_GetCount)
    [Anonymous Symbol]                       0x00000d74   Section        0  os_systick.o(.text.OS_Tick_GetIRQn)
    [Anonymous Symbol]                       0x00000d7c   Section        0  os_systick.o(.text.OS_Tick_GetInterval)
    __arm_cp.6_0                             0x00000d84   Number         4  os_systick.o(.text.OS_Tick_GetInterval)
    [Anonymous Symbol]                       0x00000d88   Section        0  os_systick.o(.text.OS_Tick_GetOverflow)
    __arm_cp.8_0                             0x00000d94   Number         4  os_systick.o(.text.OS_Tick_GetOverflow)
    [Anonymous Symbol]                       0x00000d98   Section        0  os_systick.o(.text.OS_Tick_Setup)
    __arm_cp.0_1                             0x00000dc8   Number         4  os_systick.o(.text.OS_Tick_Setup)
    __arm_cp.0_2                             0x00000dcc   Number         4  os_systick.o(.text.OS_Tick_Setup)
    __arm_cp.0_3                             0x00000dd0   Number         4  os_systick.o(.text.OS_Tick_Setup)
    OUTLINED_FUNCTION_0                      0x00000dd5   Thumb Code    10  blinky.o(.text.OUTLINED_FUNCTION_0)
    [Anonymous Symbol]                       0x00000dd4   Section        0  blinky.o(.text.OUTLINED_FUNCTION_0)
    OUTLINED_FUNCTION_0                      0x00000ddf   Thumb Code     6  rtx_evr.o(.text.OUTLINED_FUNCTION_0)
    [Anonymous Symbol]                       0x00000dde   Section        0  rtx_evr.o(.text.OUTLINED_FUNCTION_0)
    OUTLINED_FUNCTION_0                      0x00000de5   Thumb Code    12  rtx_kernel.o(.text.OUTLINED_FUNCTION_0)
    [Anonymous Symbol]                       0x00000de4   Section        0  rtx_kernel.o(.text.OUTLINED_FUNCTION_0)
    OUTLINED_FUNCTION_0                      0x00000df1   Thumb Code    14  rtx_msgqueue.o(.text.OUTLINED_FUNCTION_0)
    [Anonymous Symbol]                       0x00000df0   Section        0  rtx_msgqueue.o(.text.OUTLINED_FUNCTION_0)
    OUTLINED_FUNCTION_0                      0x00000dff   Thumb Code    16  rtx_thread.o(.text.OUTLINED_FUNCTION_0)
    [Anonymous Symbol]                       0x00000dfe   Section        0  rtx_thread.o(.text.OUTLINED_FUNCTION_0)
    OUTLINED_FUNCTION_1                      0x00000e0f   Thumb Code    12  rtx_evr.o(.text.OUTLINED_FUNCTION_1)
    [Anonymous Symbol]                       0x00000e0e   Section        0  rtx_evr.o(.text.OUTLINED_FUNCTION_1)
    OUTLINED_FUNCTION_1                      0x00000e1b   Thumb Code    12  rtx_kernel.o(.text.OUTLINED_FUNCTION_1)
    [Anonymous Symbol]                       0x00000e1a   Section        0  rtx_kernel.o(.text.OUTLINED_FUNCTION_1)
    OUTLINED_FUNCTION_1                      0x00000e27   Thumb Code    14  rtx_msgqueue.o(.text.OUTLINED_FUNCTION_1)
    [Anonymous Symbol]                       0x00000e26   Section        0  rtx_msgqueue.o(.text.OUTLINED_FUNCTION_1)
    OUTLINED_FUNCTION_11                     0x00000e35   Thumb Code    12  rtx_thread.o(.text.OUTLINED_FUNCTION_11)
    [Anonymous Symbol]                       0x00000e34   Section        0  rtx_thread.o(.text.OUTLINED_FUNCTION_11)
    OUTLINED_FUNCTION_14                     0x00000e41   Thumb Code    10  rtx_thread.o(.text.OUTLINED_FUNCTION_14)
    [Anonymous Symbol]                       0x00000e40   Section        0  rtx_thread.o(.text.OUTLINED_FUNCTION_14)
    OUTLINED_FUNCTION_15                     0x00000e4b   Thumb Code    10  rtx_thread.o(.text.OUTLINED_FUNCTION_15)
    [Anonymous Symbol]                       0x00000e4a   Section        0  rtx_thread.o(.text.OUTLINED_FUNCTION_15)
    OUTLINED_FUNCTION_2                      0x00000e55   Thumb Code     8  rtx_evr.o(.text.OUTLINED_FUNCTION_2)
    [Anonymous Symbol]                       0x00000e54   Section        0  rtx_evr.o(.text.OUTLINED_FUNCTION_2)
    OUTLINED_FUNCTION_2                      0x00000e5d   Thumb Code     8  rtx_kernel.o(.text.OUTLINED_FUNCTION_2)
    [Anonymous Symbol]                       0x00000e5c   Section        0  rtx_kernel.o(.text.OUTLINED_FUNCTION_2)
    OUTLINED_FUNCTION_2                      0x00000e65   Thumb Code     8  rtx_msgqueue.o(.text.OUTLINED_FUNCTION_2)
    [Anonymous Symbol]                       0x00000e64   Section        0  rtx_msgqueue.o(.text.OUTLINED_FUNCTION_2)
    OUTLINED_FUNCTION_2                      0x00000e6d   Thumb Code    12  rtx_thread.o(.text.OUTLINED_FUNCTION_2)
    [Anonymous Symbol]                       0x00000e6c   Section        0  rtx_thread.o(.text.OUTLINED_FUNCTION_2)
    OUTLINED_FUNCTION_3                      0x00000e79   Thumb Code     8  rtx_evr.o(.text.OUTLINED_FUNCTION_3)
    [Anonymous Symbol]                       0x00000e78   Section        0  rtx_evr.o(.text.OUTLINED_FUNCTION_3)
    OUTLINED_FUNCTION_3                      0x00000e81   Thumb Code     6  rtx_kernel.o(.text.OUTLINED_FUNCTION_3)
    [Anonymous Symbol]                       0x00000e80   Section        0  rtx_kernel.o(.text.OUTLINED_FUNCTION_3)
    OUTLINED_FUNCTION_3                      0x00000e87   Thumb Code    12  rtx_msgqueue.o(.text.OUTLINED_FUNCTION_3)
    [Anonymous Symbol]                       0x00000e86   Section        0  rtx_msgqueue.o(.text.OUTLINED_FUNCTION_3)
    OUTLINED_FUNCTION_3                      0x00000e93   Thumb Code    12  rtx_thread.o(.text.OUTLINED_FUNCTION_3)
    [Anonymous Symbol]                       0x00000e92   Section        0  rtx_thread.o(.text.OUTLINED_FUNCTION_3)
    OUTLINED_FUNCTION_4                      0x00000e9f   Thumb Code     6  rtx_msgqueue.o(.text.OUTLINED_FUNCTION_4)
    [Anonymous Symbol]                       0x00000e9e   Section        0  rtx_msgqueue.o(.text.OUTLINED_FUNCTION_4)
    OUTLINED_FUNCTION_6                      0x00000ea5   Thumb Code     8  rtx_thread.o(.text.OUTLINED_FUNCTION_6)
    [Anonymous Symbol]                       0x00000ea4   Section        0  rtx_thread.o(.text.OUTLINED_FUNCTION_6)
    OUTLINED_FUNCTION_7                      0x00000ead   Thumb Code     6  rtx_thread.o(.text.OUTLINED_FUNCTION_7)
    [Anonymous Symbol]                       0x00000eac   Section        0  rtx_thread.o(.text.OUTLINED_FUNCTION_7)
    OUTLINED_FUNCTION_9                      0x00000eb3   Thumb Code    12  rtx_thread.o(.text.OUTLINED_FUNCTION_9)
    [Anonymous Symbol]                       0x00000eb2   Section        0  rtx_thread.o(.text.OUTLINED_FUNCTION_9)
    [Anonymous Symbol]                       0x00000ebe   Section        0  startup_armcm4.o(.text.Reset_Handler)
    SysTimerIsRunning                        0x00000ec9   Thumb Code    28  eventrecorder.o(.text.SysTimerIsRunning)
    [Anonymous Symbol]                       0x00000ec8   Section        0  eventrecorder.o(.text.SysTimerIsRunning)
    __arm_cp.2_0                             0x00000ee4   Number         4  eventrecorder.o(.text.SysTimerIsRunning)
    [Anonymous Symbol]                       0x00000ee8   Section        0  system_armcm4.o(.text.SystemCoreClockUpdate)
    [Anonymous Symbol]                       0x00000ef0   Section        0  system_armcm4.o(.text.SystemInit)
    __arm_cp.1_0                             0x00000f0c   Number         4  system_armcm4.o(.text.SystemInit)
    __arm_cp.1_1                             0x00000f10   Number         4  system_armcm4.o(.text.SystemInit)
    __arm_cp.1_2                             0x00000f14   Number         4  system_armcm4.o(.text.SystemInit)
    __arm_cp.1_3                             0x00000f18   Number         4  system_armcm4.o(.text.SystemInit)
    ThreadFlagsCheck                         0x00000f1d   Thumb Code   100  rtx_thread.o(.text.ThreadFlagsCheck)
    [Anonymous Symbol]                       0x00000f1c   Section        0  rtx_thread.o(.text.ThreadFlagsCheck)
    TimerInsert                              0x00000f81   Thumb Code    68  rtx_timer.o(.text.TimerInsert)
    [Anonymous Symbol]                       0x00000f80   Section        0  rtx_timer.o(.text.TimerInsert)
    [Anonymous Symbol]                       0x00000fc4   Section        0  blinky.o(.text.app_main)
    __arm_cp.6_0                             0x00000ff4   Number         4  blinky.o(.text.app_main)
    __arm_cp.6_1                             0x00000ff8   Number         4  blinky.o(.text.app_main)
    __arm_cp.6_2                             0x00000ffc   Number         4  blinky.o(.text.app_main)
    [Anonymous Symbol]                       0x00001000   Section        0  blinky.o(.text.main)
    __arm_cp.7_0                             0x00001020   Number         4  blinky.o(.text.main)
    [Anonymous Symbol]                       0x00001024   Section        0  rtx_delay.o(.text.osDelay)
    __arm_cp.0_0                             0x00001058   Number         4  rtx_delay.o(.text.osDelay)
    [Anonymous Symbol]                       0x0000105c   Section        0  rtx_kernel.o(.text.osKernelGetState)
    __arm_cp.5_0                             0x00001084   Number         4  rtx_kernel.o(.text.osKernelGetState)
    __arm_cp.5_1                             0x00001088   Number         4  rtx_kernel.o(.text.osKernelGetState)
    [Anonymous Symbol]                       0x0000108c   Section        0  rtx_kernel.o(.text.osKernelGetSysTimerCount)
    __arm_cp.21_0                            0x000010ac   Number         4  rtx_kernel.o(.text.osKernelGetSysTimerCount)
    [Anonymous Symbol]                       0x000010b0   Section        0  rtx_kernel.o(.text.osKernelInitialize)
    __arm_cp.2_0                             0x000010dc   Number         4  rtx_kernel.o(.text.osKernelInitialize)
    [Anonymous Symbol]                       0x000010e0   Section        0  rtx_kernel.o(.text.osKernelStart)
    __arm_cp.7_0                             0x00001108   Number         4  rtx_kernel.o(.text.osKernelStart)
    [Anonymous Symbol]                       0x0000110c   Section        0  rtx_msgqueue.o(.text.osMessageQueueGet)
    __arm_cp.6_0                             0x00001198   Number         4  rtx_msgqueue.o(.text.osMessageQueueGet)
    [Anonymous Symbol]                       0x0000119c   Section        0  rtx_msgqueue.o(.text.osMessageQueuePut)
    __arm_cp.5_0                             0x00001224   Number         4  rtx_msgqueue.o(.text.osMessageQueuePut)
    [Anonymous Symbol]                       0x00001228   Section        0  rtx_config.o(.text.osRtxErrorNotify)
    [Anonymous Symbol]                       0x0000122a   Section        0  rtx_config.o(.text.osRtxIdleThread)
    [Anonymous Symbol]                       0x0000122c   Section        0  rtx_lib.o(.text.osRtxKernelBeforeInit)
    __arm_cp.0_0                             0x000012f8   Number         4  rtx_lib.o(.text.osRtxKernelBeforeInit)
    __arm_cp.0_1                             0x000012fc   Number         4  rtx_lib.o(.text.osRtxKernelBeforeInit)
    [Anonymous Symbol]                       0x00001300   Section        0  rtx_kernel.o(.text.osRtxKernelErrorNotify)
    [Anonymous Symbol]                       0x00001316   Section        0  rtx_memory.o(.text.osRtxMemoryAlloc)
    [Anonymous Symbol]                       0x00001392   Section        0  rtx_memory.o(.text.osRtxMemoryFree)
    [Anonymous Symbol]                       0x000013de   Section        0  rtx_memory.o(.text.osRtxMemoryInit)
    [Anonymous Symbol]                       0x0000141c   Section        0  rtx_mempool.o(.text.osRtxMemoryPoolAlloc)
    [Anonymous Symbol]                       0x00001460   Section        0  rtx_mempool.o(.text.osRtxMemoryPoolFree)
    [Anonymous Symbol]                       0x000014b6   Section        0  rtx_mempool.o(.text.osRtxMemoryPoolInit)
    osRtxMessageQueuePostProcess             0x00001501   Thumb Code   222  rtx_msgqueue.o(.text.osRtxMessageQueuePostProcess)
    [Anonymous Symbol]                       0x00001500   Section        0  rtx_msgqueue.o(.text.osRtxMessageQueuePostProcess)
    [Anonymous Symbol]                       0x000015e0   Section        0  rtx_msgqueue.o(.text.osRtxMessageQueueTimerSetup)
    __arm_cp.0_0                             0x00001600   Number         4  rtx_msgqueue.o(.text.osRtxMessageQueueTimerSetup)
    [Anonymous Symbol]                       0x00001604   Section        0  rtx_mutex.o(.text.osRtxMutexOwnerRelease)
    [Anonymous Symbol]                       0x0000165c   Section        0  rtx_mutex.o(.text.osRtxMutexOwnerRestore)
    [Anonymous Symbol]                       0x000016a4   Section        0  rtx_system.o(.text.osRtxPendSV_Handler)
    [Anonymous Symbol]                       0x0000172c   Section        0  rtx_system.o(.text.osRtxPostProcess)
    __arm_cp.2_1                             0x00001798   Number         4  rtx_system.o(.text.osRtxPostProcess)
    [Anonymous Symbol]                       0x0000179c   Section        0  rtx_thread.o(.text.osRtxThreadBeforeFree)
    osRtxThreadBlock                         0x000017a1   Thumb Code    60  rtx_thread.o(.text.osRtxThreadBlock)
    [Anonymous Symbol]                       0x000017a0   Section        0  rtx_thread.o(.text.osRtxThreadBlock)
    osRtxThreadDelayInsert                   0x000017dd   Thumb Code   124  rtx_thread.o(.text.osRtxThreadDelayInsert)
    [Anonymous Symbol]                       0x000017dc   Section        0  rtx_thread.o(.text.osRtxThreadDelayInsert)
    [Anonymous Symbol]                       0x00001858   Section        0  rtx_thread.o(.text.osRtxThreadDelayRemove)
    [Anonymous Symbol]                       0x00001894   Section        0  rtx_thread.o(.text.osRtxThreadDelayTick)
    [Anonymous Symbol]                       0x00001950   Section        0  rtx_thread.o(.text.osRtxThreadDestroy)
    __arm_cp.17_0                            0x00001980   Number         4  rtx_thread.o(.text.osRtxThreadDestroy)
    [Anonymous Symbol]                       0x00001984   Section        0  rtx_thread.o(.text.osRtxThreadDispatch)
    osRtxThreadFree                          0x000019d9   Thumb Code    88  rtx_thread.o(.text.osRtxThreadFree)
    [Anonymous Symbol]                       0x000019d8   Section        0  rtx_thread.o(.text.osRtxThreadFree)
    __arm_cp.18_0                            0x00001a30   Number         4  rtx_thread.o(.text.osRtxThreadFree)
    [Anonymous Symbol]                       0x00001a34   Section        0  rtx_thread.o(.text.osRtxThreadJoinWakeup)
    [Anonymous Symbol]                       0x00001a58   Section        0  rtx_thread.o(.text.osRtxThreadListGet)
    [Anonymous Symbol]                       0x00001a6a   Section        0  rtx_thread.o(.text.osRtxThreadListPut)
    [Anonymous Symbol]                       0x00001a96   Section        0  rtx_thread.o(.text.osRtxThreadListRemove)
    osRtxThreadListRoot                      0x00001aab   Thumb Code    12  rtx_thread.o(.text.osRtxThreadListRoot)
    [Anonymous Symbol]                       0x00001aaa   Section        0  rtx_thread.o(.text.osRtxThreadListRoot)
    [Anonymous Symbol]                       0x00001ab6   Section        0  rtx_thread.o(.text.osRtxThreadListSort)
    osRtxThreadPostProcess                   0x00001add   Thumb Code    48  rtx_thread.o(.text.osRtxThreadPostProcess)
    [Anonymous Symbol]                       0x00001adc   Section        0  rtx_thread.o(.text.osRtxThreadPostProcess)
    [Anonymous Symbol]                       0x00001b0c   Section        0  rtx_thread.o(.text.osRtxThreadReadyPut)
    [Anonymous Symbol]                       0x00001b1c   Section        0  rtx_thread.o(.text.osRtxThreadRegPtr)
    [Anonymous Symbol]                       0x00001b30   Section        0  rtx_thread.o(.text.osRtxThreadStackCheck)
    __arm_cp.15_0                            0x00001b48   Number         4  rtx_thread.o(.text.osRtxThreadStackCheck)
    [Anonymous Symbol]                       0x00001b4c   Section        0  rtx_thread.o(.text.osRtxThreadStartup)
    __arm_cp.20_0                            0x00001b7c   Number         4  rtx_thread.o(.text.osRtxThreadStartup)
    __arm_cp.20_1                            0x00001b80   Number         4  rtx_thread.o(.text.osRtxThreadStartup)
    __arm_cp.20_2                            0x00001b84   Number         4  rtx_thread.o(.text.osRtxThreadStartup)
    [Anonymous Symbol]                       0x00001b88   Section        0  rtx_thread.o(.text.osRtxThreadSwitch)
    __arm_cp.9_0                             0x00001ba8   Number         4  rtx_thread.o(.text.osRtxThreadSwitch)
    [Anonymous Symbol]                       0x00001bac   Section        0  rtx_thread.o(.text.osRtxThreadWaitEnter)
    __arm_cp.13_0                            0x00001bec   Number         4  rtx_thread.o(.text.osRtxThreadWaitEnter)
    [Anonymous Symbol]                       0x00001bf0   Section        0  rtx_thread.o(.text.osRtxThreadWaitExit)
    [Anonymous Symbol]                       0x00001c28   Section        0  rtx_system.o(.text.osRtxTick_Handler)
    [Anonymous Symbol]                       0x00001ca0   Section        0  rtx_timer.o(.text.osRtxTimerSetup)
    __arm_cp.0_1                             0x00001cb8   Number         4  rtx_timer.o(.text.osRtxTimerSetup)
    [Anonymous Symbol]                       0x00001cbc   Section        0  rtx_timer.o(.text.osRtxTimerThread)
    osRtxTimerTick                           0x00001ce5   Thumb Code   108  rtx_timer.o(.text.osRtxTimerTick)
    [Anonymous Symbol]                       0x00001ce4   Section        0  rtx_timer.o(.text.osRtxTimerTick)
    __arm_cp.1_0                             0x00001d50   Number         4  rtx_timer.o(.text.osRtxTimerTick)
    osThreadEntry                            0x00001d55   Thumb Code     6  rtx_thread.o(.text.osThreadEntry)
    [Anonymous Symbol]                       0x00001d54   Section        0  rtx_thread.o(.text.osThreadEntry)
    [Anonymous Symbol]                       0x00001d5c   Section        0  rtx_thread.o(.text.osThreadExit)
    __arm_cp.42_0                            0x00001d74   Number         4  rtx_thread.o(.text.osThreadExit)
    [Anonymous Symbol]                       0x00001d78   Section        0  rtx_thread.o(.text.osThreadFlagsSet)
    __arm_cp.55_0                            0x00001df0   Number         4  rtx_thread.o(.text.osThreadFlagsSet)
    [Anonymous Symbol]                       0x00001df4   Section        0  rtx_thread.o(.text.osThreadFlagsWait)
    __arm_cp.58_0                            0x00001e24   Number         4  rtx_thread.o(.text.osThreadFlagsWait)
    [Anonymous Symbol]                       0x00001e28   Section        0  rtx_thread.o(.text.osThreadNew)
    __arm_cp.22_0                            0x00001e60   Number         4  rtx_thread.o(.text.osThreadNew)
    [Anonymous Symbol]                       0x00001e64   Section        0  blinky.o(.text.phaseA)
    [Anonymous Symbol]                       0x00001e8c   Section        0  blinky.o(.text.phaseB)
    __arm_cp.4_0                             0x00001eb4   Number         4  blinky.o(.text.phaseB)
    [Anonymous Symbol]                       0x00001eb8   Section        0  blinky.o(.text.signal_func)
    svcRtxDelay                              0x00001ebf   Thumb Code    52  rtx_delay.o(.text.svcRtxDelay)
    [Anonymous Symbol]                       0x00001ebe   Section        0  rtx_delay.o(.text.svcRtxDelay)
    svcRtxKernelGetState                     0x00001ef5   Thumb Code     8  rtx_kernel.o(.text.svcRtxKernelGetState)
    [Anonymous Symbol]                       0x00001ef4   Section        0  rtx_kernel.o(.text.svcRtxKernelGetState)
    __arm_cp.6_0                             0x00001efc   Number         4  rtx_kernel.o(.text.svcRtxKernelGetState)
    svcRtxKernelGetSysTimerCount             0x00001f01   Thumb Code    36  rtx_kernel.o(.text.svcRtxKernelGetSysTimerCount)
    [Anonymous Symbol]                       0x00001f00   Section        0  rtx_kernel.o(.text.svcRtxKernelGetSysTimerCount)
    __arm_cp.22_0                            0x00001f24   Number         4  rtx_kernel.o(.text.svcRtxKernelGetSysTimerCount)
    svcRtxKernelInitialize                   0x00001f29   Thumb Code   260  rtx_kernel.o(.text.svcRtxKernelInitialize)
    [Anonymous Symbol]                       0x00001f28   Section        0  rtx_kernel.o(.text.svcRtxKernelInitialize)
    __arm_cp.25_0                            0x0000202c   Number         4  rtx_kernel.o(.text.svcRtxKernelInitialize)
    __arm_cp.25_2                            0x00002030   Number         4  rtx_kernel.o(.text.svcRtxKernelInitialize)
    svcRtxKernelStart                        0x00002035   Thumb Code   124  rtx_kernel.o(.text.svcRtxKernelStart)
    [Anonymous Symbol]                       0x00002034   Section        0  rtx_kernel.o(.text.svcRtxKernelStart)
    __arm_cp.26_0                            0x000020b0   Number         4  rtx_kernel.o(.text.svcRtxKernelStart)
    __arm_cp.26_1                            0x000020b4   Number         4  rtx_kernel.o(.text.svcRtxKernelStart)
    __arm_cp.26_2                            0x000020b8   Number         4  rtx_kernel.o(.text.svcRtxKernelStart)
    __arm_cp.26_3                            0x000020bc   Number         4  rtx_kernel.o(.text.svcRtxKernelStart)
    svcRtxMessageQueueGet                    0x000020c1   Thumb Code   240  rtx_msgqueue.o(.text.svcRtxMessageQueueGet)
    [Anonymous Symbol]                       0x000020c0   Section        0  rtx_msgqueue.o(.text.svcRtxMessageQueueGet)
    __arm_cp.22_0                            0x000021b0   Number         4  rtx_msgqueue.o(.text.svcRtxMessageQueueGet)
    svcRtxMessageQueueNew                    0x000021b5   Thumb Code   320  rtx_msgqueue.o(.text.svcRtxMessageQueueNew)
    [Anonymous Symbol]                       0x000021b4   Section        0  rtx_msgqueue.o(.text.svcRtxMessageQueueNew)
    __arm_cp.1_0                             0x000022f4   Number         4  rtx_msgqueue.o(.text.svcRtxMessageQueueNew)
    __arm_cp.1_1                             0x000022f8   Number         4  rtx_msgqueue.o(.text.svcRtxMessageQueueNew)
    svcRtxMessageQueuePut                    0x000022fd   Thumb Code   208  rtx_msgqueue.o(.text.svcRtxMessageQueuePut)
    [Anonymous Symbol]                       0x000022fc   Section        0  rtx_msgqueue.o(.text.svcRtxMessageQueuePut)
    svcRtxThreadExit                         0x000023cd   Thumb Code    88  rtx_thread.o(.text.svcRtxThreadExit)
    [Anonymous Symbol]                       0x000023cc   Section        0  rtx_thread.o(.text.svcRtxThreadExit)
    __arm_cp.73_0                            0x00002424   Number         4  rtx_thread.o(.text.svcRtxThreadExit)
    svcRtxThreadFlagsSet                     0x00002429   Thumb Code   124  rtx_thread.o(.text.svcRtxThreadFlagsSet)
    [Anonymous Symbol]                       0x00002428   Section        0  rtx_thread.o(.text.svcRtxThreadFlagsSet)
    svcRtxThreadFlagsWait                    0x000024a5   Thumb Code   140  rtx_thread.o(.text.svcRtxThreadFlagsWait)
    [Anonymous Symbol]                       0x000024a4   Section        0  rtx_thread.o(.text.svcRtxThreadFlagsWait)
    __arm_cp.84_0                            0x00002530   Number         4  rtx_thread.o(.text.svcRtxThreadFlagsWait)
    svcRtxThreadNew                          0x00002535   Thumb Code   532  rtx_thread.o(.text.svcRtxThreadNew)
    [Anonymous Symbol]                       0x00002534   Section        0  rtx_thread.o(.text.svcRtxThreadNew)
    __arm_cp.21_0                            0x00002748   Number         4  rtx_thread.o(.text.svcRtxThreadNew)
    __arm_cp.21_1                            0x0000274c   Number         4  rtx_thread.o(.text.svcRtxThreadNew)
    __arm_cp.21_2                            0x00002750   Number         4  rtx_thread.o(.text.svcRtxThreadNew)
    __arm_cp.21_3                            0x00002754   Number         4  rtx_thread.o(.text.svcRtxThreadNew)
    __arm_cp.21_4                            0x00002758   Number         4  rtx_thread.o(.text.svcRtxThreadNew)
    i.__scatterload_copy                     0x0000275c   Section       14  handlers.o(i.__scatterload_copy)
    i.__scatterload_null                     0x0000276a   Section        2  handlers.o(i.__scatterload_null)
    i.__scatterload_zeroinit                 0x0000276c   Section       14  handlers.o(i.__scatterload_zeroinit)
    __tagsym$$used.0                         0x0000277c   Number         0  rtx_lib.o(.rodata)
    __tagsym$$used.1                         0x000027ec   Number         0  rtx_lib.o(.rodata)
    __tagsym$$used.0                         0x00002824   Number         0  eventrecorder.o(.rodata.EventRecorderInfo)
    os_idle_thread_attr                      0x00002840   Data          36  rtx_lib.o(.rodata.os_idle_thread_attr)
    [Anonymous Symbol]                       0x00002840   Section        0  rtx_lib.o(.rodata.os_idle_thread_attr)
    os_timer_mq_attr                         0x00002864   Data          24  rtx_lib.o(.rodata.os_timer_mq_attr)
    [Anonymous Symbol]                       0x00002864   Section        0  rtx_lib.o(.rodata.os_timer_mq_attr)
    os_timer_thread_attr                     0x0000287c   Data          36  rtx_lib.o(.rodata.os_timer_thread_attr)
    [Anonymous Symbol]                       0x0000287c   Section        0  rtx_lib.o(.rodata.os_timer_thread_attr)
    [Anonymous Symbol]                       0x000028a0   Section        0  rtx_kernel.o(.rodata.str1.4)
    EventBuffer                              0x20000000   Data        1024  eventrecorder.o(.bss.noinit)
    [Anonymous Symbol]                       0x20000000   Section        0  eventrecorder.o(.bss.noinit)
    EventFilter                              0x20000400   Data         128  eventrecorder.o(.bss.noinit)
    EventStatus                              0x20000480   Data          36  eventrecorder.o(.bss.noinit)
    [Anonymous Symbol]                       0x20000550   Section        0  blinky.o(.bss..L_MergedGlobals)
    os_isr_queue                             0x20000568   Data          64  rtx_lib.o(.bss.os)
    [Anonymous Symbol]                       0x20000568   Section        0  rtx_lib.o(.bss.os)
    os_mem                                   0x200005a8   Data        4096  rtx_lib.o(.bss.os)
    PendST                                   0x200015a8   Data           1  os_systick.o(.bss.os)
    [Anonymous Symbol]                       0x200015a8   Section        0  os_systick.o(.bss.os)
    os_timer_mq_cb                           0x200015ac   Data          52  rtx_lib.o(.bss.os.msgqueue.cb)
    [Anonymous Symbol]                       0x200015ac   Section        0  rtx_lib.o(.bss.os.msgqueue.cb)
    os_timer_mq_data                         0x200015e0   Data          80  rtx_lib.o(.bss.os.msgqueue.mem)
    [Anonymous Symbol]                       0x200015e0   Section        0  rtx_lib.o(.bss.os.msgqueue.mem)
    os_idle_thread_cb                        0x20001630   Data          80  rtx_lib.o(.bss.os.thread.cb)
    [Anonymous Symbol]                       0x20001630   Section        0  rtx_lib.o(.bss.os.thread.cb)
    os_timer_thread_cb                       0x20001680   Data          80  rtx_lib.o(.bss.os.thread.cb)
    os_idle_thread_stack                     0x200016d0   Data         512  rtx_lib.o(.bss.os.thread.idle.stack)
    [Anonymous Symbol]                       0x200016d0   Section        0  rtx_lib.o(.bss.os.thread.idle.stack)
    os_timer_thread_stack                    0x200018d0   Data         512  rtx_lib.o(.bss.os.thread.timer.stack)
    [Anonymous Symbol]                       0x200018d0   Section        0  rtx_lib.o(.bss.os.thread.timer.stack)
    SysTimerState                            0x20001ad0   Data           1  eventrecorder.o(.bss.SysTimerState)
    [Anonymous Symbol]                       0x20001ad0   Section        0  eventrecorder.o(.bss.SysTimerState)
    FPCCR                                    0xe000ef34   Number         0  irq_armv7m.o ABSOLUTE

    Global Symbols

    Symbol Name                              Value     Ov Type        Size  Object(Section)

    BuildAttributes$$THM_ISAv4$E$P$D$K$B$S$7EM$VFPi3$EXTD16$VFPS$VFMA$PE$A:L22UL41UL21$X:L11$S22US41US21$IEEE1$IW$USESV6$~STKCKD$USESV7$WCHAR32$ENUMINT$~SHL$OSPACE$ROPI$EBA8$MICROLIB$REQ8$PRES8$EABIv2 0x00000000   Number         0  anon$$obj.o ABSOLUTE
    __Vectors                                0x00000000   Data         960  startup_armcm4.o(RESET)
    _printf_a                                0x00000000   Number         0  printfstubs.o ABSOLUTE
    _printf_c                                0x00000000   Number         0  printfstubs.o ABSOLUTE
    _printf_charcount                        0x00000000   Number         0  printfstubs.o ABSOLUTE
    _printf_d                                0x00000000   Number         0  printfstubs.o ABSOLUTE
    _printf_e                                0x00000000   Number         0  printfstubs.o ABSOLUTE
    _printf_f                                0x00000000   Number         0  printfstubs.o ABSOLUTE
    _printf_flags                            0x00000000   Number         0  printfstubs.o ABSOLUTE
    _printf_fp_dec                           0x00000000   Number         0  printfstubs.o ABSOLUTE
    _printf_fp_hex                           0x00000000   Number         0  printfstubs.o ABSOLUTE
    _printf_g                                0x00000000   Number         0  printfstubs.o ABSOLUTE
    _printf_i                                0x00000000   Number         0  printfstubs.o ABSOLUTE
    _printf_int_dec                          0x00000000   Number         0  printfstubs.o ABSOLUTE
    _printf_l                                0x00000000   Number         0  printfstubs.o ABSOLUTE
    _printf_lc                               0x00000000   Number         0  printfstubs.o ABSOLUTE
    _printf_ll                               0x00000000   Number         0  printfstubs.o ABSOLUTE
    _printf_lld                              0x00000000   Number         0  printfstubs.o ABSOLUTE
    _printf_lli                              0x00000000   Number         0  printfstubs.o ABSOLUTE
    _printf_llo                              0x00000000   Number         0  printfstubs.o ABSOLUTE
    _printf_llu                              0x00000000   Number         0  printfstubs.o ABSOLUTE
    _printf_llx                              0x00000000   Number         0  printfstubs.o ABSOLUTE
    _printf_longlong_dec                     0x00000000   Number         0  printfstubs.o ABSOLUTE
    _printf_longlong_hex                     0x00000000   Number         0  printfstubs.o ABSOLUTE
    _printf_longlong_oct                     0x00000000   Number         0  printfstubs.o ABSOLUTE
    _printf_ls                               0x00000000   Number         0  printfstubs.o ABSOLUTE
    _printf_mbtowc                           0x00000000   Number         0  printfstubs.o ABSOLUTE
    _printf_n                                0x00000000   Number         0  printfstubs.o ABSOLUTE
    _printf_o                                0x00000000   Number         0  printfstubs.o ABSOLUTE
    _printf_p                                0x00000000   Number         0  printfstubs.o ABSOLUTE
    _printf_percent                          0x00000000   Number         0  printfstubs.o ABSOLUTE
    _printf_pre_padding                      0x00000000   Number         0  printfstubs.o ABSOLUTE
    _printf_return_value                     0x00000000   Number         0  printfstubs.o ABSOLUTE
    _printf_s                                0x00000000   Number         0  printfstubs.o ABSOLUTE
    _printf_sizespec                         0x00000000   Number         0  printfstubs.o ABSOLUTE
    _printf_str                              0x00000000   Number         0  printfstubs.o ABSOLUTE
    _printf_truncate_signed                  0x00000000   Number         0  printfstubs.o ABSOLUTE
    _printf_truncate_unsigned                0x00000000   Number         0  printfstubs.o ABSOLUTE
    _printf_u                                0x00000000   Number         0  printfstubs.o ABSOLUTE
    _printf_wc                               0x00000000   Number         0  printfstubs.o ABSOLUTE
    _printf_wctomb                           0x00000000   Number         0  printfstubs.o ABSOLUTE
    _printf_widthprec                        0x00000000   Number         0  printfstubs.o ABSOLUTE
    _printf_x                                0x00000000   Number         0  printfstubs.o ABSOLUTE
    .bss.os.evflags.cb$$Base                  - Undefined Weak Reference
    .bss.os.evflags.cb$$Limit                 - Undefined Weak Reference
    .bss.os.mempool.cb$$Base                  - Undefined Weak Reference
    .bss.os.mempool.cb$$Limit                 - Undefined Weak Reference
    .bss.os.mutex.cb$$Base                    - Undefined Weak Reference
    .bss.os.mutex.cb$$Limit                   - Undefined Weak Reference
    .bss.os.semaphore.cb$$Base                - Undefined Weak Reference
    .bss.os.semaphore.cb$$Limit               - Undefined Weak Reference
    .bss.os.timer.cb$$Base                    - Undefined Weak Reference
    .bss.os.timer.cb$$Limit                   - Undefined Weak Reference
    __cpp_initialize__aeabi_                  - Undefined Weak Reference
    __cxa_finalize                            - Undefined Weak Reference
    __decompress                              - Undefined Weak Reference
    _clock_init                               - Undefined Weak Reference
    _microlib_exit                            - Undefined Weak Reference
    __main                                   0x000003c1   Thumb Code     0  entry.o(.ARM.Collect$$$$00000000)
    _main_stk                                0x000003c1   Thumb Code     0  entry4.o(.ARM.Collect$$$$00000003)
    _main_scatterload                        0x000003c5   Thumb Code     0  entry5.o(.ARM.Collect$$$$00000004)
    __main_after_scatterload                 0x000003c9   Thumb Code     0  entry5.o(.ARM.Collect$$$$00000004)
    _main_clock                              0x000003c9   Thumb Code     0  entry7b.o(.ARM.Collect$$$$00000008)
    _main_cpp_init                           0x000003c9   Thumb Code     0  entry8b.o(.ARM.Collect$$$$0000000A)
    _main_init                               0x000003c9   Thumb Code     0  entry9a.o(.ARM.Collect$$$$0000000B)
    __rt_final_cpp                           0x000003d1   Thumb Code     0  entry10a.o(.ARM.Collect$$$$0000000D)
    __rt_final_exit                          0x000003d1   Thumb Code     0  entry11a.o(.ARM.Collect$$$$0000000F)
    SVC_Handler                              0x000003d5   Thumb Code   146  irq_armv7m.o(.text)
    PendSV_Handler                           0x00000467   Thumb Code    16  irq_armv7m.o(.text)
    SysTick_Handler                          0x00000477   Thumb Code    16  irq_armv7m.o(.text)
    __aeabi_memcpy                           0x00000495   Thumb Code    36  memcpya.o(.text)
    __aeabi_memcpy4                          0x00000495   Thumb Code     0  memcpya.o(.text)
    __aeabi_memcpy8                          0x00000495   Thumb Code     0  memcpya.o(.text)
    __aeabi_memset                           0x000004b9   Thumb Code    14  memseta.o(.text)
    __aeabi_memset4                          0x000004b9   Thumb Code     0  memseta.o(.text)
    __aeabi_memset8                          0x000004b9   Thumb Code     0  memseta.o(.text)
    __aeabi_memclr                           0x000004c7   Thumb Code     4  memseta.o(.text)
    __aeabi_memclr4                          0x000004c7   Thumb Code     0  memseta.o(.text)
    __aeabi_memclr8                          0x000004c7   Thumb Code     0  memseta.o(.text)
    _memset$wrapper                          0x000004cb   Thumb Code    18  memseta.o(.text)
    __scatterload                            0x000004dd   Thumb Code    28  init.o(.text)
    __scatterload_rt2                        0x000004dd   Thumb Code     0  init.o(.text)
    BusFault_Handler                         0x00000501   Thumb Code     2  startup_armcm4.o(.text.Default_Handler)
    DebugMon_Handler                         0x00000501   Thumb Code     2  startup_armcm4.o(.text.Default_Handler)
    Default_Handler                          0x00000501   Thumb Code     2  startup_armcm4.o(.text.Default_Handler)
    Interrupt0_Handler                       0x00000501   Thumb Code     2  startup_armcm4.o(.text.Default_Handler)
    Interrupt1_Handler                       0x00000501   Thumb Code     2  startup_armcm4.o(.text.Default_Handler)
    Interrupt2_Handler                       0x00000501   Thumb Code     2  startup_armcm4.o(.text.Default_Handler)
    Interrupt3_Handler                       0x00000501   Thumb Code     2  startup_armcm4.o(.text.Default_Handler)
    Interrupt4_Handler                       0x00000501   Thumb Code     2  startup_armcm4.o(.text.Default_Handler)
    Interrupt5_Handler                       0x00000501   Thumb Code     2  startup_armcm4.o(.text.Default_Handler)
    Interrupt6_Handler                       0x00000501   Thumb Code     2  startup_armcm4.o(.text.Default_Handler)
    Interrupt7_Handler                       0x00000501   Thumb Code     2  startup_armcm4.o(.text.Default_Handler)
    Interrupt8_Handler                       0x00000501   Thumb Code     2  startup_armcm4.o(.text.Default_Handler)
    Interrupt9_Handler                       0x00000501   Thumb Code     2  startup_armcm4.o(.text.Default_Handler)
    MemManage_Handler                        0x00000501   Thumb Code     2  startup_armcm4.o(.text.Default_Handler)
    NMI_Handler                              0x00000501   Thumb Code     2  startup_armcm4.o(.text.Default_Handler)
    UsageFault_Handler                       0x00000501   Thumb Code     2  startup_armcm4.o(.text.Default_Handler)
    EventRecord2                             0x0000057d   Thumb Code    58  eventrecorder.o(.text.EventRecord2)
    EventRecord4                             0x000005b9   Thumb Code   120  eventrecorder.o(.text.EventRecord4)
    EventRecorderDisable                     0x00000725   Thumb Code    92  eventrecorder.o(.text.EventRecorderDisable)
    EventRecorderEnable                      0x00000781   Thumb Code    92  eventrecorder.o(.text.EventRecorderEnable)
    EventRecorderInitialize                  0x000007dd   Thumb Code   244  eventrecorder.o(.text.EventRecorderInitialize)
    EventRecorderStart                       0x000008ed   Thumb Code    32  eventrecorder.o(.text.EventRecorderStart)
    EventRecorderTimerGetCount               0x00000915   Thumb Code    20  eventrecorder.o(.text.EventRecorderTimerGetCount)
    EventRecorderTimerSetup                  0x00000929   Thumb Code    12  eventrecorder.o(.text.EventRecorderTimerSetup)
    EvrRtxDelay                              0x00000939   Thumb Code     8  rtx_evr.o(.text.EvrRtxDelay)
    EvrRtxDelayCompleted                     0x00000945   Thumb Code     8  rtx_evr.o(.text.EvrRtxDelayCompleted)
    EvrRtxDelayError                         0x00000951   Thumb Code    10  rtx_evr.o(.text.EvrRtxDelayError)
    EvrRtxDelayStarted                       0x0000095d   Thumb Code     8  rtx_evr.o(.text.EvrRtxDelayStarted)
    EvrRtxEventFlagsWaitTimeout              0x00000969   Thumb Code     8  rtx_evr.o(.text.EvrRtxEventFlagsWaitTimeout)
    EvrRtxKernelError                        0x00000975   Thumb Code    10  rtx_evr.o(.text.EvrRtxKernelError)
    EvrRtxKernelErrorNotify                  0x0000097f   Thumb Code    12  rtx_evr.o(.text.EvrRtxKernelErrorNotify)
    EvrRtxKernelInitialize                   0x0000098d   Thumb Code     8  rtx_evr.o(.text.EvrRtxKernelInitialize)
    EvrRtxKernelInitialized                  0x00000999   Thumb Code     8  rtx_evr.o(.text.EvrRtxKernelInitialized)
    EvrRtxKernelStart                        0x000009a5   Thumb Code     8  rtx_evr.o(.text.EvrRtxKernelStart)
    EvrRtxKernelStarted                      0x000009b1   Thumb Code     8  rtx_evr.o(.text.EvrRtxKernelStarted)
    EvrRtxMemoryAlloc                        0x000009bd   Thumb Code    16  rtx_evr.o(.text.EvrRtxMemoryAlloc)
    EvrRtxMemoryBlockAlloc                   0x000009d1   Thumb Code    12  rtx_evr.o(.text.EvrRtxMemoryBlockAlloc)
    EvrRtxMemoryBlockFree                    0x000009e1   Thumb Code    16  rtx_evr.o(.text.EvrRtxMemoryBlockFree)
    EvrRtxMemoryBlockInit                    0x000009f5   Thumb Code    16  rtx_evr.o(.text.EvrRtxMemoryBlockInit)
    EvrRtxMemoryFree                         0x00000a09   Thumb Code    16  rtx_evr.o(.text.EvrRtxMemoryFree)
    EvrRtxMemoryInit                         0x00000a1d   Thumb Code    16  rtx_evr.o(.text.EvrRtxMemoryInit)
    EvrRtxMemoryPoolAllocTimeout             0x00000a2d   Thumb Code     8  rtx_evr.o(.text.EvrRtxMemoryPoolAllocTimeout)
    EvrRtxMessageQueueCreated                0x00000a39   Thumb Code    12  rtx_evr.o(.text.EvrRtxMessageQueueCreated)
    EvrRtxMessageQueueError                  0x00000a49   Thumb Code    12  rtx_evr.o(.text.EvrRtxMessageQueueError)
    EvrRtxMessageQueueGet                    0x00000a55   Thumb Code    16  rtx_evr.o(.text.EvrRtxMessageQueueGet)
    EvrRtxMessageQueueGetPending             0x00000a69   Thumb Code    16  rtx_evr.o(.text.EvrRtxMessageQueueGetPending)
    EvrRtxMessageQueueGetTimeout             0x00000a7d   Thumb Code     8  rtx_evr.o(.text.EvrRtxMessageQueueGetTimeout)
    EvrRtxMessageQueueInsertPending          0x00000a89   Thumb Code    12  rtx_evr.o(.text.EvrRtxMessageQueueInsertPending)
    EvrRtxMessageQueueInserted               0x00000a99   Thumb Code    12  rtx_evr.o(.text.EvrRtxMessageQueueInserted)
    EvrRtxMessageQueueNotInserted            0x00000aa9   Thumb Code    12  rtx_evr.o(.text.EvrRtxMessageQueueNotInserted)
    EvrRtxMessageQueueNotRetrieved           0x00000ab9   Thumb Code    12  rtx_evr.o(.text.EvrRtxMessageQueueNotRetrieved)
    EvrRtxMessageQueuePut                    0x00000ac9   Thumb Code    16  rtx_evr.o(.text.EvrRtxMessageQueuePut)
    EvrRtxMessageQueuePutPending             0x00000add   Thumb Code    16  rtx_evr.o(.text.EvrRtxMessageQueuePutPending)
    EvrRtxMessageQueuePutTimeout             0x00000af1   Thumb Code     8  rtx_evr.o(.text.EvrRtxMessageQueuePutTimeout)
    EvrRtxMessageQueueRetrieved              0x00000afd   Thumb Code    12  rtx_evr.o(.text.EvrRtxMessageQueueRetrieved)
    EvrRtxMutexAcquireTimeout                0x00000b0d   Thumb Code     8  rtx_evr.o(.text.EvrRtxMutexAcquireTimeout)
    EvrRtxMutexAcquired                      0x00000b19   Thumb Code    12  rtx_evr.o(.text.EvrRtxMutexAcquired)
    EvrRtxMutexReleased                      0x00000b29   Thumb Code    12  rtx_evr.o(.text.EvrRtxMutexReleased)
    EvrRtxSemaphoreAcquireTimeout            0x00000b39   Thumb Code     8  rtx_evr.o(.text.EvrRtxSemaphoreAcquireTimeout)
    EvrRtxThreadBlocked                      0x00000b45   Thumb Code    12  rtx_evr.o(.text.EvrRtxThreadBlocked)
    EvrRtxThreadCreated                      0x00000b55   Thumb Code    20  rtx_evr.o(.text.EvrRtxThreadCreated)
    EvrRtxThreadDestroyed                    0x00000b6d   Thumb Code     8  rtx_evr.o(.text.EvrRtxThreadDestroyed)
    EvrRtxThreadError                        0x00000b79   Thumb Code    12  rtx_evr.o(.text.EvrRtxThreadError)
    EvrRtxThreadExit                         0x00000b85   Thumb Code     8  rtx_evr.o(.text.EvrRtxThreadExit)
    EvrRtxThreadFlagsError                   0x00000b91   Thumb Code    12  rtx_evr.o(.text.EvrRtxThreadFlagsError)
    EvrRtxThreadFlagsSet                     0x00000b9d   Thumb Code    12  rtx_evr.o(.text.EvrRtxThreadFlagsSet)
    EvrRtxThreadFlagsSetDone                 0x00000bad   Thumb Code    12  rtx_evr.o(.text.EvrRtxThreadFlagsSetDone)
    EvrRtxThreadFlagsWait                    0x00000bbd   Thumb Code    16  rtx_evr.o(.text.EvrRtxThreadFlagsWait)
    EvrRtxThreadFlagsWaitCompleted           0x00000bd1   Thumb Code    16  rtx_evr.o(.text.EvrRtxThreadFlagsWaitCompleted)
    EvrRtxThreadFlagsWaitNotCompleted        0x00000be5   Thumb Code    12  rtx_evr.o(.text.EvrRtxThreadFlagsWaitNotCompleted)
    EvrRtxThreadFlagsWaitPending             0x00000bf5   Thumb Code    16  rtx_evr.o(.text.EvrRtxThreadFlagsWaitPending)
    EvrRtxThreadFlagsWaitTimeout             0x00000c09   Thumb Code     8  rtx_evr.o(.text.EvrRtxThreadFlagsWaitTimeout)
    EvrRtxThreadJoined                       0x00000c15   Thumb Code     8  rtx_evr.o(.text.EvrRtxThreadJoined)
    EvrRtxThreadNew                          0x00000c21   Thumb Code    16  rtx_evr.o(.text.EvrRtxThreadNew)
    EvrRtxThreadPreempted                    0x00000c35   Thumb Code     8  rtx_evr.o(.text.EvrRtxThreadPreempted)
    EvrRtxThreadSwitched                     0x00000c41   Thumb Code     8  rtx_evr.o(.text.EvrRtxThreadSwitched)
    EvrRtxThreadUnblocked                    0x00000c4d   Thumb Code    12  rtx_evr.o(.text.EvrRtxThreadUnblocked)
    EvrRtxTimerCallback                      0x00000c5d   Thumb Code    12  rtx_evr.o(.text.EvrRtxTimerCallback)
    HardFault_Handler                        0x00000c6d   Thumb Code     2  startup_armcm4.o(.text.HardFault_Handler)
    OS_Tick_AcknowledgeIRQ                   0x00000d39   Thumb Code     8  os_systick.o(.text.OS_Tick_AcknowledgeIRQ)
    OS_Tick_Enable                           0x00000d41   Thumb Code    32  os_systick.o(.text.OS_Tick_Enable)
    OS_Tick_GetCount                         0x00000d61   Thumb Code    20  os_systick.o(.text.OS_Tick_GetCount)
    OS_Tick_GetIRQn                          0x00000d75   Thumb Code     6  os_systick.o(.text.OS_Tick_GetIRQn)
    OS_Tick_GetInterval                      0x00000d7d   Thumb Code     8  os_systick.o(.text.OS_Tick_GetInterval)
    OS_Tick_GetOverflow                      0x00000d89   Thumb Code    12  os_systick.o(.text.OS_Tick_GetOverflow)
    OS_Tick_Setup                            0x00000d99   Thumb Code    48  os_systick.o(.text.OS_Tick_Setup)
    Reset_Handler                            0x00000ebf   Thumb Code     8  startup_armcm4.o(.text.Reset_Handler)
    SystemCoreClockUpdate                    0x00000ee9   Thumb Code     8  system_armcm4.o(.text.SystemCoreClockUpdate)
    SystemInit                               0x00000ef1   Thumb Code    28  system_armcm4.o(.text.SystemInit)
    app_main                                 0x00000fc5   Thumb Code    48  blinky.o(.text.app_main)
    main                                     0x00001001   Thumb Code    32  blinky.o(.text.main)
    osDelay                                  0x00001025   Thumb Code    52  rtx_delay.o(.text.osDelay)
    osKernelGetState                         0x0000105d   Thumb Code    40  rtx_kernel.o(.text.osKernelGetState)
    osKernelGetSysTimerCount                 0x0000108d   Thumb Code    32  rtx_kernel.o(.text.osKernelGetSysTimerCount)
    osKernelInitialize                       0x000010b1   Thumb Code    44  rtx_kernel.o(.text.osKernelInitialize)
    osKernelStart                            0x000010e1   Thumb Code    40  rtx_kernel.o(.text.osKernelStart)
    osMessageQueueGet                        0x0000110d   Thumb Code   140  rtx_msgqueue.o(.text.osMessageQueueGet)
    osMessageQueuePut                        0x0000119d   Thumb Code   136  rtx_msgqueue.o(.text.osMessageQueuePut)
    osRtxErrorNotify                         0x00001229   Thumb Code     2  rtx_config.o(.text.osRtxErrorNotify)
    osRtxIdleThread                          0x0000122b   Thumb Code     2  rtx_config.o(.text.osRtxIdleThread)
    osRtxKernelBeforeInit                    0x0000122d   Thumb Code   204  rtx_lib.o(.text.osRtxKernelBeforeInit)
    osRtxKernelErrorNotify                   0x00001301   Thumb Code    22  rtx_kernel.o(.text.osRtxKernelErrorNotify)
    osRtxMemoryAlloc                         0x00001317   Thumb Code   124  rtx_memory.o(.text.osRtxMemoryAlloc)
    osRtxMemoryFree                          0x00001393   Thumb Code    76  rtx_memory.o(.text.osRtxMemoryFree)
    osRtxMemoryInit                          0x000013df   Thumb Code    62  rtx_memory.o(.text.osRtxMemoryInit)
    osRtxMemoryPoolAlloc                     0x0000141d   Thumb Code    68  rtx_mempool.o(.text.osRtxMemoryPoolAlloc)
    osRtxMemoryPoolFree                      0x00001461   Thumb Code    86  rtx_mempool.o(.text.osRtxMemoryPoolFree)
    osRtxMemoryPoolInit                      0x000014b7   Thumb Code    74  rtx_mempool.o(.text.osRtxMemoryPoolInit)
    osRtxMessageQueueTimerSetup              0x000015e1   Thumb Code    32  rtx_msgqueue.o(.text.osRtxMessageQueueTimerSetup)
    osRtxMutexOwnerRelease                   0x00001605   Thumb Code    88  rtx_mutex.o(.text.osRtxMutexOwnerRelease)
    osRtxMutexOwnerRestore                   0x0000165d   Thumb Code    72  rtx_mutex.o(.text.osRtxMutexOwnerRestore)
    osRtxPendSV_Handler                      0x000016a5   Thumb Code   136  rtx_system.o(.text.osRtxPendSV_Handler)
    osRtxPostProcess                         0x0000172d   Thumb Code   108  rtx_system.o(.text.osRtxPostProcess)
    osRtxThreadBeforeFree                    0x0000179d   Thumb Code     2  rtx_thread.o(.text.osRtxThreadBeforeFree)
    osRtxThreadDelayRemove                   0x00001859   Thumb Code    60  rtx_thread.o(.text.osRtxThreadDelayRemove)
    osRtxThreadDelayTick                     0x00001895   Thumb Code   188  rtx_thread.o(.text.osRtxThreadDelayTick)
    osRtxThreadDestroy                       0x00001951   Thumb Code    48  rtx_thread.o(.text.osRtxThreadDestroy)
    osRtxThreadDispatch                      0x00001985   Thumb Code    84  rtx_thread.o(.text.osRtxThreadDispatch)
    osRtxThreadJoinWakeup                    0x00001a35   Thumb Code    36  rtx_thread.o(.text.osRtxThreadJoinWakeup)
    osRtxThreadListGet                       0x00001a59   Thumb Code    18  rtx_thread.o(.text.osRtxThreadListGet)
    osRtxThreadListPut                       0x00001a6b   Thumb Code    44  rtx_thread.o(.text.osRtxThreadListPut)
    osRtxThreadListRemove                    0x00001a97   Thumb Code    20  rtx_thread.o(.text.osRtxThreadListRemove)
    osRtxThreadListSort                      0x00001ab7   Thumb Code    38  rtx_thread.o(.text.osRtxThreadListSort)
    osRtxThreadReadyPut                      0x00001b0d   Thumb Code    16  rtx_thread.o(.text.osRtxThreadReadyPut)
    osRtxThreadRegPtr                        0x00001b1d   Thumb Code    20  rtx_thread.o(.text.osRtxThreadRegPtr)
    osRtxThreadStackCheck                    0x00001b31   Thumb Code    24  rtx_thread.o(.text.osRtxThreadStackCheck)
    osRtxThreadStartup                       0x00001b4d   Thumb Code    48  rtx_thread.o(.text.osRtxThreadStartup)
    osRtxThreadSwitch                        0x00001b89   Thumb Code    32  rtx_thread.o(.text.osRtxThreadSwitch)
    osRtxThreadWaitEnter                     0x00001bad   Thumb Code    64  rtx_thread.o(.text.osRtxThreadWaitEnter)
    osRtxThreadWaitExit                      0x00001bf1   Thumb Code    54  rtx_thread.o(.text.osRtxThreadWaitExit)
    osRtxTick_Handler                        0x00001c29   Thumb Code   120  rtx_system.o(.text.osRtxTick_Handler)
    osRtxTimerSetup                          0x00001ca1   Thumb Code    24  rtx_timer.o(.text.osRtxTimerSetup)
    osRtxTimerThread                         0x00001cbd   Thumb Code    40  rtx_timer.o(.text.osRtxTimerThread)
    osThreadExit                             0x00001d5d   Thumb Code    24  rtx_thread.o(.text.osThreadExit)
    osThreadFlagsSet                         0x00001d79   Thumb Code   120  rtx_thread.o(.text.osThreadFlagsSet)
    osThreadFlagsWait                        0x00001df5   Thumb Code    48  rtx_thread.o(.text.osThreadFlagsWait)
    osThreadNew                              0x00001e29   Thumb Code    56  rtx_thread.o(.text.osThreadNew)
    phaseA                                   0x00001e65   Thumb Code    40  blinky.o(.text.phaseA)
    phaseB                                   0x00001e8d   Thumb Code    40  blinky.o(.text.phaseB)
    signal_func                              0x00001eb9   Thumb Code     6  blinky.o(.text.signal_func)
    __scatterload_copy                       0x0000275d   Thumb Code    14  handlers.o(i.__scatterload_copy)
    __scatterload_null                       0x0000276b   Thumb Code     2  handlers.o(i.__scatterload_null)
    __scatterload_zeroinit                   0x0000276d   Thumb Code    14  handlers.o(i.__scatterload_zeroinit)
    osRtxConfig                              0x0000277c   Data         112  rtx_lib.o(.rodata)
    os_cb_sections                           0x000027ec   Data          56  rtx_lib.o(.rodata)
    EventRecorderInfo                        0x00002824   Data          24  eventrecorder.o(.rodata.EventRecorderInfo)
    osRtxUserSVC                             0x0000283c   Data           4  rtx_lib.o(.rodata.osRtxUserSVC)
    Region$$Table$$Base                      0x000028ac   Number         0  anon$$obj.o(Region$$Table)
    Region$$Table$$Limit                     0x000028cc   Number         0  anon$$obj.o(Region$$Table)
    SystemCoreClock                          0x200004a8   Data           4  system_armcm4.o(.data.SystemCoreClock)
    osRtxInfo                                0x200004ac   Data         164  rtx_kernel.o(.data.os)
    tid_phaseB                               0x20000550   Data           4  blinky.o(.bss..L_MergedGlobals)
    tid_phaseA                               0x20000554   Data           4  blinky.o(.bss..L_MergedGlobals)
    g_phases                                 0x20000558   Data          16  blinky.o(.bss..L_MergedGlobals)
    .bss.os.msgqueue.cb$$Base                0x200015ac   Number         0  rtx_lib.o(.bss.os.msgqueue.cb)
    .bss.os.msgqueue.cb$$Limit               0x200015e0   Number         0  rtx_lib.o(.bss.os.msgqueue.cb)
    .bss.os.thread.cb$$Base                  0x20001630   Number         0  rtx_lib.o(.bss.os.thread.cb)
    .bss.os.thread.cb$$Limit                 0x200016d0   Number         0  rtx_lib.o(.bss.os.thread.cb)
    Image$$ARM_LIB_STACK$$ZI$$Limit          0x20020000   Number         0  anon$$obj.o ABSOLUTE



==============================================================================

Memory Map of the image

  Image Entry point : 0x000003c1

  Load Region LR_ROM (Base: 0x00000000, Size: 0x00002978, Max: 0x00040000, ABSOLUTE)

    Execution Region ER_ROM (Exec base: 0x00000000, Load base: 0x00000000, Size: 0x000028cc, Max: 0x00040000, ABSOLUTE)

    Exec Addr    Load Addr    Size         Type   Attr      Idx    E Section Name        Object

    0x00000000   0x00000000   0x000003c0   Data   RO         1202    RESET               startup_armcm4.o
    0x000003c0   0x000003c0   0x00000000   Code   RO         1221  * .ARM.Collect$$$$00000000  mc_w.l(entry.o)
    0x000003c0   0x000003c0   0x00000004   Code   RO         1497    .ARM.Collect$$$$00000003  mc_w.l(entry4.o)
    0x000003c4   0x000003c4   0x00000004   Code   RO         1500    .ARM.Collect$$$$00000004  mc_w.l(entry5.o)
    0x000003c8   0x000003c8   0x00000000   Code   RO         1502    .ARM.Collect$$$$00000008  mc_w.l(entry7b.o)
    0x000003c8   0x000003c8   0x00000000   Code   RO         1504    .ARM.Collect$$$$0000000A  mc_w.l(entry8b.o)
    0x000003c8   0x000003c8   0x00000008   Code   RO         1505    .ARM.Collect$$$$0000000B  mc_w.l(entry9a.o)
    0x000003d0   0x000003d0   0x00000000   Code   RO         1507    .ARM.Collect$$$$0000000D  mc_w.l(entry10a.o)
    0x000003d0   0x000003d0   0x00000000   Code   RO         1509    .ARM.Collect$$$$0000000F  mc_w.l(entry11a.o)
    0x000003d0   0x000003d0   0x00000004   Code   RO         1498    .ARM.Collect$$$$00002714  mc_w.l(entry4.o)
    0x000003d4   0x000003d4   0x000000c0   Code   RO           34    .text               irq_armv7m.o
    0x00000494   0x00000494   0x00000024   Code   RO         1230    .text               mc_w.l(memcpya.o)
    0x000004b8   0x000004b8   0x00000024   Code   RO         1232    .text               mc_w.l(memseta.o)
    0x000004dc   0x000004dc   0x00000024   Code   RO         1535    .text               mc_w.l(init.o)
    0x00000500   0x00000500   0x00000002   Code   RO         1196    .text.Default_Handler  startup_armcm4.o
    0x00000502   0x00000502   0x00000002   PAD
    0x00000504   0x00000504   0x00000020   Code   RO         1179    .text.EventCheckFilter  eventrecorder.o
    0x00000524   0x00000524   0x00000058   Code   RO         1165    .text.EventGetTS    eventrecorder.o
    0x0000057c   0x0000057c   0x0000003a   Code   RO         1181    .text.EventRecord2  eventrecorder.o
    0x000005b6   0x000005b6   0x00000002   PAD
    0x000005b8   0x000005b8   0x0000007c   Code   RO         1183    .text.EventRecord4  eventrecorder.o
    0x00000634   0x00000634   0x000000f0   Code   RO         1167    .text.EventRecordItem  eventrecorder.o
    0x00000724   0x00000724   0x0000005c   Code   RO         1171    .text.EventRecorderDisable  eventrecorder.o
    0x00000780   0x00000780   0x0000005c   Code   RO         1163    .text.EventRecorderEnable  eventrecorder.o
    0x000007dc   0x000007dc   0x00000110   Code   RO         1161    .text.EventRecorderInitialize  eventrecorder.o
    0x000008ec   0x000008ec   0x00000028   Code   RO         1169    .text.EventRecorderStart  eventrecorder.o
    0x00000914   0x00000914   0x00000014   Code   RO         1159    .text.EventRecorderTimerGetCount  eventrecorder.o
    0x00000928   0x00000928   0x00000010   Code   RO         1153    .text.EventRecorderTimerSetup  eventrecorder.o
    0x00000938   0x00000938   0x0000000c   Code   RO          262    .text.EvrRtxDelay   rtx_evr.o
    0x00000944   0x00000944   0x0000000c   Code   RO          270    .text.EvrRtxDelayCompleted  rtx_evr.o
    0x00000950   0x00000950   0x0000000a   Code   RO          260    .text.EvrRtxDelayError  rtx_evr.o
    0x0000095a   0x0000095a   0x00000002   PAD
    0x0000095c   0x0000095c   0x0000000c   Code   RO          266    .text.EvrRtxDelayStarted  rtx_evr.o
    0x00000968   0x00000968   0x0000000c   Code   RO          318    .text.EvrRtxEventFlagsWaitTimeout  rtx_evr.o
    0x00000974   0x00000974   0x0000000a   Code   RO          112    .text.EvrRtxKernelError  rtx_evr.o
    0x0000097e   0x0000097e   0x0000000c   Code   RO          154    .text.EvrRtxKernelErrorNotify  rtx_evr.o
    0x0000098a   0x0000098a   0x00000002   PAD
    0x0000098c   0x0000098c   0x0000000c   Code   RO          114    .text.EvrRtxKernelInitialize  rtx_evr.o
    0x00000998   0x00000998   0x0000000c   Code   RO          116    .text.EvrRtxKernelInitialized  rtx_evr.o
    0x000009a4   0x000009a4   0x0000000c   Code   RO          122    .text.EvrRtxKernelStart  rtx_evr.o
    0x000009b0   0x000009b0   0x0000000c   Code   RO          124    .text.EvrRtxKernelStarted  rtx_evr.o
    0x000009bc   0x000009bc   0x00000014   Code   RO          102    .text.EvrRtxMemoryAlloc  rtx_evr.o
    0x000009d0   0x000009d0   0x00000010   Code   RO          108    .text.EvrRtxMemoryBlockAlloc  rtx_evr.o
    0x000009e0   0x000009e0   0x00000014   Code   RO          110    .text.EvrRtxMemoryBlockFree  rtx_evr.o
    0x000009f4   0x000009f4   0x00000014   Code   RO          106    .text.EvrRtxMemoryBlockInit  rtx_evr.o
    0x00000a08   0x00000a08   0x00000014   Code   RO          104    .text.EvrRtxMemoryFree  rtx_evr.o
    0x00000a1c   0x00000a1c   0x00000010   Code   RO          100    .text.EvrRtxMemoryInit  rtx_evr.o
    0x00000a2c   0x00000a2c   0x0000000c   Code   RO          396    .text.EvrRtxMemoryPoolAllocTimeout  rtx_evr.o
    0x00000a38   0x00000a38   0x00000010   Code   RO          424    .text.EvrRtxMessageQueueCreated  rtx_evr.o
    0x00000a48   0x00000a48   0x0000000c   Code   RO          420    .text.EvrRtxMessageQueueError  rtx_evr.o
    0x00000a54   0x00000a54   0x00000014   Code   RO          440    .text.EvrRtxMessageQueueGet  rtx_evr.o
    0x00000a68   0x00000a68   0x00000014   Code   RO          442    .text.EvrRtxMessageQueueGetPending  rtx_evr.o
    0x00000a7c   0x00000a7c   0x0000000c   Code   RO          444    .text.EvrRtxMessageQueueGetTimeout  rtx_evr.o
    0x00000a88   0x00000a88   0x00000010   Code   RO          434    .text.EvrRtxMessageQueueInsertPending  rtx_evr.o
    0x00000a98   0x00000a98   0x00000010   Code   RO          436    .text.EvrRtxMessageQueueInserted  rtx_evr.o
    0x00000aa8   0x00000aa8   0x00000010   Code   RO          438    .text.EvrRtxMessageQueueNotInserted  rtx_evr.o
    0x00000ab8   0x00000ab8   0x00000010   Code   RO          448    .text.EvrRtxMessageQueueNotRetrieved  rtx_evr.o
    0x00000ac8   0x00000ac8   0x00000014   Code   RO          428    .text.EvrRtxMessageQueuePut  rtx_evr.o
    0x00000adc   0x00000adc   0x00000014   Code   RO          430    .text.EvrRtxMessageQueuePutPending  rtx_evr.o
    0x00000af0   0x00000af0   0x0000000c   Code   RO          432    .text.EvrRtxMessageQueuePutTimeout  rtx_evr.o
    0x00000afc   0x00000afc   0x00000010   Code   RO          446    .text.EvrRtxMessageQueueRetrieved  rtx_evr.o
    0x00000b0c   0x00000b0c   0x0000000c   Code   RO          340    .text.EvrRtxMutexAcquireTimeout  rtx_evr.o
    0x00000b18   0x00000b18   0x00000010   Code   RO          342    .text.EvrRtxMutexAcquired  rtx_evr.o
    0x00000b28   0x00000b28   0x00000010   Code   RO          348    .text.EvrRtxMutexReleased  rtx_evr.o
    0x00000b38   0x00000b38   0x0000000c   Code   RO          368    .text.EvrRtxSemaphoreAcquireTimeout  rtx_evr.o
    0x00000b44   0x00000b44   0x00000010   Code   RO          204    .text.EvrRtxThreadBlocked  rtx_evr.o
    0x00000b54   0x00000b54   0x00000018   Code   RO          162    .text.EvrRtxThreadCreated  rtx_evr.o
    0x00000b6c   0x00000b6c   0x0000000c   Code   RO          216    .text.EvrRtxThreadDestroyed  rtx_evr.o
    0x00000b78   0x00000b78   0x0000000c   Code   RO          158    .text.EvrRtxThreadError  rtx_evr.o
    0x00000b84   0x00000b84   0x0000000c   Code   RO          212    .text.EvrRtxThreadExit  rtx_evr.o
    0x00000b90   0x00000b90   0x0000000c   Code   RO          238    .text.EvrRtxThreadFlagsError  rtx_evr.o
    0x00000b9c   0x00000b9c   0x00000010   Code   RO          240    .text.EvrRtxThreadFlagsSet  rtx_evr.o
    0x00000bac   0x00000bac   0x00000010   Code   RO          242    .text.EvrRtxThreadFlagsSetDone  rtx_evr.o
    0x00000bbc   0x00000bbc   0x00000014   Code   RO          250    .text.EvrRtxThreadFlagsWait  rtx_evr.o
    0x00000bd0   0x00000bd0   0x00000014   Code   RO          256    .text.EvrRtxThreadFlagsWaitCompleted  rtx_evr.o
    0x00000be4   0x00000be4   0x00000010   Code   RO          258    .text.EvrRtxThreadFlagsWaitNotCompleted  rtx_evr.o
    0x00000bf4   0x00000bf4   0x00000014   Code   RO          252    .text.EvrRtxThreadFlagsWaitPending  rtx_evr.o
    0x00000c08   0x00000c08   0x0000000c   Code   RO          254    .text.EvrRtxThreadFlagsWaitTimeout  rtx_evr.o
    0x00000c14   0x00000c14   0x0000000c   Code   RO          202    .text.EvrRtxThreadJoined  rtx_evr.o
    0x00000c20   0x00000c20   0x00000014   Code   RO          160    .text.EvrRtxThreadNew  rtx_evr.o
    0x00000c34   0x00000c34   0x0000000c   Code   RO          208    .text.EvrRtxThreadPreempted  rtx_evr.o
    0x00000c40   0x00000c40   0x0000000c   Code   RO          210    .text.EvrRtxThreadSwitched  rtx_evr.o
    0x00000c4c   0x00000c4c   0x00000010   Code   RO          206    .text.EvrRtxThreadUnblocked  rtx_evr.o
    0x00000c5c   0x00000c5c   0x00000010   Code   RO          274    .text.EvrRtxTimerCallback  rtx_evr.o
    0x00000c6c   0x00000c6c   0x00000002   Code   RO         1200    .text.HardFault_Handler  startup_armcm4.o
    0x00000c6e   0x00000c6e   0x00000016   Code   RO          875    .text.IsIrqMasked   rtx_thread.o
    0x00000c84   0x00000c84   0x00000040   Code   RO          701    .text.MessageQueueGet  rtx_msgqueue.o
    0x00000cc4   0x00000cc4   0x00000058   Code   RO          697    .text.MessageQueuePut  rtx_msgqueue.o
    0x00000d1c   0x00000d1c   0x0000001c   Code   RO          695    .text.MessageQueueRemove  rtx_msgqueue.o
    0x00000d38   0x00000d38   0x00000008   Code   RO         1093    .text.OS_Tick_AcknowledgeIRQ  os_systick.o
    0x00000d40   0x00000d40   0x00000020   Code   RO         1089    .text.OS_Tick_Enable  os_systick.o
    0x00000d60   0x00000d60   0x00000014   Code   RO         1101    .text.OS_Tick_GetCount  os_systick.o
    0x00000d74   0x00000d74   0x00000006   Code   RO         1095    .text.OS_Tick_GetIRQn  os_systick.o
    0x00000d7a   0x00000d7a   0x00000002   PAD
    0x00000d7c   0x00000d7c   0x0000000c   Code   RO         1099    .text.OS_Tick_GetInterval  os_systick.o
    0x00000d88   0x00000d88   0x00000010   Code   RO         1103    .text.OS_Tick_GetOverflow  os_systick.o
    0x00000d98   0x00000d98   0x0000003c   Code   RO         1087    .text.OS_Tick_Setup  os_systick.o
    0x00000dd4   0x00000dd4   0x0000000a   Code   RO           20    .text.OUTLINED_FUNCTION_0  blinky.o
    0x00000dde   0x00000dde   0x00000006   Code   RO          466    .text.OUTLINED_FUNCTION_0  rtx_evr.o
    0x00000de4   0x00000de4   0x0000000c   Code   RO          548    .text.OUTLINED_FUNCTION_0  rtx_kernel.o
    0x00000df0   0x00000df0   0x0000000e   Code   RO          709    .text.OUTLINED_FUNCTION_0  rtx_msgqueue.o
    0x00000dfe   0x00000dfe   0x00000010   Code   RO          999    .text.OUTLINED_FUNCTION_0  rtx_thread.o
    0x00000e0e   0x00000e0e   0x0000000c   Code   RO          468    .text.OUTLINED_FUNCTION_1  rtx_evr.o
    0x00000e1a   0x00000e1a   0x0000000c   Code   RO          550    .text.OUTLINED_FUNCTION_1  rtx_kernel.o
    0x00000e26   0x00000e26   0x0000000e   Code   RO          711    .text.OUTLINED_FUNCTION_1  rtx_msgqueue.o
    0x00000e34   0x00000e34   0x0000000c   Code   RO         1021    .text.OUTLINED_FUNCTION_11  rtx_thread.o
    0x00000e40   0x00000e40   0x0000000a   Code   RO         1027    .text.OUTLINED_FUNCTION_14  rtx_thread.o
    0x00000e4a   0x00000e4a   0x0000000a   Code   RO         1029    .text.OUTLINED_FUNCTION_15  rtx_thread.o
    0x00000e54   0x00000e54   0x00000008   Code   RO          470    .text.OUTLINED_FUNCTION_2  rtx_evr.o
    0x00000e5c   0x00000e5c   0x00000008   Code   RO          552    .text.OUTLINED_FUNCTION_2  rtx_kernel.o
    0x00000e64   0x00000e64   0x00000008   Code   RO          713    .text.OUTLINED_FUNCTION_2  rtx_msgqueue.o
    0x00000e6c   0x00000e6c   0x0000000c   Code   RO         1003    .text.OUTLINED_FUNCTION_2  rtx_thread.o
    0x00000e78   0x00000e78   0x00000008   Code   RO          472    .text.OUTLINED_FUNCTION_3  rtx_evr.o
    0x00000e80   0x00000e80   0x00000006   Code   RO          554    .text.OUTLINED_FUNCTION_3  rtx_kernel.o
    0x00000e86   0x00000e86   0x0000000c   Code   RO          715    .text.OUTLINED_FUNCTION_3  rtx_msgqueue.o
    0x00000e92   0x00000e92   0x0000000c   Code   RO         1005    .text.OUTLINED_FUNCTION_3  rtx_thread.o
    0x00000e9e   0x00000e9e   0x00000006   Code   RO          717    .text.OUTLINED_FUNCTION_4  rtx_msgqueue.o
    0x00000ea4   0x00000ea4   0x00000008   Code   RO         1011    .text.OUTLINED_FUNCTION_6  rtx_thread.o
    0x00000eac   0x00000eac   0x00000006   Code   RO         1013    .text.OUTLINED_FUNCTION_7  rtx_thread.o
    0x00000eb2   0x00000eb2   0x0000000c   Code   RO         1017    .text.OUTLINED_FUNCTION_9  rtx_thread.o
    0x00000ebe   0x00000ebe   0x00000008   Code   RO         1198    .text.Reset_Handler  startup_armcm4.o
    0x00000ec6   0x00000ec6   0x00000002   PAD
    0x00000ec8   0x00000ec8   0x00000020   Code   RO         1157    .text.SysTimerIsRunning  eventrecorder.o
    0x00000ee8   0x00000ee8   0x00000008   Code   RO         1210    .text.SystemCoreClockUpdate  system_armcm4.o
    0x00000ef0   0x00000ef0   0x0000002c   Code   RO         1212    .text.SystemInit    system_armcm4.o
    0x00000f1c   0x00000f1c   0x00000064   Code   RO          951    .text.ThreadFlagsCheck  rtx_thread.o
    0x00000f80   0x00000f80   0x00000044   Code   RO         1061    .text.TimerInsert   rtx_timer.o
    0x00000fc4   0x00000fc4   0x0000003c   Code   RO           16    .text.app_main      blinky.o
    0x00001000   0x00001000   0x00000024   Code   RO           18    .text.main          blinky.o
    0x00001024   0x00001024   0x00000038   Code   RO           42    .text.osDelay       rtx_delay.o
    0x0000105c   0x0000105c   0x00000030   Code   RO          492    .text.osKernelGetState  rtx_kernel.o
    0x0000108c   0x0000108c   0x00000024   Code   RO          524    .text.osKernelGetSysTimerCount  rtx_kernel.o
    0x000010b0   0x000010b0   0x00000030   Code   RO          486    .text.osKernelInitialize  rtx_kernel.o
    0x000010e0   0x000010e0   0x0000002c   Code   RO          496    .text.osKernelStart  rtx_kernel.o
    0x0000110c   0x0000110c   0x00000090   Code   RO          671    .text.osMessageQueueGet  rtx_msgqueue.o
    0x0000119c   0x0000119c   0x0000008c   Code   RO          669    .text.osMessageQueuePut  rtx_msgqueue.o
    0x00001228   0x00001228   0x00000002   Code   RO         1116    .text.osRtxErrorNotify  rtx_config.o
    0x0000122a   0x0000122a   0x00000002   Code   RO         1114    .text.osRtxIdleThread  rtx_config.o
    0x0000122c   0x0000122c   0x000000d4   Code   RO          566    .text.osRtxKernelBeforeInit  rtx_lib.o
    0x00001300   0x00001300   0x00000016   Code   RO          484    .text.osRtxKernelErrorNotify  rtx_kernel.o
    0x00001316   0x00001316   0x0000007c   Code   RO          589    .text.osRtxMemoryAlloc  rtx_memory.o
    0x00001392   0x00001392   0x0000004c   Code   RO          591    .text.osRtxMemoryFree  rtx_memory.o
    0x000013de   0x000013de   0x0000003e   Code   RO          587    .text.osRtxMemoryInit  rtx_memory.o
    0x0000141c   0x0000141c   0x00000044   Code   RO          603    .text.osRtxMemoryPoolAlloc  rtx_mempool.o
    0x00001460   0x00001460   0x00000056   Code   RO          605    .text.osRtxMemoryPoolFree  rtx_mempool.o
    0x000014b6   0x000014b6   0x0000004a   Code   RO          601    .text.osRtxMemoryPoolInit  rtx_mempool.o
    0x00001500   0x00001500   0x000000de   Code   RO          693    .text.osRtxMessageQueuePostProcess  rtx_msgqueue.o
    0x000015de   0x000015de   0x00000002   PAD
    0x000015e0   0x000015e0   0x00000024   Code   RO          659    .text.osRtxMessageQueueTimerSetup  rtx_msgqueue.o
    0x00001604   0x00001604   0x00000058   Code   RO          731    .text.osRtxMutexOwnerRelease  rtx_mutex.o
    0x0000165c   0x0000165c   0x00000048   Code   RO          733    .text.osRtxMutexOwnerRestore  rtx_mutex.o
    0x000016a4   0x000016a4   0x00000088   Code   RO          817    .text.osRtxPendSV_Handler  rtx_system.o
    0x0000172c   0x0000172c   0x00000070   Code   RO          819    .text.osRtxPostProcess  rtx_system.o
    0x0000179c   0x0000179c   0x00000002   Code   RO          867    .text.osRtxThreadBeforeFree  rtx_thread.o
    0x0000179e   0x0000179e   0x00000002   PAD
    0x000017a0   0x000017a0   0x0000003c   Code   RO          851    .text.osRtxThreadBlock  rtx_thread.o
    0x000017dc   0x000017dc   0x0000007c   Code   RO          857    .text.osRtxThreadDelayInsert  rtx_thread.o
    0x00001858   0x00001858   0x0000003c   Code   RO          839    .text.osRtxThreadDelayRemove  rtx_thread.o
    0x00001894   0x00001894   0x000000bc   Code   RO          841    .text.osRtxThreadDelayTick  rtx_thread.o
    0x00001950   0x00001950   0x00000034   Code   RO          863    .text.osRtxThreadDestroy  rtx_thread.o
    0x00001984   0x00001984   0x00000054   Code   RO          849    .text.osRtxThreadDispatch  rtx_thread.o
    0x000019d8   0x000019d8   0x0000005c   Code   RO          865    .text.osRtxThreadFree  rtx_thread.o
    0x00001a34   0x00001a34   0x00000024   Code   RO          861    .text.osRtxThreadJoinWakeup  rtx_thread.o
    0x00001a58   0x00001a58   0x00000012   Code   RO          831    .text.osRtxThreadListGet  rtx_thread.o
    0x00001a6a   0x00001a6a   0x0000002c   Code   RO          829    .text.osRtxThreadListPut  rtx_thread.o
    0x00001a96   0x00001a96   0x00000014   Code   RO          835    .text.osRtxThreadListRemove  rtx_thread.o
    0x00001aaa   0x00001aaa   0x0000000c   Code   RO          843    .text.osRtxThreadListRoot  rtx_thread.o
    0x00001ab6   0x00001ab6   0x00000026   Code   RO          833    .text.osRtxThreadListSort  rtx_thread.o
    0x00001adc   0x00001adc   0x00000030   Code   RO          949    .text.osRtxThreadPostProcess  rtx_thread.o
    0x00001b0c   0x00001b0c   0x00000010   Code   RO          837    .text.osRtxThreadReadyPut  rtx_thread.o
    0x00001b1c   0x00001b1c   0x00000014   Code   RO          845    .text.osRtxThreadRegPtr  rtx_thread.o
    0x00001b30   0x00001b30   0x0000001c   Code   RO          859    .text.osRtxThreadStackCheck  rtx_thread.o
    0x00001b4c   0x00001b4c   0x0000003c   Code   RO          869    .text.osRtxThreadStartup  rtx_thread.o
    0x00001b88   0x00001b88   0x00000024   Code   RO          847    .text.osRtxThreadSwitch  rtx_thread.o
    0x00001bac   0x00001bac   0x00000044   Code   RO          855    .text.osRtxThreadWaitEnter  rtx_thread.o
    0x00001bf0   0x00001bf0   0x00000036   Code   RO          853    .text.osRtxThreadWaitExit  rtx_thread.o
    0x00001c26   0x00001c26   0x00000002   PAD
    0x00001c28   0x00001c28   0x00000078   Code   RO          815    .text.osRtxTick_Handler  rtx_system.o
    0x00001ca0   0x00001ca0   0x0000001c   Code   RO         1041    .text.osRtxTimerSetup  rtx_timer.o
    0x00001cbc   0x00001cbc   0x00000028   Code   RO         1045    .text.osRtxTimerThread  rtx_timer.o
    0x00001ce4   0x00001ce4   0x00000070   Code   RO         1043    .text.osRtxTimerTick  rtx_timer.o
    0x00001d54   0x00001d54   0x00000006   Code   RO          947    .text.osThreadEntry  rtx_thread.o
    0x00001d5a   0x00001d5a   0x00000002   PAD
    0x00001d5c   0x00001d5c   0x0000001c   Code   RO          913    .text.osThreadExit  rtx_thread.o
    0x00001d78   0x00001d78   0x0000007c   Code   RO          939    .text.osThreadFlagsSet  rtx_thread.o
    0x00001df4   0x00001df4   0x00000034   Code   RO          945    .text.osThreadFlagsWait  rtx_thread.o
    0x00001e28   0x00001e28   0x0000003c   Code   RO          873    .text.osThreadNew   rtx_thread.o
    0x00001e64   0x00001e64   0x00000028   Code   RO           10    .text.phaseA        blinky.o
    0x00001e8c   0x00001e8c   0x0000002c   Code   RO           12    .text.phaseB        blinky.o
    0x00001eb8   0x00001eb8   0x00000006   Code   RO            8    .text.signal_func   blinky.o
    0x00001ebe   0x00001ebe   0x00000034   Code   RO           46    .text.svcRtxDelay   rtx_delay.o
    0x00001ef2   0x00001ef2   0x00000002   PAD
    0x00001ef4   0x00001ef4   0x0000000c   Code   RO          494    .text.svcRtxKernelGetState  rtx_kernel.o
    0x00001f00   0x00001f00   0x00000028   Code   RO          526    .text.svcRtxKernelGetSysTimerCount  rtx_kernel.o
    0x00001f28   0x00001f28   0x0000010c   Code   RO          532    .text.svcRtxKernelInitialize  rtx_kernel.o
    0x00002034   0x00002034   0x0000008c   Code   RO          534    .text.svcRtxKernelStart  rtx_kernel.o
    0x000020c0   0x000020c0   0x000000f4   Code   RO          703    .text.svcRtxMessageQueueGet  rtx_msgqueue.o
    0x000021b4   0x000021b4   0x00000148   Code   RO          661    .text.svcRtxMessageQueueNew  rtx_msgqueue.o
    0x000022fc   0x000022fc   0x000000d0   Code   RO          699    .text.svcRtxMessageQueuePut  rtx_msgqueue.o
    0x000023cc   0x000023cc   0x0000005c   Code   RO          975    .text.svcRtxThreadExit  rtx_thread.o
    0x00002428   0x00002428   0x0000007c   Code   RO          991    .text.svcRtxThreadFlagsSet  rtx_thread.o
    0x000024a4   0x000024a4   0x00000090   Code   RO          997    .text.svcRtxThreadFlagsWait  rtx_thread.o
    0x00002534   0x00002534   0x00000228   Code   RO          871    .text.svcRtxThreadNew  rtx_thread.o
    0x0000275c   0x0000275c   0x0000000e   Code   RO         1547    i.__scatterload_copy  mc_w.l(handlers.o)
    0x0000276a   0x0000276a   0x00000002   Code   RO         1548    i.__scatterload_null  mc_w.l(handlers.o)
    0x0000276c   0x0000276c   0x0000000e   Code   RO         1549    i.__scatterload_zeroinit  mc_w.l(handlers.o)
    0x0000277a   0x0000277a   0x00000002   PAD
    0x0000277c   0x0000277c   0x00000070   Data   RO          572    .rodata             rtx_lib.o
    0x000027ec   0x000027ec   0x00000038   Data   RO          575    .rodata             rtx_lib.o
    0x00002824   0x00002824   0x00000018   Data   RO         1186    .rodata.EventRecorderInfo  eventrecorder.o
    0x0000283c   0x0000283c   0x00000004   Data   RO          574    .rodata.osRtxUserSVC  rtx_lib.o
    0x00002840   0x00002840   0x00000024   Data   RO          569    .rodata.os_idle_thread_attr  rtx_lib.o
    0x00002864   0x00002864   0x00000018   Data   RO          571    .rodata.os_timer_mq_attr  rtx_lib.o
    0x0000287c   0x0000287c   0x00000024   Data   RO          570    .rodata.os_timer_thread_attr  rtx_lib.o
    0x000028a0   0x000028a0   0x0000000b   Data   RO          556    .rodata.str1.4      rtx_kernel.o
    0x000028ab   0x000028ab   0x00000001   PAD
    0x000028ac   0x000028ac   0x00000020   Data   RO         1546    Region$$Table       anon$$obj.o


    Execution Region RW_NOINIT (Exec base: 0x20000000, Load base: 0x000028cc, Size: 0x000004a4, Max: 0x0001e800, ABSOLUTE, UNINIT)

    Exec Addr    Load Addr    Size         Type   Attr      Idx    E Section Name        Object

    0x20000000        -       0x000004a4   Zero   RW         1185    .bss.noinit         eventrecorder.o


    Execution Region RW_RAM (Exec base: 0x200004a8, Load base: 0x000028d0, Size: 0x00001628, Max: 0x0001e358, ABSOLUTE)

    Exec Addr    Load Addr    Size         Type   Attr      Idx    E Section Name        Object

    0x200004a8   0x000028d0   0x00000004   Data   RW         1214    .data.SystemCoreClock  system_armcm4.o
    0x200004ac   0x000028d4   0x000000a4   Data   RW          557    .data.os            rtx_kernel.o
    0x20000550        -       0x00000018   Zero   RW           26    .bss..L_MergedGlobals  blinky.o
    0x20000568        -       0x00001040   Zero   RW          568    .bss.os             rtx_lib.o
    0x200015a8        -       0x00000001   Zero   RW         1105    .bss.os             os_systick.o
    0x200015a9   0x00002978   0x00000003   PAD
    0x200015ac        -       0x00000034   Zero   RW          579    .bss.os.msgqueue.cb  rtx_lib.o
    0x200015e0        -       0x00000050   Zero   RW          580    .bss.os.msgqueue.mem  rtx_lib.o
    0x20001630        -       0x000000a0   Zero   RW          576    .bss.os.thread.cb   rtx_lib.o
    0x200016d0        -       0x00000200   Zero   RW          577    .bss.os.thread.idle.stack  rtx_lib.o
    0x200018d0        -       0x00000200   Zero   RW          578    .bss.os.thread.timer.stack  rtx_lib.o


    Execution Region RW_EVR (Exec base: 0x20001ad0, Load base: 0x00002978, Size: 0x00000004, Max: 0x00000800, ABSOLUTE, UNINIT)

    Exec Addr    Load Addr    Size         Type   Attr      Idx    E Section Name        Object

    0x20001ad0        -       0x00000001   Zero   RW         1187    .bss.SysTimerState  eventrecorder.o


    Execution Region ARM_LIB_HEAP (Exec base: 0x20001ad8, Load base: 0x00002978, Size: 0x00000c00, Max: 0x00000c00, ABSOLUTE)

    Exec Addr    Load Addr    Size         Type   Attr      Idx    E Section Name        Object

    0x20001ad8        -       0x00000c00   Zero   RW            1    ARM_LIB_HEAP.bss    anon$$obj.o


    Execution Region ARM_LIB_STACK (Exec base: 0x2001fc00, Load base: 0x00002978, Size: 0x00000400, Max: 0x00000400, ABSOLUTE)

    Exec Addr    Load Addr    Size         Type   Attr      Idx    E Section Name        Object

    0x2001fc00        -       0x00000400   Zero   RW            2    ARM_LIB_STACK.bss   anon$$obj.o


==============================================================================

Image component sizes


      Code (inc. data)   RO Data    RW Data    ZI Data      Debug   Object Name

       196         20          0          0         24       3795   blinky.o
      1106         48         24          0       1189      10139   eventrecorder.o
       192         12          0          0          0        751   irq_armv7m.o
       154         20          0          0          1       3596   os_systick.o
         4          0          0          0          0        704   rtx_config.o
       108          4          0          0          0       3242   rtx_delay.o
       850        188          0          0          0      33762   rtx_evr.o
       696         52         11        164          0      20196   rtx_kernel.o
       212          8        268          0       5476       6113   rtx_lib.o
       262          0          0          0          0       2789   rtx_memory.o
       228          0          0          0          0      16039   rtx_mempool.o
      1556         24          0          0          0      20061   rtx_msgqueue.o
       160          0          0          0          0      11222   rtx_mutex.o
       368         14          0          0          0       5756   rtx_system.o
      2562         86          0          0          0      40837   rtx_thread.o
       248          8          0          0          0      11345   rtx_timer.o
        12          0        960          0          0        890   startup_armcm4.o
        52         16          0          4          0       1495   system_armcm4.o

    ----------------------------------------------------------------------
      8988        500       1296        168      10792     192732   Object Totals
         0          0         32          0       4096          0   (incl. Generated)
        22          0          1          0          6          0   (incl. Padding)

    ----------------------------------------------------------------------

      Code (inc. data)   RO Data    RW Data    ZI Data      Debug   Library Member Name

         0          0          0          0          0          0   entry.o
         0          0          0          0          0          0   entry10a.o
         0          0          0          0          0          0   entry11a.o
         8          4          0          0          0          0   entry4.o
         4          0          0          0          0          0   entry5.o
         0          0          0          0          0          0   entry7b.o
         0          0          0          0          0          0   entry8b.o
         8          4          0          0          0          0   entry9a.o
        30          0          0          0          0          0   handlers.o
        36          8          0          0          0         68   init.o
        36          0          0          0          0         68   memcpya.o
        36          0          0          0          0        108   memseta.o

    ----------------------------------------------------------------------
       160         16          0          0          0        244   Library Totals
         2          0          0          0          0          0   (incl. Padding)

    ----------------------------------------------------------------------

      Code (inc. data)   RO Data    RW Data    ZI Data      Debug   Library Name

       158         16          0          0          0        244   mc_w.l

    ----------------------------------------------------------------------
       160         16          0          0          0        244   Library Totals

    ----------------------------------------------------------------------

==============================================================================


      Code (inc. data)   RO Data    RW Data    ZI Data      Debug   

      9148        516       1296        168      10792     192808   Grand Totals
      9148        516       1296        168      10792     192808   ELF Image Totals
      9148        516       1296        168          0          0   ROM Totals

==============================================================================

    Total RO  Size (Code + RO Data)                10444 (  10.20kB)
    Total RW  Size (RW Data + ZI Data)             10960 (  10.70kB)
    Total ROM Size (Code + RO Data + RW Data)      10612 (  10.36kB)

==============================================================================

