Component: Arm Compiler for Embedded 6.18 Tool: armlink [5e4cc100]

==============================================================================

Section Cross References

    blinky.o(.text.Switch_On) refers to printf1.o(i.__0printf$1) for __2printf
    blinky.o(.ARM.exidx.text.Switch_On) refers to blinky.o(.text.Switch_On) for [Anonymous Symbol]
    blinky.o(.text.Switch_Off) refers to printf1.o(i.__0printf$1) for __2printf
    blinky.o(.ARM.exidx.text.Switch_Off) refers to blinky.o(.text.Switch_Off) for [Anonymous Symbol]
    blinky.o(.text.signal_func) refers to blinky.o(.bss..L_MergedGlobals) for [Anonymous Symbol]
    blinky.o(.text.signal_func) refers to rtx_thread.o(.text.osThreadFlagsSet) for osThreadFlagsSet
    blinky.o(.text.signal_func) refers to rtx_delay.o(.text.osDelay) for osDelay
    blinky.o(.ARM.exidx.text.signal_func) refers to blinky.o(.text.signal_func) for [Anonymous Symbol]
    blinky.o(.text.phaseA) refers to blinky.o(.text.OUTLINED_FUNCTION_0) for OUTLINED_FUNCTION_0
    blinky.o(.text.phaseA) refers to blinky.o(.text.Switch_On) for Switch_On
    blinky.o(.text.phaseA) refers to blinky.o(.text.signal_func) for signal_func
    blinky.o(.text.phaseA) refers to blinky.o(.text.Switch_Off) for Switch_Off
    blinky.o(.text.phaseA) refers to blinky.o(.bss..L_MergedGlobals) for [Anonymous Symbol]
    blinky.o(.ARM.exidx.text.phaseA) refers to blinky.o(.text.phaseA) for [Anonymous Symbol]
    blinky.o(.text.phaseB) refers to blinky.o(.text.OUTLINED_FUNCTION_0) for OUTLINED_FUNCTION_0
    blinky.o(.text.phaseB) refers to blinky.o(.text.Switch_On) for Switch_On
    blinky.o(.text.phaseB) refers to blinky.o(.text.signal_func) for signal_func
    blinky.o(.text.phaseB) refers to blinky.o(.text.Switch_Off) for Switch_Off
    blinky.o(.text.phaseB) refers to blinky.o(.bss..L_MergedGlobals) for [Anonymous Symbol]
    blinky.o(.ARM.exidx.text.phaseB) refers to blinky.o(.text.phaseB) for [Anonymous Symbol]
    blinky.o(.text.phaseC) refers to blinky.o(.text.OUTLINED_FUNCTION_0) for OUTLINED_FUNCTION_0
    blinky.o(.text.phaseC) refers to blinky.o(.text.Switch_On) for Switch_On
    blinky.o(.text.phaseC) refers to blinky.o(.text.signal_func) for signal_func
    blinky.o(.text.phaseC) refers to blinky.o(.text.Switch_Off) for Switch_Off
    blinky.o(.text.phaseC) refers to blinky.o(.bss..L_MergedGlobals) for [Anonymous Symbol]
    blinky.o(.ARM.exidx.text.phaseC) refers to blinky.o(.text.phaseC) for [Anonymous Symbol]
    blinky.o(.text.phaseD) refers to blinky.o(.text.OUTLINED_FUNCTION_0) for OUTLINED_FUNCTION_0
    blinky.o(.text.phaseD) refers to blinky.o(.text.Switch_On) for Switch_On
    blinky.o(.text.phaseD) refers to blinky.o(.text.signal_func) for signal_func
    blinky.o(.text.phaseD) refers to blinky.o(.text.Switch_Off) for Switch_Off
    blinky.o(.text.phaseD) refers to blinky.o(.bss..L_MergedGlobals) for [Anonymous Symbol]
    blinky.o(.ARM.exidx.text.phaseD) refers to blinky.o(.text.phaseD) for [Anonymous Symbol]
    blinky.o(.text.clock) refers to blinky.o(.text.OUTLINED_FUNCTION_0) for OUTLINED_FUNCTION_0
    blinky.o(.text.clock) refers to rtx_delay.o(.text.osDelay) for osDelay
    blinky.o(.ARM.exidx.text.clock) refers to blinky.o(.text.clock) for [Anonymous Symbol]
    blinky.o(.text.app_main) refers to blinky.o(.text.OUTLINED_FUNCTION_1) for OUTLINED_FUNCTION_1
    blinky.o(.text.app_main) refers to rtx_thread.o(.text.osThreadFlagsSet) for osThreadFlagsSet
    blinky.o(.text.app_main) refers to rtx_delay.o(.text.osDelay) for osDelay
    blinky.o(.text.app_main) refers to blinky.o(.text.phaseA) for phaseA
    blinky.o(.text.app_main) refers to rtx_thread.o(.text.osThreadNew) for osThreadNew
    blinky.o(.text.app_main) refers to blinky.o(.bss..L_MergedGlobals) for [Anonymous Symbol]
    blinky.o(.text.app_main) refers to blinky.o(.text.phaseB) for phaseB
    blinky.o(.text.app_main) refers to blinky.o(.text.phaseC) for phaseC
    blinky.o(.text.app_main) refers to blinky.o(.text.phaseD) for phaseD
    blinky.o(.text.app_main) refers to blinky.o(.text.clock) for clock
    blinky.o(.ARM.exidx.text.app_main) refers to blinky.o(.text.app_main) for [Anonymous Symbol]
    blinky.o(.text.main) refers to system_armcm4.o(.text.SystemCoreClockUpdate) for SystemCoreClockUpdate
    blinky.o(.text.main) refers to rtx_kernel.o(.text.osKernelInitialize) for osKernelInitialize
    blinky.o(.text.main) refers to rtx_thread.o(.text.osThreadNew) for osThreadNew
    blinky.o(.text.main) refers to rtx_kernel.o(.text.osKernelGetState) for osKernelGetState
    blinky.o(.text.main) refers to rtx_kernel.o(.text.osKernelStart) for osKernelStart
    blinky.o(.text.main) refers to blinky.o(.text.app_main) for app_main
    blinky.o(.ARM.exidx.text.main) refers to blinky.o(.text.main) for [Anonymous Symbol]
    blinky.o(.text.OUTLINED_FUNCTION_0) refers to rtx_thread.o(.text.osThreadFlagsWait) for osThreadFlagsWait
[...]
    [Anonymous Symbol]                       0x00000cbc   Section        0  rtx_evr.o(.text.EvrRtxThreadExit)
    __arm_cp.56_0                            0x00000cc4   Number         4  rtx_evr.o(.text.EvrRtxThreadExit)
    [Anonymous Symbol]                       0x00000cc8   Section        0  rtx_evr.o(.text.EvrRtxThreadFlagsError)
    [Anonymous Symbol]                       0x00000cd4   Section        0  rtx_evr.o(.text.EvrRtxThreadFlagsSet)
    __arm_cp.70_0                            0x00000ce0   Number         4  rtx_evr.o(.text.EvrRtxThreadFlagsSet)
    [Anonymous Symbol]                       0x00000ce4   Section        0  rtx_evr.o(.text.EvrRtxThreadFlagsSetDone)
    __arm_cp.71_0                            0x00000cf0   Number         4  rtx_evr.o(.text.EvrRtxThreadFlagsSetDone)
    [Anonymous Symbol]                       0x00000cf4   Section        0  rtx_evr.o(.text.EvrRtxThreadFlagsWait)
    __arm_cp.75_0                            0x00000d04   Number         4  rtx_evr.o(.text.EvrRtxThreadFlagsWait)
    [Anonymous Symbol]                       0x00000d08   Section        0  rtx_evr.o(.text.EvrRtxThreadFlagsWaitCompleted)
    __arm_cp.78_0                            0x00000d18   Number         4  rtx_evr.o(.text.EvrRtxThreadFlagsWaitCompleted)
    [Anonymous Symbol]                       0x00000d1c   Section        0  rtx_evr.o(.text.EvrRtxThreadFlagsWaitNotCompleted)
    __arm_cp.79_0                            0x00000d28   Number         4  rtx_evr.o(.text.EvrRtxThreadFlagsWaitNotCompleted)
    [Anonymous Symbol]                       0x00000d2c   Section        0  rtx_evr.o(.text.EvrRtxThreadFlagsWaitPending)
    __arm_cp.76_0                            0x00000d3c   Number         4  rtx_evr.o(.text.EvrRtxThreadFlagsWaitPending)
    [Anonymous Symbol]                       0x00000d40   Section        0  rtx_evr.o(.text.EvrRtxThreadFlagsWaitTimeout)
    __arm_cp.77_0                            0x00000d48   Number         4  rtx_evr.o(.text.EvrRtxThreadFlagsWaitTimeout)
    [Anonymous Symbol]                       0x00000d4c   Section        0  rtx_evr.o(.text.EvrRtxThreadJoined)
    __arm_cp.51_0                            0x00000d54   Number         4  rtx_evr.o(.text.EvrRtxThreadJoined)
    [Anonymous Symbol]                       0x00000d58   Section        0  rtx_evr.o(.text.EvrRtxThreadNew)
    __arm_cp.30_0                            0x00000d68   Number         4  rtx_evr.o(.text.EvrRtxThreadNew)
    [Anonymous Symbol]                       0x00000d6c   Section        0  rtx_evr.o(.text.EvrRtxThreadPreempted)
    __arm_cp.54_0                            0x00000d74   Number         4  rtx_evr.o(.text.EvrRtxThreadPreempted)
    [Anonymous Symbol]                       0x00000d78   Section        0  rtx_evr.o(.text.EvrRtxThreadSwitched)
    __arm_cp.55_0                            0x00000d80   Number         4  rtx_evr.o(.text.EvrRtxThreadSwitched)
    [Anonymous Symbol]                       0x00000d84   Section        0  rtx_evr.o(.text.EvrRtxThreadUnblocked)
    __arm_cp.53_0                            0x00000d90   Number         4  rtx_evr.o(.text.EvrRtxThreadUnblocked)
    [Anonymous Symbol]                       0x00000d94   Section        0  rtx_evr.o(.text.EvrRtxTimerCallback)
    __arm_cp.87_0                            0x00000da0   Number         4  rtx_evr.o(.text.EvrRtxTimerCallback)
    [Anonymous Symbol]                       0x00000da4   Section        0  startup_armcm4.o(.text.HardFault_Handler)
    IsIrqMasked                              0x00000da7   Thumb Code    22  rtx_thread.o(.text.IsIrqMasked)
    [Anonymous Symbol]                       0x00000da6   Section        0  rtx_thread.o(.text.IsIrqMasked)
    MessageQueueGet                          0x00000dbd   Thumb Code    64  rtx_msgqueue.o(.text.MessageQueueGet)
    [Anonymous Symbol]                       0x00000dbc   Section        0  rtx_msgqueue.o(.text.MessageQueueGet)
    MessageQueuePut                          0x00000dfd   Thumb Code    88  rtx_msgqueue.o(.text.MessageQueuePut)
    [Anonymous Symbol]                       0x00000dfc   Section        0  rtx_msgqueue.o(.text.MessageQueuePut)
    MessageQueueRemove                       0x00000e55   Thumb Code    28  rtx_msgqueue.o(.text.MessageQueueRemove)
    [Anonymous Symbol]                       0x00000e54   Section        0  rtx_msgqueue.o(.text.MessageQueueRemove)
    [Anonymous Symbol]                       0x00000e70   Section        0  os_systick.o(.text.OS_Tick_AcknowledgeIRQ)
    [Anonymous Symbol]                       0x00000e78   Section        0  os_systick.o(.text.OS_Tick_Enable)
    [Anonymous Symbol]                       0x00000e98   Section        0  os_systick.o(.text.OS_Tick_GetCount)
    [Anonymous Symbol]                       0x00000eac   Section        0  os_systick.o(.text.OS_Tick_GetIRQn)
    [Anonymous Symbol]                       0x00000eb4   Section        0  os_systick.o(.text.OS_Tick_GetInterval)
    __arm_cp.6_0                             0x00000ebc   Number         4  os_systick.o(.text.OS_Tick_GetInterval)
    [Anonymous Symbol]                       0x00000ec0   Section        0  os_systick.o(.text.OS_Tick_GetOverflow)
    __arm_cp.8_0                             0x00000ecc   Number         4  os_systick.o(.text.OS_Tick_GetOverflow)
    [Anonymous Symbol]                       0x00000ed0   Section        0  os_systick.o(.text.OS_Tick_Setup)
    __arm_cp.0_1                             0x00000f00   Number         4  os_systick.o(.text.OS_Tick_Setup)
    __arm_cp.0_2                             0x00000f04   Number         4  os_systick.o(.text.OS_Tick_Setup)
    __arm_cp.0_3                             0x00000f08   Number         4  os_systick.o(.text.OS_Tick_Setup)
    OUTLINED_FUNCTION_0                      0x00000f0d   Thumb Code    10  blinky.o(.text.OUTLINED_FUNCTION_0)
    [Anonymous Symbol]                       0x00000f0c   Section        0  blinky.o(.text.OUTLINED_FUNCTION_0)
    OUTLINED_FUNCTION_0                      0x00000f17   Thumb Code     6  rtx_evr.o(.text.OUTLINED_FUNCTION_0)
    [Anonymous Symbol]                       0x00000f16   Section        0  rtx_evr.o(.text.OUTLINED_FUNCTION_0)
    OUTLINED_FUNCTION_0                      0x00000f1d   Thumb Code    12  rtx_kernel.o(.text.OUTLINED_FUNCTION_0)
    [Anonymous Symbol]                       0x00000f1c   Section        0  rtx_kernel.o(.text.OUTLINED_FUNCTION_0)
    OUTLINED_FUNCTION_0                      0x00000f29   Thumb Code    14  rtx_msgqueue.o(.text.OUTLINED_FUNCTION_0)
    [Anonymous Symbol]                       0x00000f28   Section        0  rtx_msgqueue.o(.text.OUTLINED_FUNCTION_0)
    OUTLINED_FUNCTION_0                      0x00000f37   Thumb Code    16  rtx_thread.o(.text.OUTLINED_FUNCTION_0)
    [Anonymous Symbol]                       0x00000f36   Section        0  rtx_thread.o(.text.OUTLINED_FUNCTION_0)
    OUTLINED_FUNCTION_1                      0x00000f47   Thumb Code     6  blinky.o(.text.OUTLINED_FUNCTION_1)
    [Anonymous Symbol]                       0x00000f46   Section        0  blinky.o(.text.OUTLINED_FUNCTION_1)
    OUTLINED_FUNCTION_1                      0x00000f4d   Thumb Code    12  rtx_evr.o(.text.OUTLINED_FUNCTION_1)
    [Anonymous Symbol]                       0x00000f4c   Section        0  rtx_evr.o(.text.OUTLINED_FUNCTION_1)
    OUTLINED_FUNCTION_1                      0x00000f59   Thumb Code    12  rtx_kernel.o(.text.OUTLINED_FUNCTION_1)
    [Anonymous Symbol]                       0x00000f58   Section        0  rtx_kernel.o(.text.OUTLINED_FUNCTION_1)
    OUTLINED_FUNCTION_1                      0x00000f65   Thumb Code    14  rtx_msgqueue.o(.text.OUTLINED_FUNCTION_1)
    [Anonymous Symbol]                       0x00000f64   Section        0  rtx_msgqueue.o(.text.OUTLINED_FUNCTION_1)
    OUTLINED_FUNCTION_11                     0x00000f73   Thumb Code    12  rtx_thread.o(.text.OUTLINED_FUNCTION_11)
    [Anonymous Symbol]                       0x00000f72   Section        0  rtx_thread.o(.text.OUTLINED_FUNCTION_11)
    OUTLINED_FUNCTION_14                     0x00000f7f   Thumb Code    10  rtx_thread.o(.text.OUTLINED_FUNCTION_14)
    [Anonymous Symbol]                       0x00000f7e   Section        0  rtx_thread.o(.text.OUTLINED_FUNCTION_14)
    OUTLINED_FUNCTION_15                     0x00000f89   Thumb Code    10  rtx_thread.o(.text.OUTLINED_FUNCTION_15)
    [Anonymous Symbol]                       0x00000f88   Section        0  rtx_thread.o(.text.OUTLINED_FUNCTION_15)
    OUTLINED_FUNCTION_2                      0x00000f93   Thumb Code     8  rtx_evr.o(.text.OUTLINED_FUNCTION_2)
    [Anonymous Symbol]                       0x00000f92   Section        0  rtx_evr.o(.text.OUTLINED_FUNCTION_2)
    OUTLINED_FUNCTION_2                      0x00000f9b   Thumb Code     8  rtx_kernel.o(.text.OUTLINED_FUNCTION_2)
    [Anonymous Symbol]                       0x00000f9a   Section        0  rtx_kernel.o(.text.OUTLINED_FUNCTION_2)
    OUTLINED_FUNCTION_2                      0x00000fa3   Thumb Code     8  rtx_msgqueue.o(.text.OUTLINED_FUNCTION_2)
    [Anonymous Symbol]                       0x00000fa2   Section        0  rtx_msgqueue.o(.text.OUTLINED_FUNCTION_2)
    OUTLINED_FUNCTION_2                      0x00000fab   Thumb Code    12  rtx_thread.o(.text.OUTLINED_FUNCTION_2)
    [Anonymous Symbol]                       0x00000faa   Section        0  rtx_thread.o(.text.OUTLINED_FUNCTION_2)
    OUTLINED_FUNCTION_3                      0x00000fb7   Thumb Code     8  rtx_evr.o(.text.OUTLINED_FUNCTION_3)
    [Anonymous Symbol]                       0x00000fb6   Section        0  rtx_evr.o(.text.OUTLINED_FUNCTION_3)
    OUTLINED_FUNCTION_3                      0x00000fbf   Thumb Code     6  rtx_kernel.o(.text.OUTLINED_FUNCTION_3)
    [Anonymous Symbol]                       0x00000fbe   Section        0  rtx_kernel.o(.text.OUTLINED_FUNCTION_3)
    OUTLINED_FUNCTION_3                      0x00000fc5   Thumb Code    12  rtx_msgqueue.o(.text.OUTLINED_FUNCTION_3)
    [Anonymous Symbol]                       0x00000fc4   Section        0  rtx_msgqueue.o(.text.OUTLINED_FUNCTION_3)
    OUTLINED_FUNCTION_3                      0x00000fd1   Thumb Code    12  rtx_thread.o(.text.OUTLINED_FUNCTION_3)
    [Anonymous Symbol]                       0x00000fd0   Section        0  rtx_thread.o(.text.OUTLINED_FUNCTION_3)
    OUTLINED_FUNCTION_4                      0x00000fdd   Thumb Code     6  rtx_msgqueue.o(.text.OUTLINED_FUNCTION_4)
    [Anonymous Symbol]                       0x00000fdc   Section        0  rtx_msgqueue.o(.text.OUTLINED_FUNCTION_4)
    OUTLINED_FUNCTION_6                      0x00000fe3   Thumb Code     8  rtx_thread.o(.text.OUTLINED_FUNCTION_6)
    [Anonymous Symbol]                       0x00000fe2   Section        0  rtx_thread.o(.text.OUTLINED_FUNCTION_6)
    OUTLINED_FUNCTION_7                      0x00000feb   Thumb Code     6  rtx_thread.o(.text.OUTLINED_FUNCTION_7)
    [Anonymous Symbol]                       0x00000fea   Section        0  rtx_thread.o(.text.OUTLINED_FUNCTION_7)
    OUTLINED_FUNCTION_9                      0x00000ff1   Thumb Code    12  rtx_thread.o(.text.OUTLINED_FUNCTION_9)
    [Anonymous Symbol]                       0x00000ff0   Section        0  rtx_thread.o(.text.OUTLINED_FUNCTION_9)
    [Anonymous Symbol]                       0x00000ffc   Section        0  startup_armcm4.o(.text.Reset_Handler)
    [Anonymous Symbol]                       0x00001004   Section        0  blinky.o(.text.Switch_Off)
    [Anonymous Symbol]                       0x0000101c   Section        0  blinky.o(.text.Switch_On)
    SysTimerIsRunning                        0x00001035   Thumb Code    28  eventrecorder.o(.text.SysTimerIsRunning)
    [Anonymous Symbol]                       0x00001034   Section        0  eventrecorder.o(.text.SysTimerIsRunning)
    __arm_cp.2_0                             0x00001050   Number         4  eventrecorder.o(.text.SysTimerIsRunning)
    [Anonymous Symbol]                       0x00001054   Section        0  system_armcm4.o(.text.SystemCoreClockUpdate)
    [Anonymous Symbol]                       0x0000105c   Section        0  system_armcm4.o(.text.SystemInit)
    __arm_cp.1_0                             0x00001078   Number         4  system_armcm4.o(.text.SystemInit)
    __arm_cp.1_1                             0x0000107c   Number         4  system_armcm4.o(.text.SystemInit)
    __arm_cp.1_2                             0x00001080   Number         4  system_armcm4.o(.text.SystemInit)
    __arm_cp.1_3                             0x00001084   Number         4  system_armcm4.o(.text.SystemInit)
    ThreadFlagsCheck                         0x00001089   Thumb Code   100  rtx_thread.o(.text.ThreadFlagsCheck)
    [Anonymous Symbol]                       0x00001088   Section        0  rtx_thread.o(.text.ThreadFlagsCheck)
    TimerInsert                              0x000010ed   Thumb Code    68  rtx_timer.o(.text.TimerInsert)
    [Anonymous Symbol]                       0x000010ec   Section        0  rtx_timer.o(.text.TimerInsert)
    [Anonymous Symbol]                       0x00001130   Section        0  blinky.o(.text.app_main)
    __arm_cp.8_0                             0x00001174   Number         4  blinky.o(.text.app_main)
    __arm_cp.8_1                             0x00001178   Number         4  blinky.o(.text.app_main)
    __arm_cp.8_2                             0x0000117c   Number         4  blinky.o(.text.app_main)
    __arm_cp.8_3                             0x00001180   Number         4  blinky.o(.text.app_main)
    __arm_cp.8_4                             0x00001184   Number         4  blinky.o(.text.app_main)
    __arm_cp.8_5                             0x00001188   Number         4  blinky.o(.text.app_main)
    __arm_cp.8_6                             0x0000118c   Number         4  blinky.o(.text.app_main)
    [Anonymous Symbol]                       0x00001190   Section        0  blinky.o(.text.clock)
    [Anonymous Symbol]                       0x000011a0   Section        0  retarget_io.o(.text.fputc)
    __arm_cp.0_0                             0x000011b0   Number         4  retarget_io.o(.text.fputc)
    [Anonymous Symbol]                       0x000011b4   Section        0  blinky.o(.text.main)
    __arm_cp.9_0                             0x000011d4   Number         4  blinky.o(.text.main)
    [Anonymous Symbol]                       0x000011d8   Section        0  rtx_delay.o(.text.osDelay)
    __arm_cp.0_0                             0x0000120c   Number         4  rtx_delay.o(.text.osDelay)
    [Anonymous Symbol]                       0x00001210   Section        0  rtx_kernel.o(.text.osKernelGetState)
    __arm_cp.5_0                             0x00001238   Number         4  rtx_kernel.o(.text.osKernelGetState)
    __arm_cp.5_1                             0x0000123c   Number         4  rtx_kernel.o(.text.osKernelGetState)
    [Anonymous Symbol]                       0x00001240   Section        0  rtx_kernel.o(.text.osKernelGetSysTimerCount)
    __arm_cp.21_0                            0x00001260   Number         4  rtx_kernel.o(.text.osKernelGetSysTimerCount)
    [Anonymous Symbol]                       0x00001264   Section        0  rtx_kernel.o(.text.osKernelInitialize)
    __arm_cp.2_0                             0x00001290   Number         4  rtx_kernel.o(.text.osKernelInitialize)
    [Anonymous Symbol]                       0x00001294   Section        0  rtx_kernel.o(.text.osKernelStart)
    __arm_cp.7_0                             0x000012bc   Number         4  rtx_kernel.o(.text.osKernelStart)
    [Anonymous Symbol]                       0x000012c0   Section        0  rtx_msgqueue.o(.text.osMessageQueueGet)
    __arm_cp.6_0                             0x0000134c   Number         4  rtx_msgqueue.o(.text.osMessageQueueGet)
    [Anonymous Symbol]                       0x00001350   Section        0  rtx_msgqueue.o(.text.osMessageQueuePut)
    __arm_cp.5_0                             0x000013d8   Number         4  rtx_msgqueue.o(.text.osMessageQueuePut)
    [Anonymous Symbol]                       0x000013dc   Section        0  rtx_config.o(.text.osRtxErrorNotify)
    [Anonymous Symbol]                       0x000013de   Section        0  rtx_config.o(.text.osRtxIdleThread)
    [Anonymous Symbol]                       0x000013e0   Section        0  rtx_lib.o(.text.osRtxKernelBeforeInit)
    __arm_cp.0_0                             0x000014ac   Number         4  rtx_lib.o(.text.osRtxKernelBeforeInit)
    __arm_cp.0_1                             0x000014b0   Number         4  rtx_lib.o(.text.osRtxKernelBeforeInit)
    [Anonymous Symbol]                       0x000014b4   Section        0  rtx_kernel.o(.text.osRtxKernelErrorNotify)
    [Anonymous Symbol]                       0x000014ca   Section        0  rtx_memory.o(.text.osRtxMemoryAlloc)
    [Anonymous Symbol]                       0x00001546   Section        0  rtx_memory.o(.text.osRtxMemoryFree)
    [Anonymous Symbol]                       0x00001592   Section        0  rtx_memory.o(.text.osRtxMemoryInit)
    [Anonymous Symbol]                       0x000015d0   Section        0  rtx_mempool.o(.text.osRtxMemoryPoolAlloc)
    [Anonymous Symbol]                       0x00001614   Section        0  rtx_mempool.o(.text.osRtxMemoryPoolFree)
    [Anonymous Symbol]                       0x0000166a   Section        0  rtx_mempool.o(.text.osRtxMemoryPoolInit)
    osRtxMessageQueuePostProcess             0x000016b5   Thumb Code   222  rtx_msgqueue.o(.text.osRtxMessageQueuePostProcess)
    [Anonymous Symbol]                       0x000016b4   Section        0  rtx_msgqueue.o(.text.osRtxMessageQueuePostProcess)
    [Anonymous Symbol]                       0x00001794   Section        0  rtx_msgqueue.o(.text.osRtxMessageQueueTimerSetup)
    __arm_cp.0_0                             0x000017b4   Number         4  rtx_msgqueue.o(.text.osRtxMessageQueueTimerSetup)
    [Anonymous Symbol]                       0x000017b8   Section        0  rtx_mutex.o(.text.osRtxMutexOwnerRelease)
    [Anonymous Symbol]                       0x00001810   Section        0  rtx_mutex.o(.text.osRtxMutexOwnerRestore)
    [Anonymous Symbol]                       0x00001858   Section        0  rtx_system.o(.text.osRtxPendSV_Handler)
    [Anonymous Symbol]                       0x000018e0   Section        0  rtx_system.o(.text.osRtxPostProcess)
    __arm_cp.2_1                             0x0000194c   Number         4  rtx_system.o(.text.osRtxPostProcess)
    [Anonymous Symbol]                       0x00001950   Section        0  rtx_thread.o(.text.osRtxThreadBeforeFree)
    osRtxThreadBlock                         0x00001955   Thumb Code    60  rtx_thread.o(.text.osRtxThreadBlock)
    [Anonymous Symbol]                       0x00001954   Section        0  rtx_thread.o(.text.osRtxThreadBlock)
    osRtxThreadDelayInsert                   0x00001991   Thumb Code   124  rtx_thread.o(.text.osRtxThreadDelayInsert)
    [Anonymous Symbol]                       0x00001990   Section        0  rtx_thread.o(.text.osRtxThreadDelayInsert)
    [Anonymous Symbol]                       0x00001a0c   Section        0  rtx_thread.o(.text.osRtxThreadDelayRemove)
    [Anonymous Symbol]                       0x00001a48   Section        0  rtx_thread.o(.text.osRtxThreadDelayTick)
    [Anonymous Symbol]                       0x00001b04   Section        0  rtx_thread.o(.text.osRtxThreadDestroy)
    __arm_cp.17_0                            0x00001b34   Number         4  rtx_thread.o(.text.osRtxThreadDestroy)
    [Anonymous Symbol]                       0x00001b38   Section        0  rtx_thread.o(.text.osRtxThreadDispatch)
    osRtxThreadFree                          0x00001b8d   Thumb Code    88  rtx_thread.o(.text.osRtxThreadFree)
    [Anonymous Symbol]                       0x00001b8c   Section        0  rtx_thread.o(.text.osRtxThreadFree)
    __arm_cp.18_0                            0x00001be4   Number         4  rtx_thread.o(.text.osRtxThreadFree)
    [Anonymous Symbol]                       0x00001be8   Section        0  rtx_thread.o(.text.osRtxThreadJoinWakeup)
    [Anonymous Symbol]                       0x00001c0c   Section        0  rtx_thread.o(.text.osRtxThreadListGet)
    [Anonymous Symbol]                       0x00001c1e   Section        0  rtx_thread.o(.text.osRtxThreadListPut)
    [Anonymous Symbol]                       0x00001c4a   Section        0  rtx_thread.o(.text.osRtxThreadListRemove)
    osRtxThreadListRoot                      0x00001c5f   Thumb Code    12  rtx_thread.o(.text.osRtxThreadListRoot)
    [Anonymous Symbol]                       0x00001c5e   Section        0  rtx_thread.o(.text.osRtxThreadListRoot)
    [Anonymous Symbol]                       0x00001c6a   Section        0  rtx_thread.o(.text.osRtxThreadListSort)
    osRtxThreadPostProcess                   0x00001c91   Thumb Code    48  rtx_thread.o(.text.osRtxThreadPostProcess)
    [Anonymous Symbol]                       0x00001c90   Section        0  rtx_thread.o(.text.osRtxThreadPostProcess)
    [Anonymous Symbol]                       0x00001cc0   Section        0  rtx_thread.o(.text.osRtxThreadReadyPut)
    [Anonymous Symbol]                       0x00001cd0   Section        0  rtx_thread.o(.text.osRtxThreadRegPtr)
    [Anonymous Symbol]                       0x00001ce4   Section        0  rtx_thread.o(.text.osRtxThreadStackCheck)
    __arm_cp.15_0                            0x00001cfc   Number         4  rtx_thread.o(.text.osRtxThreadStackCheck)
    [Anonymous Symbol]                       0x00001d00   Section        0  rtx_thread.o(.text.osRtxThreadStartup)
    __arm_cp.20_0                            0x00001d30   Number         4  rtx_thread.o(.text.osRtxThreadStartup)
    __arm_cp.20_1                            0x00001d34   Number         4  rtx_thread.o(.text.osRtxThreadStartup)
    __arm_cp.20_2                            0x00001d38   Number         4  rtx_thread.o(.text.osRtxThreadStartup)
    [Anonymous Symbol]                       0x00001d3c   Section        0  rtx_thread.o(.text.osRtxThreadSwitch)
    __arm_cp.9_0                             0x00001d5c   Number         4  rtx_thread.o(.text.osRtxThreadSwitch)
    [Anonymous Symbol]                       0x00001d60   Section        0  rtx_thread.o(.text.osRtxThreadWaitEnter)
    __arm_cp.13_0                            0x00001da0   Number         4  rtx_thread.o(.text.osRtxThreadWaitEnter)
    [Anonymous Symbol]                       0x00001da4   Section        0  rtx_thread.o(.text.osRtxThreadWaitExit)
    [Anonymous Symbol]                       0x00001ddc   Section        0  rtx_system.o(.text.osRtxTick_Handler)
    [Anonymous Symbol]                       0x00001e54   Section        0  rtx_timer.o(.text.osRtxTimerSetup)
    __arm_cp.0_1                             0x00001e6c   Number         4  rtx_timer.o(.text.osRtxTimerSetup)
    [Anonymous Symbol]                       0x00001e70   Section        0  rtx_timer.o(.text.osRtxTimerThread)
    osRtxTimerTick                           0x00001e99   Thumb Code   108  rtx_timer.o(.text.osRtxTimerTick)
    [Anonymous Symbol]                       0x00001e98   Section        0  rtx_timer.o(.text.osRtxTimerTick)
    __arm_cp.1_0                             0x00001f04   Number         4  rtx_timer.o(.text.osRtxTimerTick)
    osThreadEntry                            0x00001f09   Thumb Code     6  rtx_thread.o(.text.osThreadEntry)
    [Anonymous Symbol]                       0x00001f08   Section        0  rtx_thread.o(.text.osThreadEntry)
    [Anonymous Symbol]                       0x00001f10   Section        0  rtx_thread.o(.text.osThreadExit)
    __arm_cp.42_0                            0x00001f28   Number         4  rtx_thread.o(.text.osThreadExit)
    [Anonymous Symbol]                       0x00001f2c   Section        0  rtx_thread.o(.text.osThreadFlagsSet)
    __arm_cp.55_0                            0x00001fa4   Number         4  rtx_thread.o(.text.osThreadFlagsSet)
    [Anonymous Symbol]                       0x00001fa8   Section        0  rtx_thread.o(.text.osThreadFlagsWait)
    __arm_cp.58_0                            0x00001fd8   Number         4  rtx_thread.o(.text.osThreadFlagsWait)
    [Anonymous Symbol]                       0x00001fdc   Section        0  rtx_thread.o(.text.osThreadNew)
    __arm_cp.22_0                            0x00002014   Number         4  rtx_thread.o(.text.osThreadNew)
    [Anonymous Symbol]                       0x00002018   Section        0  blinky.o(.text.phaseA)
    [Anonymous Symbol]                       0x0000203c   Section        0  blinky.o(.text.phaseB)
    [Anonymous Symbol]                       0x00002060   Section        0  blinky.o(.text.phaseC)
    [Anonymous Symbol]                       0x00002084   Section        0  blinky.o(.text.phaseD)
    [Anonymous Symbol]                       0x000020a8   Section        0  blinky.o(.text.signal_func)
    __arm_cp.2_0                             0x000020e0   Number         4  blinky.o(.text.signal_func)
    __arm_cp.2_1                             0x000020e4   Number         4  blinky.o(.text.signal_func)
    __arm_cp.2_2                             0x000020e8   Number         4  blinky.o(.text.signal_func)
    [Anonymous Symbol]                       0x000020ec   Section        0  stdout_evr.o(.text.stdout_putchar)
    __arm_cp.0_0                             0x00002120   Number         4  stdout_evr.o(.text.stdout_putchar)
    __arm_cp.0_1                             0x00002124   Number         4  stdout_evr.o(.text.stdout_putchar)
    svcRtxDelay                              0x00002129   Thumb Code    52  rtx_delay.o(.text.svcRtxDelay)
    [Anonymous Symbol]                       0x00002128   Section        0  rtx_delay.o(.text.svcRtxDelay)
    svcRtxKernelGetState                     0x0000215d   Thumb Code     8  rtx_kernel.o(.text.svcRtxKernelGetState)
    [Anonymous Symbol]                       0x0000215c   Section        0  rtx_kernel.o(.text.svcRtxKernelGetState)
    svcRtxKernelGetSysTimerCount             0x00002165   Thumb Code    36  rtx_kernel.o(.text.svcRtxKernelGetSysTimerCount)
    [Anonymous Symbol]                       0x00002164   Section        0  rtx_kernel.o(.text.svcRtxKernelGetSysTimerCount)
    __arm_cp.22_0                            0x00002188   Number         4  rtx_kernel.o(.text.svcRtxKernelGetSysTimerCount)
    svcRtxKernelInitialize                   0x0000218d   Thumb Code   260  rtx_kernel.o(.text.svcRtxKernelInitialize)
    [Anonymous Symbol]                       0x0000218c   Section        0  rtx_kernel.o(.text.svcRtxKernelInitialize)
    __arm_cp.25_2                            0x00002290   Number         4  rtx_kernel.o(.text.svcRtxKernelInitialize)
    svcRtxKernelStart                        0x00002295   Thumb Code   124  rtx_kernel.o(.text.svcRtxKernelStart)
    [Anonymous Symbol]                       0x00002294   Section        0  rtx_kernel.o(.text.svcRtxKernelStart)
    __arm_cp.26_1                            0x00002310   Number         4  rtx_kernel.o(.text.svcRtxKernelStart)
    __arm_cp.26_2                            0x00002314   Number         4  rtx_kernel.o(.text.svcRtxKernelStart)
    __arm_cp.26_3                            0x00002318   Number         4  rtx_kernel.o(.text.svcRtxKernelStart)
    svcRtxMessageQueueGet                    0x0000231d   Thumb Code   240  rtx_msgqueue.o(.text.svcRtxMessageQueueGet)
    [Anonymous Symbol]                       0x0000231c   Section        0  rtx_msgqueue.o(.text.svcRtxMessageQueueGet)
    __arm_cp.22_0                            0x0000240c   Number         4  rtx_msgqueue.o(.text.svcRtxMessageQueueGet)
    svcRtxMessageQueueNew                    0x00002411   Thumb Code   320  rtx_msgqueue.o(.text.svcRtxMessageQueueNew)
    [Anonymous Symbol]                       0x00002410   Section        0  rtx_msgqueue.o(.text.svcRtxMessageQueueNew)
    __arm_cp.1_0                             0x00002550   Number         4  rtx_msgqueue.o(.text.svcRtxMessageQueueNew)
    __arm_cp.1_1                             0x00002554   Number         4  rtx_msgqueue.o(.text.svcRtxMessageQueueNew)
    svcRtxMessageQueuePut                    0x00002559   Thumb Code   208  rtx_msgqueue.o(.text.svcRtxMessageQueuePut)
    [Anonymous Symbol]                       0x00002558   Section        0  rtx_msgqueue.o(.text.svcRtxMessageQueuePut)
    svcRtxThreadExit                         0x00002629   Thumb Code    88  rtx_thread.o(.text.svcRtxThreadExit)
    [Anonymous Symbol]                       0x00002628   Section        0  rtx_thread.o(.text.svcRtxThreadExit)
    __arm_cp.73_0                            0x00002680   Number         4  rtx_thread.o(.text.svcRtxThreadExit)
    svcRtxThreadFlagsSet                     0x00002685   Thumb Code   124  rtx_thread.o(.text.svcRtxThreadFlagsSet)
    [Anonymous Symbol]                       0x00002684   Section        0  rtx_thread.o(.text.svcRtxThreadFlagsSet)
    svcRtxThreadFlagsWait                    0x00002701   Thumb Code   140  rtx_thread.o(.text.svcRtxThreadFlagsWait)
    [Anonymous Symbol]                       0x00002700   Section        0  rtx_thread.o(.text.svcRtxThreadFlagsWait)
    __arm_cp.84_0                            0x0000278c   Number         4  rtx_thread.o(.text.svcRtxThreadFlagsWait)
    svcRtxThreadNew                          0x00002791   Thumb Code   532  rtx_thread.o(.text.svcRtxThreadNew)
    [Anonymous Symbol]                       0x00002790   Section        0  rtx_thread.o(.text.svcRtxThreadNew)
    __arm_cp.21_0                            0x000029a4   Number         4  rtx_thread.o(.text.svcRtxThreadNew)
    __arm_cp.21_1                            0x000029a8   Number         4  rtx_thread.o(.text.svcRtxThreadNew)
    __arm_cp.21_2                            0x000029ac   Number         4  rtx_thread.o(.text.svcRtxThreadNew)
    __arm_cp.21_3                            0x000029b0   Number         4  rtx_thread.o(.text.svcRtxThreadNew)
    __arm_cp.21_4                            0x000029b4   Number         4  rtx_thread.o(.text.svcRtxThreadNew)
    i.__0printf$1                            0x000029b8   Section        0  printf1.o(i.__0printf$1)
    i.__scatterload_copy                     0x000029d8   Section       14  handlers.o(i.__scatterload_copy)
    i.__scatterload_null                     0x000029e6   Section        2  handlers.o(i.__scatterload_null)
    i.__scatterload_zeroinit                 0x000029e8   Section       14  handlers.o(i.__scatterload_zeroinit)
    _printf_core                             0x000029f9   Thumb Code   336  printf1.o(i._printf_core)
    i._printf_core                           0x000029f8   Section        0  printf1.o(i._printf_core)
    __tagsym$$used.0                         0x00002b4c   Number         0  rtx_lib.o(.rodata)
    __tagsym$$used.1                         0x00002bbc   Number         0  rtx_lib.o(.rodata)
    __tagsym$$used.0                         0x00002bf4   Number         0  eventrecorder.o(.rodata.EventRecorderInfo)
    os_idle_thread_attr                      0x00002c10   Data          36  rtx_lib.o(.rodata.os_idle_thread_attr)
    [Anonymous Symbol]                       0x00002c10   Section        0  rtx_lib.o(.rodata.os_idle_thread_attr)
    os_timer_mq_attr                         0x00002c34   Data          24  rtx_lib.o(.rodata.os_timer_mq_attr)
    [Anonymous Symbol]                       0x00002c34   Section        0  rtx_lib.o(.rodata.os_timer_mq_attr)
    os_timer_thread_attr                     0x00002c4c   Data          36  rtx_lib.o(.rodata.os_timer_thread_attr)
    [Anonymous Symbol]                       0x00002c4c   Section        0  rtx_lib.o(.rodata.os_timer_thread_attr)
    [Anonymous Symbol]                       0x00002c70   Section        0  rtx_kernel.o(.rodata.str1.4)
    EventBuffer                              0x20000000   Data        1024  eventrecorder.o(.bss.noinit)
    [Anonymous Symbol]                       0x20000000   Section        0  eventrecorder.o(.bss.noinit)
    EventFilter                              0x20000400   Data         128  eventrecorder.o(.bss.noinit)
    EventStatus                              0x20000480   Data          36  eventrecorder.o(.bss.noinit)
    .data                                    0x200004a8   Section        4  stdout.o(.data)
    [Anonymous Symbol]                       0x20000558   Section        0  blinky.o(.bss..L_MergedGlobals)
    stdout_putchar.index                     0x2000057c   Data           4  stdout_evr.o(.bss..L_MergedGlobals)
    [Anonymous Symbol]                       0x2000057c   Section        0  stdout_evr.o(.bss..L_MergedGlobals)
    stdout_putchar.buffer                    0x20000580   Data           8  stdout_evr.o(.bss..L_MergedGlobals)
    os_isr_queue                             0x20000588   Data          64  rtx_lib.o(.bss.os)
    [Anonymous Symbol]                       0x20000588   Section        0  rtx_lib.o(.bss.os)
    os_mem                                   0x200005c8   Data        4096  rtx_lib.o(.bss.os)
    PendST                                   0x200015c8   Data           1  os_systick.o(.bss.os)
    [Anonymous Symbol]                       0x200015c8   Section        0  os_systick.o(.bss.os)
    os_timer_mq_cb                           0x200015cc   Data          52  rtx_lib.o(.bss.os.msgqueue.cb)
    [Anonymous Symbol]                       0x200015cc   Section        0  rtx_lib.o(.bss.os.msgqueue.cb)
    os_timer_mq_data                         0x20001600   Data          80  rtx_lib.o(.bss.os.msgqueue.mem)
    [Anonymous Symbol]                       0x20001600   Section        0  rtx_lib.o(.bss.os.msgqueue.mem)
    os_idle_thread_cb                        0x20001650   Data          80  rtx_lib.o(.bss.os.thread.cb)
    [Anonymous Symbol]                       0x20001650   Section        0  rtx_lib.o(.bss.os.thread.cb)
    os_timer_thread_cb                       0x200016a0   Data          80  rtx_lib.o(.bss.os.thread.cb)
    os_idle_thread_stack                     0x200016f0   Data         512  rtx_lib.o(.bss.os.thread.idle.stack)
    [Anonymous Symbol]                       0x200016f0   Section        0  rtx_lib.o(.bss.os.thread.idle.stack)
    os_timer_thread_stack                    0x200018f0   Data         512  rtx_lib.o(.bss.os.thread.timer.stack)
    [Anonymous Symbol]                       0x200018f0   Section        0  rtx_lib.o(.bss.os.thread.timer.stack)
    SysTimerState                            0x20001af0   Data           1  eventrecorder.o(.bss.SysTimerState)
    [Anonymous Symbol]                       0x20001af0   Section        0  eventrecorder.o(.bss.SysTimerState)
    FPCCR                                    0xe000ef34   Number         0  irq_armv7m.o ABSOLUTE

    Global Symbols

    Symbol Name                              Value     Ov Type        Size  Object(Section)

    BuildAttributes$$THM_ISAv4$E$P$D$K$B$S$7EM$VFPi3$EXTD16$VFPS$VFMA$PE$A:L22UL41UL21$X:L11$S22US41US21$IEEE1$IW$USESV6$~STKCKD$USESV7$WCHAR32$ENUMINT$~SHL$OSPACE$ROPI$EBA8$MICROLIB$REQ8$PRES8$EABIv2 0x00000000   Number         0  anon$$obj.o ABSOLUTE
    __Vectors                                0x00000000   Data         960  startup_armcm4.o(RESET)
    _printf_a                                0x00000000   Number         0  printfstubs.o ABSOLUTE
    _printf_c                                0x00000000   Number         0  printfstubs.o ABSOLUTE
    _printf_charcount                        0x00000000   Number         0  printfstubs.o ABSOLUTE
    _printf_d                                0x00000000   Number         0  printfstubs.o ABSOLUTE
    _printf_e                                0x00000000   Number         0  printfstubs.o ABSOLUTE
    _printf_f                                0x00000000   Number         0  printfstubs.o ABSOLUTE
    _printf_flags                            0x00000000   Number         0  printfstubs.o ABSOLUTE
    _printf_fp_dec                           0x00000000   Number         0  printfstubs.o ABSOLUTE
    _printf_fp_hex                           0x00000000   Number         0  printfstubs.o ABSOLUTE
    _printf_g                                0x00000000   Number         0  printfstubs.o ABSOLUTE
    _printf_i                                0x00000000   Number         0  printfstubs.o ABSOLUTE
    _printf_int_dec                          0x00000000   Number         0  printfstubs.o ABSOLUTE
    _printf_l                                0x00000000   Number         0  printfstubs.o ABSOLUTE
    _printf_lc                               0x00000000   Number         0  printfstubs.o ABSOLUTE
    _printf_ll                               0x00000000   Number         0  printfstubs.o ABSOLUTE
    _printf_lld                              0x00000000   Number         0  printfstubs.o ABSOLUTE
    _printf_lli                              0x00000000   Number         0  printfstubs.o ABSOLUTE
    _printf_llo                              0x00000000   Number         0  printfstubs.o ABSOLUTE
    _printf_llu                              0x00000000   Number         0  printfstubs.o ABSOLUTE
    _printf_llx                              0x00000000   Number         0  printfstubs.o ABSOLUTE
    _printf_longlong_dec                     0x00000000   Number         0  printfstubs.o ABSOLUTE
    _printf_longlong_hex                     0x00000000   Number         0  printfstubs.o ABSOLUTE
    _printf_longlong_oct                     0x00000000   Number         0  printfstubs.o ABSOLUTE
    _printf_ls                               0x00000000   Number         0  printfstubs.o ABSOLUTE
    _printf_mbtowc                           0x00000000   Number         0  printfstubs.o ABSOLUTE
    _printf_n                                0x00000000   Number         0  printfstubs.o ABSOLUTE
    _printf_o                                0x00000000   Number         0  printfstubs.o ABSOLUTE
    _printf_p                                0x00000000   Number         0  printfstubs.o ABSOLUTE
    _printf_percent                          0x00000000   Number         0  printfstubs.o ABSOLUTE
    _printf_pre_padding                      0x00000000   Number         0  printfstubs.o ABSOLUTE
    _printf_return_value                     0x00000000   Number         0  printfstubs.o ABSOLUTE
    _printf_s                                0x00000000   Number         0  printfstubs.o ABSOLUTE
    _printf_sizespec                         0x00000000   Number         0  printfstubs.o ABSOLUTE
    _printf_str                              0x00000000   Number         0  printfstubs.o ABSOLUTE
    _printf_truncate_signed                  0x00000000   Number         0  printfstubs.o ABSOLUTE
    _printf_truncate_unsigned                0x00000000   Number         0  printfstubs.o ABSOLUTE
    _printf_u                                0x00000000   Number         0  printfstubs.o ABSOLUTE
    _printf_wc                               0x00000000   Number         0  printfstubs.o ABSOLUTE
    _printf_wctomb                           0x00000000   Number         0  printfstubs.o ABSOLUTE
    _printf_widthprec                        0x00000000   Number         0  printfstubs.o ABSOLUTE
    _printf_x                                0x00000000   Number         0  printfstubs.o ABSOLUTE
    .bss.os.evflags.cb$$Base                  - Undefined Weak Reference
    .bss.os.evflags.cb$$Limit                 - Undefined Weak Reference
    .bss.os.mempool.cb$$Base                  - Undefined Weak Reference
    .bss.os.mempool.cb$$Limit                 - Undefined Weak Reference
    .bss.os.mutex.cb$$Base                    - Undefined Weak Reference
    .bss.os.mutex.cb$$Limit                   - Undefined Weak Reference
    .bss.os.semaphore.cb$$Base                - Undefined Weak Reference
    .bss.os.semaphore.cb$$Limit               - Undefined Weak Reference
    .bss.os.timer.cb$$Base                    - Undefined Weak Reference
    .bss.os.timer.cb$$Limit                   - Undefined Weak Reference
    __cpp_initialize__aeabi_                  - Undefined Weak Reference
    __cxa_finalize                            - Undefined Weak Reference
    __decompress                              - Undefined Weak Reference
    _clock_init                               - Undefined Weak Reference
    _microlib_exit                            - Undefined Weak Reference
    __main                                   0x000003c1   Thumb Code     0  entry.o(.ARM.Collect$$$$00000000)
    _main_stk                                0x000003c1   Thumb Code     0  entry4.o(.ARM.Collect$$$$00000003)
    _main_scatterload                        0x000003c5   Thumb Code     0  entry5.o(.ARM.Collect$$$$00000004)
    __main_after_scatterload                 0x000003c9   Thumb Code     0  entry5.o(.ARM.Collect$$$$00000004)
    _main_clock                              0x000003c9   Thumb Code     0  entry7b.o(.ARM.Collect$$$$00000008)
    _main_cpp_init                           0x000003c9   Thumb Code     0  entry8b.o(.ARM.Collect$$$$0000000A)
    _main_init                               0x000003c9   Thumb Code     0  entry9a.o(.ARM.Collect$$$$0000000B)
    __rt_final_cpp                           0x000003d1   Thumb Code     0  entry10a.o(.ARM.Collect$$$$0000000D)
    __rt_final_exit                          0x000003d1   Thumb Code     0  entry11a.o(.ARM.Collect$$$$0000000F)
    SVC_Handler                              0x000003d5   Thumb Code   146  irq_armv7m.o(.text)
    PendSV_Handler                           0x00000467   Thumb Code    16  irq_armv7m.o(.text)
    SysTick_Handler                          0x00000477   Thumb Code    16  irq_armv7m.o(.text)
    __aeabi_memcpy                           0x00000495   Thumb Code    36  memcpya.o(.text)
    __aeabi_memcpy4                          0x00000495   Thumb Code     0  memcpya.o(.text)
    __aeabi_memcpy8                          0x00000495   Thumb Code     0  memcpya.o(.text)
    __aeabi_memset                           0x000004b9   Thumb Code    14  memseta.o(.text)
    __aeabi_memset4                          0x000004b9   Thumb Code     0  memseta.o(.text)
    __aeabi_memset8                          0x000004b9   Thumb Code     0  memseta.o(.text)
    __aeabi_memclr                           0x000004c7   Thumb Code     4  memseta.o(.text)
    __aeabi_memclr4                          0x000004c7   Thumb Code     0  memseta.o(.text)
    __aeabi_memclr8                          0x000004c7   Thumb Code     0  memseta.o(.text)
    _memset$wrapper                          0x000004cb   Thumb Code    18  memseta.o(.text)
    __aeabi_uidiv                            0x000004dd   Thumb Code     0  uidiv.o(.text)
    __aeabi_uidivmod                         0x000004dd   Thumb Code    44  uidiv.o(.text)
    __scatterload                            0x00000509   Thumb Code    28  init.o(.text)
    __scatterload_rt2                        0x00000509   Thumb Code     0  init.o(.text)
    BusFault_Handler                         0x0000052d   Thumb Code     2  startup_armcm4.o(.text.Default_Handler)
    DebugMon_Handler                         0x0000052d   Thumb Code     2  startup_armcm4.o(.text.Default_Handler)
    Default_Handler                          0x0000052d   Thumb Code     2  startup_armcm4.o(.text.Default_Handler)
    Interrupt0_Handler                       0x0000052d   Thumb Code     2  startup_armcm4.o(.text.Default_Handler)
    Interrupt1_Handler                       0x0000052d   Thumb Code     2  startup_armcm4.o(.text.Default_Handler)
    Interrupt2_Handler                       0x0000052d   Thumb Code     2  startup_armcm4.o(.text.Default_Handler)
    Interrupt3_Handler                       0x0000052d   Thumb Code     2  startup_armcm4.o(.text.Default_Handler)
    Interrupt4_Handler                       0x0000052d   Thumb Code     2  startup_armcm4.o(.text.Default_Handler)
    Interrupt5_Handler                       0x0000052d   Thumb Code     2  startup_armcm4.o(.text.Default_Handler)
    Interrupt6_Handler                       0x0000052d   Thumb Code     2  startup_armcm4.o(.text.Default_Handler)
    Interrupt7_Handler                       0x0000052d   Thumb Code     2  startup_armcm4.o(.text.Default_Handler)
    Interrupt8_Handler                       0x0000052d   Thumb Code     2  startup_armcm4.o(.text.Default_Handler)
    Interrupt9_Handler                       0x0000052d   Thumb Code     2  startup_armcm4.o(.text.Default_Handler)
    MemManage_Handler                        0x0000052d   Thumb Code     2  startup_armcm4.o(.text.Default_Handler)
    NMI_Handler                              0x0000052d   Thumb Code     2  startup_armcm4.o(.text.Default_Handler)
    UsageFault_Handler                       0x0000052d   Thumb Code     2  startup_armcm4.o(.text.Default_Handler)
    EventRecord2                             0x000005a9   Thumb Code    58  eventrecorder.o(.text.EventRecord2)
    EventRecord4                             0x000005e5   Thumb Code   120  eventrecorder.o(.text.EventRecord4)
    EventRecordData                          0x00000661   Thumb Code   256  eventrecorder.o(.text.EventRecordData)
    EventRecorderDisable                     0x0000085d   Thumb Code    92  eventrecorder.o(.text.EventRecorderDisable)
    EventRecorderEnable                      0x000008b9   Thumb Code    92  eventrecorder.o(.text.EventRecorderEnable)
    EventRecorderInitialize                  0x00000919   Thumb Code   244  eventrecorder.o(.text.EventRecorderInitialize)
    EventRecorderStart                       0x00000a25   Thumb Code    32  eventrecorder.o(.text.EventRecorderStart)
    EventRecorderTimerGetCount               0x00000a4d   Thumb Code    20  eventrecorder.o(.text.EventRecorderTimerGetCount)
    EventRecorderTimerSetup                  0x00000a61   Thumb Code    12  eventrecorder.o(.text.EventRecorderTimerSetup)
    EvrRtxDelay                              0x00000a71   Thumb Code     8  rtx_evr.o(.text.EvrRtxDelay)
    EvrRtxDelayCompleted                     0x00000a7d   Thumb Code     8  rtx_evr.o(.text.EvrRtxDelayCompleted)
    EvrRtxDelayError                         0x00000a89   Thumb Code    10  rtx_evr.o(.text.EvrRtxDelayError)
    EvrRtxDelayStarted                       0x00000a95   Thumb Code     8  rtx_evr.o(.text.EvrRtxDelayStarted)
    EvrRtxEventFlagsWaitTimeout              0x00000aa1   Thumb Code     8  rtx_evr.o(.text.EvrRtxEventFlagsWaitTimeout)
    EvrRtxKernelError                        0x00000aad   Thumb Code    10  rtx_evr.o(.text.EvrRtxKernelError)
    EvrRtxKernelErrorNotify                  0x00000ab7   Thumb Code    12  rtx_evr.o(.text.EvrRtxKernelErrorNotify)
    EvrRtxKernelInitialize                   0x00000ac5   Thumb Code     8  rtx_evr.o(.text.EvrRtxKernelInitialize)
    EvrRtxKernelInitialized                  0x00000ad1   Thumb Code     8  rtx_evr.o(.text.EvrRtxKernelInitialized)
    EvrRtxKernelStart                        0x00000add   Thumb Code     8  rtx_evr.o(.text.EvrRtxKernelStart)
    EvrRtxKernelStarted                      0x00000ae9   Thumb Code     8  rtx_evr.o(.text.EvrRtxKernelStarted)
    EvrRtxMemoryAlloc                        0x00000af5   Thumb Code    16  rtx_evr.o(.text.EvrRtxMemoryAlloc)
    EvrRtxMemoryBlockAlloc                   0x00000b09   Thumb Code    12  rtx_evr.o(.text.EvrRtxMemoryBlockAlloc)
    EvrRtxMemoryBlockFree                    0x00000b19   Thumb Code    16  rtx_evr.o(.text.EvrRtxMemoryBlockFree)
    EvrRtxMemoryBlockInit                    0x00000b2d   Thumb Code    16  rtx_evr.o(.text.EvrRtxMemoryBlockInit)
    EvrRtxMemoryFree                         0x00000b41   Thumb Code    16  rtx_evr.o(.text.EvrRtxMemoryFree)
    EvrRtxMemoryInit                         0x00000b55   Thumb Code    16  rtx_evr.o(.text.EvrRtxMemoryInit)
    EvrRtxMemoryPoolAllocTimeout             0x00000b65   Thumb Code     8  rtx_evr.o(.text.EvrRtxMemoryPoolAllocTimeout)
    EvrRtxMessageQueueCreated                0x00000b71   Thumb Code    12  rtx_evr.o(.text.EvrRtxMessageQueueCreated)
    EvrRtxMessageQueueError                  0x00000b81   Thumb Code    12  rtx_evr.o(.text.EvrRtxMessageQueueError)
    EvrRtxMessageQueueGet                    0x00000b8d   Thumb Code    16  rtx_evr.o(.text.EvrRtxMessageQueueGet)
    EvrRtxMessageQueueGetPending             0x00000ba1   Thumb Code    16  rtx_evr.o(.text.EvrRtxMessageQueueGetPending)
    EvrRtxMessageQueueGetTimeout             0x00000bb5   Thumb Code     8  rtx_evr.o(.text.EvrRtxMessageQueueGetTimeout)
    EvrRtxMessageQueueInsertPending          0x00000bc1   Thumb Code    12  rtx_evr.o(.text.EvrRtxMessageQueueInsertPending)
    EvrRtxMessageQueueInserted               0x00000bd1   Thumb Code    12  rtx_evr.o(.text.EvrRtxMessageQueueInserted)
    EvrRtxMessageQueueNotInserted            0x00000be1   Thumb Code    12  rtx_evr.o(.text.EvrRtxMessageQueueNotInserted)
    EvrRtxMessageQueueNotRetrieved           0x00000bf1   Thumb Code    12  rtx_evr.o(.text.EvrRtxMessageQueueNotRetrieved)
    EvrRtxMessageQueuePut                    0x00000c01   Thumb Code    16  rtx_evr.o(.text.EvrRtxMessageQueuePut)
    EvrRtxMessageQueuePutPending             0x00000c15   Thumb Code    16  rtx_evr.o(.text.EvrRtxMessageQueuePutPending)
    EvrRtxMessageQueuePutTimeout             0x00000c29   Thumb Code     8  rtx_evr.o(.text.EvrRtxMessageQueuePutTimeout)
    EvrRtxMessageQueueRetrieved              0x00000c35   Thumb Code    12  rtx_evr.o(.text.EvrRtxMessageQueueRetrieved)
    EvrRtxMutexAcquireTimeout                0x00000c45   Thumb Code     8  rtx_evr.o(.text.EvrRtxMutexAcquireTimeout)
    EvrRtxMutexAcquired                      0x00000c51   Thumb Code    12  rtx_evr.o(.text.EvrRtxMutexAcquired)
    EvrRtxMutexReleased                      0x00000c61   Thumb Code    12  rtx_evr.o(.text.EvrRtxMutexReleased)
    EvrRtxSemaphoreAcquireTimeout            0x00000c71   Thumb Code     8  rtx_evr.o(.text.EvrRtxSemaphoreAcquireTimeout)
    EvrRtxThreadBlocked                      0x00000c7d   Thumb Code    12  rtx_evr.o(.text.EvrRtxThreadBlocked)
    EvrRtxThreadCreated                      0x00000c8d   Thumb Code    20  rtx_evr.o(.text.EvrRtxThreadCreated)
    EvrRtxThreadDestroyed                    0x00000ca5   Thumb Code     8  rtx_evr.o(.text.EvrRtxThreadDestroyed)
    EvrRtxThreadError                        0x00000cb1   Thumb Code    12  rtx_evr.o(.text.EvrRtxThreadError)
    EvrRtxThreadExit                         0x00000cbd   Thumb Code     8  rtx_evr.o(.text.EvrRtxThreadExit)
    EvrRtxThreadFlagsError                   0x00000cc9   Thumb Code    12  rtx_evr.o(.text.EvrRtxThreadFlagsError)
    EvrRtxThreadFlagsSet                     0x00000cd5   Thumb Code    12  rtx_evr.o(.text.EvrRtxThreadFlagsSet)
    EvrRtxThreadFlagsSetDone                 0x00000ce5   Thumb Code    12  rtx_evr.o(.text.EvrRtxThreadFlagsSetDone)
    EvrRtxThreadFlagsWait                    0x00000cf5   Thumb Code    16  rtx_evr.o(.text.EvrRtxThreadFlagsWait)
    EvrRtxThreadFlagsWaitCompleted           0x00000d09   Thumb Code    16  rtx_evr.o(.text.EvrRtxThreadFlagsWaitCompleted)
    EvrRtxThreadFlagsWaitNotCompleted        0x00000d1d   Thumb Code    12  rtx_evr.o(.text.EvrRtxThreadFlagsWaitNotCompleted)
    EvrRtxThreadFlagsWaitPending             0x00000d2d   Thumb Code    16  rtx_evr.o(.text.EvrRtxThreadFlagsWaitPending)
    EvrRtxThreadFlagsWaitTimeout             0x00000d41   Thumb Code     8  rtx_evr.o(.text.EvrRtxThreadFlagsWaitTimeout)
    EvrRtxThreadJoined                       0x00000d4d   Thumb Code     8  rtx_evr.o(.text.EvrRtxThreadJoined)
    EvrRtxThreadNew                          0x00000d59   Thumb Code    16  rtx_evr.o(.text.EvrRtxThreadNew)
    EvrRtxThreadPreempted                    0x00000d6d   Thumb Code     8  rtx_evr.o(.text.EvrRtxThreadPreempted)
    EvrRtxThreadSwitched                     0x00000d79   Thumb Code     8  rtx_evr.o(.text.EvrRtxThreadSwitched)
    EvrRtxThreadUnblocked                    0x00000d85   Thumb Code    12  rtx_evr.o(.text.EvrRtxThreadUnblocked)
    EvrRtxTimerCallback                      0x00000d95   Thumb Code    12  rtx_evr.o(.text.EvrRtxTimerCallback)
    HardFault_Handler                        0x00000da5   Thumb Code     2  startup_armcm4.o(.text.HardFault_Handler)
    OS_Tick_AcknowledgeIRQ                   0x00000e71   Thumb Code     8  os_systick.o(.text.OS_Tick_AcknowledgeIRQ)
    OS_Tick_Enable                           0x00000e79   Thumb Code    32  os_systick.o(.text.OS_Tick_Enable)
    OS_Tick_GetCount                         0x00000e99   Thumb Code    20  os_systick.o(.text.OS_Tick_GetCount)
    OS_Tick_GetIRQn                          0x00000ead   Thumb Code     6  os_systick.o(.text.OS_Tick_GetIRQn)
    OS_Tick_GetInterval                      0x00000eb5   Thumb Code     8  os_systick.o(.text.OS_Tick_GetInterval)
    OS_Tick_GetOverflow                      0x00000ec1   Thumb Code    12  os_systick.o(.text.OS_Tick_GetOverflow)
    OS_Tick_Setup                            0x00000ed1   Thumb Code    48  os_systick.o(.text.OS_Tick_Setup)
    Reset_Handler                            0x00000ffd   Thumb Code     8  startup_armcm4.o(.text.Reset_Handler)
    Switch_Off                               0x00001005   Thumb Code     8  blinky.o(.text.Switch_Off)
    Switch_On                                0x0000101d   Thumb Code     8  blinky.o(.text.Switch_On)
    SystemCoreClockUpdate                    0x00001055   Thumb Code     8  system_armcm4.o(.text.SystemCoreClockUpdate)
    SystemInit                               0x0000105d   Thumb Code    28  system_armcm4.o(.text.SystemInit)
    app_main                                 0x00001131   Thumb Code    68  blinky.o(.text.app_main)
    clock                                    0x00001191   Thumb Code    16  blinky.o(.text.clock)
    fputc                                    0x000011a1   Thumb Code    16  retarget_io.o(.text.fputc)
    main                                     0x000011b5   Thumb Code    32  blinky.o(.text.main)
    osDelay                                  0x000011d9   Thumb Code    52  rtx_delay.o(.text.osDelay)
    osKernelGetState                         0x00001211   Thumb Code    40  rtx_kernel.o(.text.osKernelGetState)
    osKernelGetSysTimerCount                 0x00001241   Thumb Code    32  rtx_kernel.o(.text.osKernelGetSysTimerCount)
    osKernelInitialize                       0x00001265   Thumb Code    44  rtx_kernel.o(.text.osKernelInitialize)
    osKernelStart                            0x00001295   Thumb Code    40  rtx_kernel.o(.text.osKernelStart)
    osMessageQueueGet                        0x000012c1   Thumb Code   140  rtx_msgqueue.o(.text.osMessageQueueGet)
    osMessageQueuePut                        0x00001351   Thumb Code   136  rtx_msgqueue.o(.text.osMessageQueuePut)
    osRtxErrorNotify                         0x000013dd   Thumb Code     2  rtx_config.o(.text.osRtxErrorNotify)
    osRtxIdleThread                          0x000013df   Thumb Code     2  rtx_config.o(.text.osRtxIdleThread)
    osRtxKernelBeforeInit                    0x000013e1   Thumb Code   204  rtx_lib.o(.text.osRtxKernelBeforeInit)
    osRtxKernelErrorNotify                   0x000014b5   Thumb Code    22  rtx_kernel.o(.text.osRtxKernelErrorNotify)
    osRtxMemoryAlloc                         0x000014cb   Thumb Code   124  rtx_memory.o(.text.osRtxMemoryAlloc)
    osRtxMemoryFree                          0x00001547   Thumb Code    76  rtx_memory.o(.text.osRtxMemoryFree)
    osRtxMemoryInit                          0x00001593   Thumb Code    62  rtx_memory.o(.text.osRtxMemoryInit)
    osRtxMemoryPoolAlloc                     0x000015d1   Thumb Code    68  rtx_mempool.o(.text.osRtxMemoryPoolAlloc)
    osRtxMemoryPoolFree                      0x00001615   Thumb Code    86  rtx_mempool.o(.text.osRtxMemoryPoolFree)
    osRtxMemoryPoolInit                      0x0000166b   Thumb Code    74  rtx_mempool.o(.text.osRtxMemoryPoolInit)
    osRtxMessageQueueTimerSetup              0x00001795   Thumb Code    32  rtx_msgqueue.o(.text.osRtxMessageQueueTimerSetup)
    osRtxMutexOwnerRelease                   0x000017b9   Thumb Code    88  rtx_mutex.o(.text.osRtxMutexOwnerRelease)
    osRtxMutexOwnerRestore                   0x00001811   Thumb Code    72  rtx_mutex.o(.text.osRtxMutexOwnerRestore)
    osRtxPendSV_Handler                      0x00001859   Thumb Code   136  rtx_system.o(.text.osRtxPendSV_Handler)
    osRtxPostProcess                         0x000018e1   Thumb Code   108  rtx_system.o(.text.osRtxPostProcess)
    osRtxThreadBeforeFree                    0x00001951   Thumb Code     2  rtx_thread.o(.text.osRtxThreadBeforeFree)
    osRtxThreadDelayRemove                   0x00001a0d   Thumb Code    60  rtx_thread.o(.text.osRtxThreadDelayRemove)
    osRtxThreadDelayTick                     0x00001a49   Thumb Code   188  rtx_thread.o(.text.osRtxThreadDelayTick)
    osRtxThreadDestroy                       0x00001b05   Thumb Code    48  rtx_thread.o(.text.osRtxThreadDestroy)
    osRtxThreadDispatch                      0x00001b39   Thumb Code    84  rtx_thread.o(.text.osRtxThreadDispatch)
    osRtxThreadJoinWakeup                    0x00001be9   Thumb Code    36  rtx_thread.o(.text.osRtxThreadJoinWakeup)
    osRtxThreadListGet                       0x00001c0d   Thumb Code    18  rtx_thread.o(.text.osRtxThreadListGet)
    osRtxThreadListPut                       0x00001c1f   Thumb Code    44  rtx_thread.o(.text.osRtxThreadListPut)
    osRtxThreadListRemove                    0x00001c4b   Thumb Code    20  rtx_thread.o(.text.osRtxThreadListRemove)
    osRtxThreadListSort                      0x00001c6b   Thumb Code    38  rtx_thread.o(.text.osRtxThreadListSort)
    osRtxThreadReadyPut                      0x00001cc1   Thumb Code    16  rtx_thread.o(.text.osRtxThreadReadyPut)
    osRtxThreadRegPtr                        0x00001cd1   Thumb Code    20  rtx_thread.o(.text.osRtxThreadRegPtr)
    osRtxThreadStackCheck                    0x00001ce5   Thumb Code    24  rtx_thread.o(.text.osRtxThreadStackCheck)
    osRtxThreadStartup                       0x00001d01   Thumb Code    48  rtx_thread.o(.text.osRtxThreadStartup)
    osRtxThreadSwitch                        0x00001d3d   Thumb Code    32  rtx_thread.o(.text.osRtxThreadSwitch)
    osRtxThreadWaitEnter                     0x00001d61   Thumb Code    64  rtx_thread.o(.text.osRtxThreadWaitEnter)
    osRtxThreadWaitExit                      0x00001da5   Thumb Code    54  rtx_thread.o(.text.osRtxThreadWaitExit)
    osRtxTick_Handler                        0x00001ddd   Thumb Code   120  rtx_system.o(.text.osRtxTick_Handler)
    osRtxTimerSetup                          0x00001e55   Thumb Code    24  rtx_timer.o(.text.osRtxTimerSetup)
    osRtxTimerThread                         0x00001e71   Thumb Code    40  rtx_timer.o(.text.osRtxTimerThread)
    osThreadExit                             0x00001f11   Thumb Code    24  rtx_thread.o(.text.osThreadExit)
    osThreadFlagsSet                         0x00001f2d   Thumb Code   120  rtx_thread.o(.text.osThreadFlagsSet)
    osThreadFlagsWait                        0x00001fa9   Thumb Code    48  rtx_thread.o(.text.osThreadFlagsWait)
    osThreadNew                              0x00001fdd   Thumb Code    56  rtx_thread.o(.text.osThreadNew)
    phaseA                                   0x00002019   Thumb Code    36  blinky.o(.text.phaseA)
    phaseB                                   0x0000203d   Thumb Code    36  blinky.o(.text.phaseB)
    phaseC                                   0x00002061   Thumb Code    36  blinky.o(.text.phaseC)
    phaseD                                   0x00002085   Thumb Code    36  blinky.o(.text.phaseD)
    signal_func                              0x000020a9   Thumb Code    56  blinky.o(.text.signal_func)
    stdout_putchar                           0x000020ed   Thumb Code    52  stdout_evr.o(.text.stdout_putchar)
    __0printf$1                              0x000029b9   Thumb Code    22  printf1.o(i.__0printf$1)
    __1printf$1                              0x000029b9   Thumb Code     0  printf1.o(i.__0printf$1)
    __2printf                                0x000029b9   Thumb Code     0  printf1.o(i.__0printf$1)
    __scatterload_copy                       0x000029d9   Thumb Code    14  handlers.o(i.__scatterload_copy)
    __scatterload_null                       0x000029e7   Thumb Code     2  handlers.o(i.__scatterload_null)
    __scatterload_zeroinit                   0x000029e9   Thumb Code    14  handlers.o(i.__scatterload_zeroinit)
    osRtxConfig                              0x00002b4c   Data         112  rtx_lib.o(.rodata)
    os_cb_sections                           0x00002bbc   Data          56  rtx_lib.o(.rodata)
    EventRecorderInfo                        0x00002bf4   Data          24  eventrecorder.o(.rodata.EventRecorderInfo)
    osRtxUserSVC                             0x00002c0c   Data           4  rtx_lib.o(.rodata.osRtxUserSVC)
    Region$$Table$$Base                      0x00002c7c   Number         0  anon$$obj.o(Region$$Table)
    Region$$Table$$Limit                     0x00002c9c   Number         0  anon$$obj.o(Region$$Table)
    __stdout                                 0x200004a8   Data           4  stdout.o(.data)
    SystemCoreClock                          0x200004ac   Data           4  system_armcm4.o(.data.SystemCoreClock)
    osRtxInfo                                0x200004b0   Data         164  rtx_kernel.o(.data.os)
    tid_clock                                0x20000558   Data           4  blinky.o(.bss..L_MergedGlobals)
    tid_phaseB                               0x2000055c   Data           4  blinky.o(.bss..L_MergedGlobals)
    tid_phaseC                               0x20000560   Data           4  blinky.o(.bss..L_MergedGlobals)
    tid_phaseD                               0x20000564   Data           4  blinky.o(.bss..L_MergedGlobals)
    tid_phaseA                               0x20000568   Data           4  blinky.o(.bss..L_MergedGlobals)
    g_phases                                 0x2000056c   Data          16  blinky.o(.bss..L_MergedGlobals)
    .bss.os.msgqueue.cb$$Base                0x200015cc   Number         0  rtx_lib.o(.bss.os.msgqueue.cb)
    .bss.os.msgqueue.cb$$Limit               0x20001600   Number         0  rtx_lib.o(.bss.os.msgqueue.cb)
    .bss.os.thread.cb$$Base                  0x20001650   Number         0  rtx_lib.o(.bss.os.thread.cb)
    .bss.os.thread.cb$$Limit                 0x200016f0   Number         0  rtx_lib.o(.bss.os.thread.cb)
    Image$$ARM_LIB_STACK$$ZI$$Limit          0x20020000   Number         0  anon$$obj.o ABSOLUTE



==============================================================================

Memory Map of the image

  Image Entry point : 0x000003c1

  Load Region LR_ROM (Base: 0x00000000, Size: 0x00002d50, Max: 0x00040000, ABSOLUTE)

    Execution Region ER_ROM (Exec base: 0x00000000, Load base: 0x00000000, Size: 0x00002c9c, Max: 0x00040000, ABSOLUTE)

    Exec Addr    Load Addr    Size         Type   Attr      Idx    E Section Name        Object

    0x00000000   0x00000000   0x000003c0   Data   RO         1205    RESET               startup_armcm4.o
    0x000003c0   0x000003c0   0x00000000   Code   RO         1224  * .ARM.Collect$$$$00000000  mc_w.l(entry.o)
    0x000003c0   0x000003c0   0x00000004   Code   RO         1500    .ARM.Collect$$$$00000003  mc_w.l(entry4.o)
    0x000003c4   0x000003c4   0x00000004   Code   RO         1503    .ARM.Collect$$$$00000004  mc_w.l(entry5.o)
    0x000003c8   0x000003c8   0x00000000   Code   RO         1505    .ARM.Collect$$$$00000008  mc_w.l(entry7b.o)
    0x000003c8   0x000003c8   0x00000000   Code   RO         1507    .ARM.Collect$$$$0000000A  mc_w.l(entry8b.o)
    0x000003c8   0x000003c8   0x00000008   Code   RO         1508    .ARM.Collect$$$$0000000B  mc_w.l(entry9a.o)
    0x000003d0   0x000003d0   0x00000000   Code   RO         1510    .ARM.Collect$$$$0000000D  mc_w.l(entry10a.o)
    0x000003d0   0x000003d0   0x00000000   Code   RO         1512    .ARM.Collect$$$$0000000F  mc_w.l(entry11a.o)
    0x000003d0   0x000003d0   0x00000004   Code   RO         1501    .ARM.Collect$$$$00002714  mc_w.l(entry4.o)
    0x000003d4   0x000003d4   0x000000c0   Code   RO           37    .text               irq_armv7m.o
    0x00000494   0x00000494   0x00000024   Code   RO         1233    .text               mc_w.l(memcpya.o)
    0x000004b8   0x000004b8   0x00000024   Code   RO         1235    .text               mc_w.l(memseta.o)
    0x000004dc   0x000004dc   0x0000002c   Code   RO         1523    .text               mc_w.l(uidiv.o)
    0x00000508   0x00000508   0x00000024   Code   RO         1538    .text               mc_w.l(init.o)
    0x0000052c   0x0000052c   0x00000002   Code   RO         1199    .text.Default_Handler  startup_armcm4.o
    0x0000052e   0x0000052e   0x00000002   PAD
    0x00000530   0x00000530   0x00000020   Code   RO         1182    .text.EventCheckFilter  eventrecorder.o
    0x00000550   0x00000550   0x00000058   Code   RO         1168    .text.EventGetTS    eventrecorder.o
    0x000005a8   0x000005a8   0x0000003a   Code   RO         1184    .text.EventRecord2  eventrecorder.o
    0x000005e2   0x000005e2   0x00000002   PAD
    0x000005e4   0x000005e4   0x0000007c   Code   RO         1186    .text.EventRecord4  eventrecorder.o
    0x00000660   0x00000660   0x00000108   Code   RO         1180    .text.EventRecordData  eventrecorder.o
    0x00000768   0x00000768   0x000000f4   Code   RO         1170    .text.EventRecordItem  eventrecorder.o
    0x0000085c   0x0000085c   0x0000005c   Code   RO         1174    .text.EventRecorderDisable  eventrecorder.o
    0x000008b8   0x000008b8   0x00000060   Code   RO         1166    .text.EventRecorderEnable  eventrecorder.o
    0x00000918   0x00000918   0x0000010c   Code   RO         1164    .text.EventRecorderInitialize  eventrecorder.o
    0x00000a24   0x00000a24   0x00000028   Code   RO         1172    .text.EventRecorderStart  eventrecorder.o
    0x00000a4c   0x00000a4c   0x00000014   Code   RO         1162    .text.EventRecorderTimerGetCount  eventrecorder.o
    0x00000a60   0x00000a60   0x00000010   Code   RO         1156    .text.EventRecorderTimerSetup  eventrecorder.o
    0x00000a70   0x00000a70   0x0000000c   Code   RO          265    .text.EvrRtxDelay   rtx_evr.o
    0x00000a7c   0x00000a7c   0x0000000c   Code   RO          273    .text.EvrRtxDelayCompleted  rtx_evr.o
    0x00000a88   0x00000a88   0x0000000a   Code   RO          263    .text.EvrRtxDelayError  rtx_evr.o
    0x00000a92   0x00000a92   0x00000002   PAD
    0x00000a94   0x00000a94   0x0000000c   Code   RO          269    .text.EvrRtxDelayStarted  rtx_evr.o
    0x00000aa0   0x00000aa0   0x0000000c   Code   RO          321    .text.EvrRtxEventFlagsWaitTimeout  rtx_evr.o
    0x00000aac   0x00000aac   0x0000000a   Code   RO          115    .text.EvrRtxKernelError  rtx_evr.o
    0x00000ab6   0x00000ab6   0x0000000c   Code   RO          157    .text.EvrRtxKernelErrorNotify  rtx_evr.o
    0x00000ac2   0x00000ac2   0x00000002   PAD
    0x00000ac4   0x00000ac4   0x0000000c   Code   RO          117    .text.EvrRtxKernelInitialize  rtx_evr.o
    0x00000ad0   0x00000ad0   0x0000000c   Code   RO          119    .text.EvrRtxKernelInitialized  rtx_evr.o
    0x00000adc   0x00000adc   0x0000000c   Code   RO          125    .text.EvrRtxKernelStart  rtx_evr.o
    0x00000ae8   0x00000ae8   0x0000000c   Code   RO          127    .text.EvrRtxKernelStarted  rtx_evr.o
    0x00000af4   0x00000af4   0x00000014   Code   RO          105    .text.EvrRtxMemoryAlloc  rtx_evr.o
    0x00000b08   0x00000b08   0x00000010   Code   RO          111    .text.EvrRtxMemoryBlockAlloc  rtx_evr.o
    0x00000b18   0x00000b18   0x00000014   Code   RO          113    .text.EvrRtxMemoryBlockFree  rtx_evr.o
    0x00000b2c   0x00000b2c   0x00000014   Code   RO          109    .text.EvrRtxMemoryBlockInit  rtx_evr.o
    0x00000b40   0x00000b40   0x00000014   Code   RO          107    .text.EvrRtxMemoryFree  rtx_evr.o
    0x00000b54   0x00000b54   0x00000010   Code   RO          103    .text.EvrRtxMemoryInit  rtx_evr.o
    0x00000b64   0x00000b64   0x0000000c   Code   RO          399    .text.EvrRtxMemoryPoolAllocTimeout  rtx_evr.o
    0x00000b70   0x00000b70   0x00000010   Code   RO          427    .text.EvrRtxMessageQueueCreated  rtx_evr.o
    0x00000b80   0x00000b80   0x0000000c   Code   RO          423    .text.EvrRtxMessageQueueError  rtx_evr.o
    0x00000b8c   0x00000b8c   0x00000014   Code   RO          443    .text.EvrRtxMessageQueueGet  rtx_evr.o
    0x00000ba0   0x00000ba0   0x00000014   Code   RO          445    .text.EvrRtxMessageQueueGetPending  rtx_evr.o
    0x00000bb4   0x00000bb4   0x0000000c   Code   RO          447    .text.EvrRtxMessageQueueGetTimeout  rtx_evr.o
    0x00000bc0   0x00000bc0   0x00000010   Code   RO          437    .text.EvrRtxMessageQueueInsertPending  rtx_evr.o
    0x00000bd0   0x00000bd0   0x00000010   Code   RO          439    .text.EvrRtxMessageQueueInserted  rtx_evr.o
    0x00000be0   0x00000be0   0x00000010   Code   RO          441    .text.EvrRtxMessageQueueNotInserted  rtx_evr.o
    0x00000bf0   0x00000bf0   0x00000010   Code   RO          451    .text.EvrRtxMessageQueueNotRetrieved  rtx_evr.o
    0x00000c00   0x00000c00   0x00000014   Code   RO          431    .text.EvrRtxMessageQueuePut  rtx_evr.o
    0x00000c14   0x00000c14   0x00000014   Code   RO          433    .text.EvrRtxMessageQueuePutPending  rtx_evr.o
    0x00000c28   0x00000c28   0x0000000c   Code   RO          435    .text.EvrRtxMessageQueuePutTimeout  rtx_evr.o
    0x00000c34   0x00000c34   0x00000010   Code   RO          449    .text.EvrRtxMessageQueueRetrieved  rtx_evr.o
    0x00000c44   0x00000c44   0x0000000c   Code   RO          343    .text.EvrRtxMutexAcquireTimeout  rtx_evr.o
    0x00000c50   0x00000c50   0x00000010   Code   RO          345    .text.EvrRtxMutexAcquired  rtx_evr.o
    0x00000c60   0x00000c60   0x00000010   Code   RO          351    .text.EvrRtxMutexReleased  rtx_evr.o
    0x00000c70   0x00000c70   0x0000000c   Code   RO          371    .text.EvrRtxSemaphoreAcquireTimeout  rtx_evr.o
    0x00000c7c   0x00000c7c   0x00000010   Code   RO          207    .text.EvrRtxThreadBlocked  rtx_evr.o
    0x00000c8c   0x00000c8c   0x00000018   Code   RO          165    .text.EvrRtxThreadCreated  rtx_evr.o
    0x00000ca4   0x00000ca4   0x0000000c   Code   RO          219    .text.EvrRtxThreadDestroyed  rtx_evr.o
    0x00000cb0   0x00000cb0   0x0000000c   Code   RO          161    .text.EvrRtxThreadError  rtx_evr.o
    0x00000cbc   0x00000cbc   0x0000000c   Code   RO          215    .text.EvrRtxThreadExit  rtx_evr.o
    0x00000cc8   0x00000cc8   0x0000000c   Code   RO          241    .text.EvrRtxThreadFlagsError  rtx_evr.o
    0x00000cd4   0x00000cd4   0x00000010   Code   RO          243    .text.EvrRtxThreadFlagsSet  rtx_evr.o
    0x00000ce4   0x00000ce4   0x00000010   Code   RO          245    .text.EvrRtxThreadFlagsSetDone  rtx_evr.o
    0x00000cf4   0x00000cf4   0x00000014   Code   RO          253    .text.EvrRtxThreadFlagsWait  rtx_evr.o
    0x00000d08   0x00000d08   0x00000014   Code   RO          259    .text.EvrRtxThreadFlagsWaitCompleted  rtx_evr.o
    0x00000d1c   0x00000d1c   0x00000010   Code   RO          261    .text.EvrRtxThreadFlagsWaitNotCompleted  rtx_evr.o
    0x00000d2c   0x00000d2c   0x00000014   Code   RO          255    .text.EvrRtxThreadFlagsWaitPending  rtx_evr.o
    0x00000d40   0x00000d40   0x0000000c   Code   RO          257    .text.EvrRtxThreadFlagsWaitTimeout  rtx_evr.o
    0x00000d4c   0x00000d4c   0x0000000c   Code   RO          205    .text.EvrRtxThreadJoined  rtx_evr.o
    0x00000d58   0x00000d58   0x00000014   Code   RO          163    .text.EvrRtxThreadNew  rtx_evr.o
    0x00000d6c   0x00000d6c   0x0000000c   Code   RO          211    .text.EvrRtxThreadPreempted  rtx_evr.o
    0x00000d78   0x00000d78   0x0000000c   Code   RO          213    .text.EvrRtxThreadSwitched  rtx_evr.o
    0x00000d84   0x00000d84   0x00000010   Code   RO          209    .text.EvrRtxThreadUnblocked  rtx_evr.o
    0x00000d94   0x00000d94   0x00000010   Code   RO          277    .text.EvrRtxTimerCallback  rtx_evr.o
    0x00000da4   0x00000da4   0x00000002   Code   RO         1203    .text.HardFault_Handler  startup_armcm4.o
    0x00000da6   0x00000da6   0x00000016   Code   RO          878    .text.IsIrqMasked   rtx_thread.o
    0x00000dbc   0x00000dbc   0x00000040   Code   RO          704    .text.MessageQueueGet  rtx_msgqueue.o
    0x00000dfc   0x00000dfc   0x00000058   Code   RO          700    .text.MessageQueuePut  rtx_msgqueue.o
    0x00000e54   0x00000e54   0x0000001c   Code   RO          698    .text.MessageQueueRemove  rtx_msgqueue.o
    0x00000e70   0x00000e70   0x00000008   Code   RO         1096    .text.OS_Tick_AcknowledgeIRQ  os_systick.o
    0x00000e78   0x00000e78   0x00000020   Code   RO         1092    .text.OS_Tick_Enable  os_systick.o
    0x00000e98   0x00000e98   0x00000014   Code   RO         1104    .text.OS_Tick_GetCount  os_systick.o
    0x00000eac   0x00000eac   0x00000006   Code   RO         1098    .text.OS_Tick_GetIRQn  os_systick.o
    0x00000eb2   0x00000eb2   0x00000002   PAD
    0x00000eb4   0x00000eb4   0x0000000c   Code   RO         1102    .text.OS_Tick_GetInterval  os_systick.o
    0x00000ec0   0x00000ec0   0x00000010   Code   RO         1106    .text.OS_Tick_GetOverflow  os_systick.o
    0x00000ed0   0x00000ed0   0x0000003c   Code   RO         1090    .text.OS_Tick_Setup  os_systick.o
    0x00000f0c   0x00000f0c   0x0000000a   Code   RO           24    .text.OUTLINED_FUNCTION_0  blinky.o
    0x00000f16   0x00000f16   0x00000006   Code   RO          469    .text.OUTLINED_FUNCTION_0  rtx_evr.o
    0x00000f1c   0x00000f1c   0x0000000c   Code   RO          551    .text.OUTLINED_FUNCTION_0  rtx_kernel.o
    0x00000f28   0x00000f28   0x0000000e   Code   RO          712    .text.OUTLINED_FUNCTION_0  rtx_msgqueue.o
    0x00000f36   0x00000f36   0x00000010   Code   RO         1002    .text.OUTLINED_FUNCTION_0  rtx_thread.o
    0x00000f46   0x00000f46   0x00000006   Code   RO           26    .text.OUTLINED_FUNCTION_1  blinky.o
    0x00000f4c   0x00000f4c   0x0000000c   Code   RO          471    .text.OUTLINED_FUNCTION_1  rtx_evr.o
    0x00000f58   0x00000f58   0x0000000c   Code   RO          553    .text.OUTLINED_FUNCTION_1  rtx_kernel.o
    0x00000f64   0x00000f64   0x0000000e   Code   RO          714    .text.OUTLINED_FUNCTION_1  rtx_msgqueue.o
    0x00000f72   0x00000f72   0x0000000c   Code   RO         1024    .text.OUTLINED_FUNCTION_11  rtx_thread.o
    0x00000f7e   0x00000f7e   0x0000000a   Code   RO         1030    .text.OUTLINED_FUNCTION_14  rtx_thread.o
    0x00000f88   0x00000f88   0x0000000a   Code   RO         1032    .text.OUTLINED_FUNCTION_15  rtx_thread.o
    0x00000f92   0x00000f92   0x00000008   Code   RO          473    .text.OUTLINED_FUNCTION_2  rtx_evr.o
    0x00000f9a   0x00000f9a   0x00000008   Code   RO          555    .text.OUTLINED_FUNCTION_2  rtx_kernel.o
    0x00000fa2   0x00000fa2   0x00000008   Code   RO          716    .text.OUTLINED_FUNCTION_2  rtx_msgqueue.o
    0x00000faa   0x00000faa   0x0000000c   Code   RO         1006    .text.OUTLINED_FUNCTION_2  rtx_thread.o
    0x00000fb6   0x00000fb6   0x00000008   Code   RO          475    .text.OUTLINED_FUNCTION_3  rtx_evr.o
    0x00000fbe   0x00000fbe   0x00000006   Code   RO          557    .text.OUTLINED_FUNCTION_3  rtx_kernel.o
    0x00000fc4   0x00000fc4   0x0000000c   Code   RO          718    .text.OUTLINED_FUNCTION_3  rtx_msgqueue.o
    0x00000fd0   0x00000fd0   0x0000000c   Code   RO         1008    .text.OUTLINED_FUNCTION_3  rtx_thread.o
    0x00000fdc   0x00000fdc   0x00000006   Code   RO          720    .text.OUTLINED_FUNCTION_4  rtx_msgqueue.o
    0x00000fe2   0x00000fe2   0x00000008   Code   RO         1014    .text.OUTLINED_FUNCTION_6  rtx_thread.o
    0x00000fea   0x00000fea   0x00000006   Code   RO         1016    .text.OUTLINED_FUNCTION_7  rtx_thread.o
    0x00000ff0   0x00000ff0   0x0000000c   Code   RO         1020    .text.OUTLINED_FUNCTION_9  rtx_thread.o
    0x00000ffc   0x00000ffc   0x00000008   Code   RO         1201    .text.Reset_Handler  startup_armcm4.o
    0x00001004   0x00001004   0x00000018   Code   RO            6    .text.Switch_Off    blinky.o
    0x0000101c   0x0000101c   0x00000018   Code   RO            4    .text.Switch_On     blinky.o
    0x00001034   0x00001034   0x00000020   Code   RO         1160    .text.SysTimerIsRunning  eventrecorder.o
    0x00001054   0x00001054   0x00000008   Code   RO         1213    .text.SystemCoreClockUpdate  system_armcm4.o
    0x0000105c   0x0000105c   0x0000002c   Code   RO         1215    .text.SystemInit    system_armcm4.o
    0x00001088   0x00001088   0x00000064   Code   RO          954    .text.ThreadFlagsCheck  rtx_thread.o
    0x000010ec   0x000010ec   0x00000044   Code   RO         1064    .text.TimerInsert   rtx_timer.o
    0x00001130   0x00001130   0x00000060   Code   RO           20    .text.app_main      blinky.o
    0x00001190   0x00001190   0x00000010   Code   RO           18    .text.clock         blinky.o
    0x000011a0   0x000011a0   0x00000014   Code   RO         1128    .text.fputc         retarget_io.o
    0x000011b4   0x000011b4   0x00000024   Code   RO           22    .text.main          blinky.o
    0x000011d8   0x000011d8   0x00000038   Code   RO           45    .text.osDelay       rtx_delay.o
    0x00001210   0x00001210   0x00000030   Code   RO          495    .text.osKernelGetState  rtx_kernel.o
    0x00001240   0x00001240   0x00000024   Code   RO          527    .text.osKernelGetSysTimerCount  rtx_kernel.o
    0x00001264   0x00001264   0x00000030   Code   RO          489    .text.osKernelInitialize  rtx_kernel.o
    0x00001294   0x00001294   0x0000002c   Code   RO          499    .text.osKernelStart  rtx_kernel.o
    0x000012c0   0x000012c0   0x00000090   Code   RO          674    .text.osMessageQueueGet  rtx_msgqueue.o
    0x00001350   0x00001350   0x0000008c   Code   RO          672    .text.osMessageQueuePut  rtx_msgqueue.o
    0x000013dc   0x000013dc   0x00000002   Code   RO         1119    .text.osRtxErrorNotify  rtx_config.o
    0x000013de   0x000013de   0x00000002   Code   RO         1117    .text.osRtxIdleThread  rtx_config.o
    0x000013e0   0x000013e0   0x000000d4   Code   RO          569    .text.osRtxKernelBeforeInit  rtx_lib.o
    0x000014b4   0x000014b4   0x00000016   Code   RO          487    .text.osRtxKernelErrorNotify  rtx_kernel.o
    0x000014ca   0x000014ca   0x0000007c   Code   RO          592    .text.osRtxMemoryAlloc  rtx_memory.o
    0x00001546   0x00001546   0x0000004c   Code   RO          594    .text.osRtxMemoryFree  rtx_memory.o
    0x00001592   0x00001592   0x0000003e   Code   RO          590    .text.osRtxMemoryInit  rtx_memory.o
    0x000015d0   0x000015d0   0x00000044   Code   RO          606    .text.osRtxMemoryPoolAlloc  rtx_mempool.o
    0x00001614   0x00001614   0x00000056   Code   RO          608    .text.osRtxMemoryPoolFree  rtx_mempool.o
    0x0000166a   0x0000166a   0x0000004a   Code   RO          604    .text.osRtxMemoryPoolInit  rtx_mempool.o
    0x000016b4   0x000016b4   0x000000de   Code   RO          696    .text.osRtxMessageQueuePostProcess  rtx_msgqueue.o
    0x00001792   0x00001792   0x00000002   PAD
    0x00001794   0x00001794   0x00000024   Code   RO          662    .text.osRtxMessageQueueTimerSetup  rtx_msgqueue.o
    0x000017b8   0x000017b8   0x00000058   Code   RO          734    .text.osRtxMutexOwnerRelease  rtx_mutex.o
    0x00001810   0x00001810   0x00000048   Code   RO          736    .text.osRtxMutexOwnerRestore  rtx_mutex.o
    0x00001858   0x00001858   0x00000088   Code   RO          820    .text.osRtxPendSV_Handler  rtx_system.o
    0x000018e0   0x000018e0   0x00000070   Code   RO          822    .text.osRtxPostProcess  rtx_system.o
    0x00001950   0x00001950   0x00000002   Code   RO          870    .text.osRtxThreadBeforeFree  rtx_thread.o
    0x00001952   0x00001952   0x00000002   PAD
    0x00001954   0x00001954   0x0000003c   Code   RO          854    .text.osRtxThreadBlock  rtx_thread.o
    0x00001990   0x00001990   0x0000007c   Code   RO          860    .text.osRtxThreadDelayInsert  rtx_thread.o
    0x00001a0c   0x00001a0c   0x0000003c   Code   RO          842    .text.osRtxThreadDelayRemove  rtx_thread.o
    0x00001a48   0x00001a48   0x000000bc   Code   RO          844    .text.osRtxThreadDelayTick  rtx_thread.o
    0x00001b04   0x00001b04   0x00000034   Code   RO          866    .text.osRtxThreadDestroy  rtx_thread.o
    0x00001b38   0x00001b38   0x00000054   Code   RO          852    .text.osRtxThreadDispatch  rtx_thread.o
    0x00001b8c   0x00001b8c   0x0000005c   Code   RO          868    .text.osRtxThreadFree  rtx_thread.o
    0x00001be8   0x00001be8   0x00000024   Code   RO          864    .text.osRtxThreadJoinWakeup  rtx_thread.o
    0x00001c0c   0x00001c0c   0x00000012   Code   RO          834    .text.osRtxThreadListGet  rtx_thread.o
    0x00001c1e   0x00001c1e   0x0000002c   Code   RO          832    .text.osRtxThreadListPut  rtx_thread.o
    0x00001c4a   0x00001c4a   0x00000014   Code   RO          838    .text.osRtxThreadListRemove  rtx_thread.o
    0x00001c5e   0x00001c5e   0x0000000c   Code   RO          846    .text.osRtxThreadListRoot  rtx_thread.o
    0x00001c6a   0x00001c6a   0x00000026   Code   RO          836    .text.osRtxThreadListSort  rtx_thread.o
    0x00001c90   0x00001c90   0x00000030   Code   RO          952    .text.osRtxThreadPostProcess  rtx_thread.o
    0x00001cc0   0x00001cc0   0x00000010   Code   RO          840    .text.osRtxThreadReadyPut  rtx_thread.o
    0x00001cd0   0x00001cd0   0x00000014   Code   RO          848    .text.osRtxThreadRegPtr  rtx_thread.o
    0x00001ce4   0x00001ce4   0x0000001c   Code   RO          862    .text.osRtxThreadStackCheck  rtx_thread.o
    0x00001d00   0x00001d00   0x0000003c   Code   RO          872    .text.osRtxThreadStartup  rtx_thread.o
    0x00001d3c   0x00001d3c   0x00000024   Code   RO          850    .text.osRtxThreadSwitch  rtx_thread.o
    0x00001d60   0x00001d60   0x00000044   Code   RO          858    .text.osRtxThreadWaitEnter  rtx_thread.o
    0x00001da4   0x00001da4   0x00000036   Code   RO          856    .text.osRtxThreadWaitExit  rtx_thread.o
    0x00001dda   0x00001dda   0x00000002   PAD
    0x00001ddc   0x00001ddc   0x00000078   Code   RO          818    .text.osRtxTick_Handler  rtx_system.o
    0x00001e54   0x00001e54   0x0000001c   Code   RO         1044    .text.osRtxTimerSetup  rtx_timer.o
    0x00001e70   0x00001e70   0x00000028   Code   RO         1048    .text.osRtxTimerThread  rtx_timer.o
    0x00001e98   0x00001e98   0x00000070   Code   RO         1046    .text.osRtxTimerTick  rtx_timer.o
    0x00001f08   0x00001f08   0x00000006   Code   RO          950    .text.osThreadEntry  rtx_thread.o
    0x00001f0e   0x00001f0e   0x00000002   PAD
    0x00001f10   0x00001f10   0x0000001c   Code   RO          916    .text.osThreadExit  rtx_thread.o
    0x00001f2c   0x00001f2c   0x0000007c   Code   RO          942    .text.osThreadFlagsSet  rtx_thread.o
    0x00001fa8   0x00001fa8   0x00000034   Code   RO          948    .text.osThreadFlagsWait  rtx_thread.o
    0x00001fdc   0x00001fdc   0x0000003c   Code   RO          876    .text.osThreadNew   rtx_thread.o
    0x00002018   0x00002018   0x00000024   Code   RO           10    .text.phaseA        blinky.o
    0x0000203c   0x0000203c   0x00000024   Code   RO           12    .text.phaseB        blinky.o
    0x00002060   0x00002060   0x00000024   Code   RO           14    .text.phaseC        blinky.o
    0x00002084   0x00002084   0x00000024   Code   RO           16    .text.phaseD        blinky.o
    0x000020a8   0x000020a8   0x00000044   Code   RO            8    .text.signal_func   blinky.o
    0x000020ec   0x000020ec   0x0000003c   Code   RO         1146    .text.stdout_putchar  stdout_evr.o
    0x00002128   0x00002128   0x00000034   Code   RO           49    .text.svcRtxDelay   rtx_delay.o
    0x0000215c   0x0000215c   0x00000008   Code   RO          497    .text.svcRtxKernelGetState  rtx_kernel.o
    0x00002164   0x00002164   0x00000028   Code   RO          529    .text.svcRtxKernelGetSysTimerCount  rtx_kernel.o
    0x0000218c   0x0000218c   0x00000108   Code   RO          535    .text.svcRtxKernelInitialize  rtx_kernel.o
    0x00002294   0x00002294   0x00000088   Code   RO          537    .text.svcRtxKernelStart  rtx_kernel.o
    0x0000231c   0x0000231c   0x000000f4   Code   RO          706    .text.svcRtxMessageQueueGet  rtx_msgqueue.o
    0x00002410   0x00002410   0x00000148   Code   RO          664    .text.svcRtxMessageQueueNew  rtx_msgqueue.o
    0x00002558   0x00002558   0x000000d0   Code   RO          702    .text.svcRtxMessageQueuePut  rtx_msgqueue.o
    0x00002628   0x00002628   0x0000005c   Code   RO          978    .text.svcRtxThreadExit  rtx_thread.o
    0x00002684   0x00002684   0x0000007c   Code   RO          994    .text.svcRtxThreadFlagsSet  rtx_thread.o
    0x00002700   0x00002700   0x00000090   Code   RO         1000    .text.svcRtxThreadFlagsWait  rtx_thread.o
    0x00002790   0x00002790   0x00000228   Code   RO          874    .text.svcRtxThreadNew  rtx_thread.o
    0x000029b8   0x000029b8   0x00000020   Code   RO         1284    i.__0printf$1       mc_w.l(printf1.o)
    0x000029d8   0x000029d8   0x0000000e   Code   RO         1550    i.__scatterload_copy  mc_w.l(handlers.o)
    0x000029e6   0x000029e6   0x00000002   Code   RO         1551    i.__scatterload_null  mc_w.l(handlers.o)
    0x000029e8   0x000029e8   0x0000000e   Code   RO         1552    i.__scatterload_zeroinit  mc_w.l(handlers.o)
    0x000029f6   0x000029f6   0x00000002   PAD
    0x000029f8   0x000029f8   0x00000154   Code   RO         1291    i._printf_core      mc_w.l(printf1.o)
    0x00002b4c   0x00002b4c   0x00000070   Data   RO          575    .rodata             rtx_lib.o
    0x00002bbc   0x00002bbc   0x00000038   Data   RO          578    .rodata             rtx_lib.o
    0x00002bf4   0x00002bf4   0x00000018   Data   RO         1189    .rodata.EventRecorderInfo  eventrecorder.o
    0x00002c0c   0x00002c0c   0x00000004   Data   RO          577    .rodata.osRtxUserSVC  rtx_lib.o
    0x00002c10   0x00002c10   0x00000024   Data   RO          572    .rodata.os_idle_thread_attr  rtx_lib.o
    0x00002c34   0x00002c34   0x00000018   Data   RO          574    .rodata.os_timer_mq_attr  rtx_lib.o
    0x00002c4c   0x00002c4c   0x00000024   Data   RO          573    .rodata.os_timer_thread_attr  rtx_lib.o
    0x00002c70   0x00002c70   0x0000000b   Data   RO          559    .rodata.str1.4      rtx_kernel.o
    0x00002c7b   0x00002c7b   0x00000001   PAD
    0x00002c7c   0x00002c7c   0x00000020   Data   RO         1549    Region$$Table       anon$$obj.o


    Execution Region RW_NOINIT (Exec base: 0x20000000, Load base: 0x00002c9c, Size: 0x000004a4, Max: 0x0001e800, ABSOLUTE, UNINIT)

    Exec Addr    Load Addr    Size         Type   Attr      Idx    E Section Name        Object

    0x20000000        -       0x000004a4   Zero   RW         1188    .bss.noinit         eventrecorder.o


    Execution Region RW_RAM (Exec base: 0x200004a8, Load base: 0x00002ca0, Size: 0x00001648, Max: 0x0001e358, ABSOLUTE)

    Exec Addr    Load Addr    Size         Type   Attr      Idx    E Section Name        Object

    0x200004a8   0x00002ca0   0x00000004   Data   RW         1231    .data               mc_w.l(stdout.o)
    0x200004ac   0x00002ca4   0x00000004   Data   RW         1217    .data.SystemCoreClock  system_armcm4.o
    0x200004b0   0x00002ca8   0x000000a4   Data   RW          560    .data.os            rtx_kernel.o
    0x20000554   0x00002d4c   0x00000004   PAD
    0x20000558        -       0x00000024   Zero   RW           29    .bss..L_MergedGlobals  blinky.o
    0x2000057c        -       0x0000000c   Zero   RW         1148    .bss..L_MergedGlobals  stdout_evr.o
    0x20000588        -       0x00001040   Zero   RW          571    .bss.os             rtx_lib.o
    0x200015c8        -       0x00000001   Zero   RW         1108    .bss.os             os_systick.o
    0x200015c9   0x00002d4c   0x00000003   PAD
    0x200015cc        -       0x00000034   Zero   RW          582    .bss.os.msgqueue.cb  rtx_lib.o
    0x20001600        -       0x00000050   Zero   RW          583    .bss.os.msgqueue.mem  rtx_lib.o
    0x20001650        -       0x000000a0   Zero   RW          579    .bss.os.thread.cb   rtx_lib.o
    0x200016f0        -       0x00000200   Zero   RW          580    .bss.os.thread.idle.stack  rtx_lib.o
    0x200018f0        -       0x00000200   Zero   RW          581    .bss.os.thread.timer.stack  rtx_lib.o


    Execution Region RW_EVR (Exec base: 0x20001af0, Load base: 0x00002d50, Size: 0x00000004, Max: 0x00000800, ABSOLUTE, UNINIT)

    Exec Addr    Load Addr    Size         Type   Attr      Idx    E Section Name        Object

    0x20001af0        -       0x00000001   Zero   RW         1190    .bss.SysTimerState  eventrecorder.o


    Execution Region ARM_LIB_HEAP (Exec base: 0x20001af8, Load base: 0x00002d50, Size: 0x00000c00, Max: 0x00000c00, ABSOLUTE)

    Exec Addr    Load Addr    Size         Type   Attr      Idx    E Section Name        Object

    0x20001af8        -       0x00000c00   Zero   RW            1    ARM_LIB_HEAP.bss    anon$$obj.o


    Execution Region ARM_LIB_STACK (Exec base: 0x2001fc00, Load base: 0x00002d50, Size: 0x00000400, Max: 0x00000400, ABSOLUTE)

    Exec Addr    Load Addr    Size         Type   Attr      Idx    E Section Name        Object

    0x2001fc00        -       0x00000400   Zero   RW            2    ARM_LIB_STACK.bss   anon$$obj.o


==============================================================================

Image component sizes


      Code (inc. data)   RO Data    RW Data    ZI Data      Debug   Object Name

       424         76          0          0         36       4108   blinky.o
      1374         60         24          0       1189      10139   eventrecorder.o
       192         12          0          0          0        751   irq_armv7m.o
       154         20          0          0          1       3596   os_systick.o
        20          4          0          0          0       2059   retarget_io.o
         4          0          0          0          0        704   rtx_config.o
       108          4          0          0          0       3242   rtx_delay.o
       850        188          0          0          0      33762   rtx_evr.o
       684         40         11        164          0      20196   rtx_kernel.o
       212          8        268          0       5476       6113   rtx_lib.o
       262          0          0          0          0       2789   rtx_memory.o
       228          0          0          0          0      16039   rtx_mempool.o
      1556         24          0          0          0      20061   rtx_msgqueue.o
       160          0          0          0          0      11222   rtx_mutex.o
       368         14          0          0          0       5756   rtx_system.o
      2562         86          0          0          0      40837   rtx_thread.o
       248          8          0          0          0      11345   rtx_timer.o
        12          0        960          0          0        890   startup_armcm4.o
        60          8          0          0         12        957   stdout_evr.o
        52         16          0          4          0       1495   system_armcm4.o

    ----------------------------------------------------------------------
      9548        568       1296        168      10820     196061   Object Totals
         0          0         32          0       4096          0   (incl. Generated)
        18          0          1          0         10          0   (incl. Padding)

    ----------------------------------------------------------------------

      Code (inc. data)   RO Data    RW Data    ZI Data      Debug   Library Member Name

         0          0          0          0          0          0   entry.o
         0          0          0          0          0          0   entry10a.o
         0          0          0          0          0          0   entry11a.o
         8          4          0          0          0          0   entry4.o
         4          0          0          0          0          0   entry5.o
         0          0          0          0          0          0   entry7b.o
         0          0          0          0          0          0   entry8b.o
         8          4          0          0          0          0   entry9a.o
        30          0          0          0          0          0   handlers.o
        36          8          0          0          0         68   init.o
        36          0          0          0          0         68   memcpya.o
        36          0          0          0          0        108   memseta.o
       372         14          0          0          0        184   printf1.o
         0          0          0          4          0          0   stdout.o
        44          0          0          0          0         80   uidiv.o

    ----------------------------------------------------------------------
       576         30          0          4          0        508   Library Totals
         2          0          0          0          0          0   (incl. Padding)

    ----------------------------------------------------------------------

      Code (inc. data)   RO Data    RW Data    ZI Data      Debug   Library Name

       574         30          0          4          0        508   mc_w.l

    ----------------------------------------------------------------------
       576         30          0          4          0        508   Library Totals

    ----------------------------------------------------------------------

==============================================================================


      Code (inc. data)   RO Data    RW Data    ZI Data      Debug   

     10124        598       1296        172      10820     196257   Grand Totals
     10124        598       1296        172      10820     196257   ELF Image Totals
     10124        598       1296        172          0          0   ROM Totals

==============================================================================

    Total RO  Size (Code + RO Data)                11420 (  11.15kB)
    Total RW  Size (RW Data + ZI Data)             10992 (  10.73kB)
    Total ROM Size (Code + RO Data + RW Data)      11592 (  11.32kB)

==============================================================================

